<html>
<body>
<pre>
<h1>µVision Build Log</h1>
<h2>Tool Versions:</h2>
IDE-Version: ÂµVision V5.29.0.0
Copyright (C) 2019 ARM Ltd and ARM Germany GmbH. All rights reserved.
License Information: Silin Chen, HP Inc., LIC=----
 
Tool Versions:
Toolchain:       MDK-Lite  Version: 5.29.0.0
Toolchain Path:  D:\MDK-ARM\ARM\ARMCC\Bin
C Compiler:      Armcc.exe V5.06 update 6 (build 750)
Assembler:       Armasm.exe V5.06 update 6 (build 750)
Linker/Locator:  ArmLink.exe V5.06 update 6 (build 750)
Library Manager: ArmAr.exe V5.06 update 6 (build 750)
Hex Converter:   FromElf.exe V5.06 update 6 (build 750)
CPU DLL:         SARMCM3.DLL V5.29.0.0
Dialog DLL:      DARMCM1.DLL V1.19.2.0
Target DLL:      CMSIS_AGDI.dll V1.32.0.0
Dialog DLL:      TARMCM1.DLL V1.14.1.0
 
<h2>Project:</h2>
C:\Users\Chen Silin\Desktop\sem 3\CG2271\CG2271-project\project.uvprojx
Project File Date:  11/09/2021

<h2>Output:</h2>
*** Using Compiler 'V5.06 update 6 (build 750)', folder: 'D:\MDK-ARM\ARM\ARMCC\Bin'
Rebuild target 'Target 1'
compiling RTX_Config.c...
compiling common.c...
compiling pwm.c...
compiling audio.c...
PWM.h(8): warning:  #1295-D: Deprecated declaration set_clock_source - give arg types
  void set_clock_source();
ShareVariable.h(13): warning:  #1-D: last line of file ends without a newline
  #endif
audio.c(71): warning:  #39-D: division by zero
  			TPM0->MOD = FREQ_2_MOD(0);
audio.c(72): warning:  #39-D: division by zero
  			TPM0_C2V = FREQ_2_MOD(0);
audio.c(81): warning:  #39-D: division by zero
  			TPM0->MOD = FREQ_2_MOD(0);
audio.c(82): warning:  #39-D: division by zero
  			TPM0_C2V = FREQ_2_MOD(0);
audio.c: 6 warnings, 0 errors
compiling UART.c...
compiling LEDModule.c...
ShareVariable.h(13): warning:  #1-D: last line of file ends without a newline
  #endif
LEDModule.c(63): warning:  #1-D: last line of file ends without a newline
  }
LEDModule.c: 2 warnings, 0 errors
compiling ultrasonic.c...
ShareVariable.h(13): warning:  #1-D: last line of file ends without a newline
  #endif
ultrasonic.c(58): warning:  #1-D: last line of file ends without a newline
  	
ultrasonic.c: 2 warnings, 0 errors
compiling motor.c...
pwm.h(8): warning:  #1295-D: Deprecated declaration set_clock_source - give arg types
  void set_clock_source();
ShareVariable.h(13): warning:  #1-D: last line of file ends without a newline
  #endif
motor.c: 2 warnings, 0 errors
compiling rtx_lib.c...
compiling main.c...
motor.h(3): warning:  #1295-D: Deprecated declaration moving_forward_auto - give arg types
  void moving_forward_auto();
motor.h(4): warning:  #1295-D: Deprecated declaration moving_forward - give arg types
  void moving_forward();
motor.h(5): warning:  #1295-D: Deprecated declaration moving_backward - give arg types
  void moving_backward();
motor.h(6): warning:  #1295-D: Deprecated declaration moving_left - give arg types
  void moving_left();
motor.h(7): warning:  #1295-D: Deprecated declaration moving_right - give arg types
  void moving_right();
motor.h(8): warning:  #1295-D: Deprecated declaration stop - give arg types
  void stop();
motor.h(10): warning:  #1295-D: Deprecated declaration initMotor - give arg types
  void initMotor();
motor.h(11): warning:  #1295-D: Deprecated declaration moving_right_backward - give arg types
  void moving_right_backward();
motor.h(12): warning:  #1295-D: Deprecated declaration moving_left_backward - give arg types
  void moving_left_backward();
motor.h(13): warning:  #1295-D: Deprecated declaration moving_right_forward - give arg types
  void moving_right_forward();
motor.h(14): warning:  #1295-D: Deprecated declaration moving_left_forward - give arg types
  void moving_left_forward();
audio.h(14): warning:  #1-D: last line of file ends without a newline
  #endif
ultra.h(3): warning:  #1295-D: Deprecated declaration initTPM2 - give arg types
  void initTPM2();
ultra.h(4): warning:  #1295-D: Deprecated declaration tUltrasonic - give arg types
  void tUltrasonic();
ultra.h(5): warning:  #1-D: last line of file ends without a newline
  #endif
PWM.h(8): warning:  #1295-D: Deprecated declaration set_clock_source - give arg types
  void set_clock_source();
UART.h(3): warning:  #1295-D: Deprecated declaration initUART2 - give arg types
  void initUART2();
main.c(173): warning:  #167-D: argument of type "void (*)()" is incompatible with parameter of type "osThreadFunc_t"
  	osThreadNew(auto_drive_thread, NULL, NULL);
main.c: 18 warnings, 0 errors
compiling GPIO.c...
assembling startup_MKL25Z4.s...
compiling system_MKL25Z4.c...
linking...
Program Size: Code=13404 RO-data=500 RW-data=5528 ZI-data=360  
".\Objects\project.axf" - 0 Error(s), 30 Warning(s).

<h2>Software Packages used:</h2>

Package Vendor: ARM
                http://www.keil.com/pack/ARM.CMSIS.5.6.0.pack
                ARM.CMSIS.5.6.0
                CMSIS (Cortex Microcontroller Software Interface Standard)
   * Component: RTOS2 Version: 2.1.3
   * Component: CORE Version: 5.3.0
   * Component: Keil RTX5 Variant: Library Version: 5.5.1

Package Vendor: Keil
                http://www.keil.com/pack/Keil.Kinetis_KLxx_DFP.1.15.0.pack
                Keil.Kinetis_KLxx_DFP.1.15.0
                NXP Kinetis KLxx Series Device Support and Examples
   * Component: Startup Version: 2.5.0

<h2>Collection of Component include folders:</h2>
  .\RTE\CMSIS
  .\RTE\Device\MKL25Z128xxx4
  .\RTE\_Target_1
  C:\Users\Chen Silin\AppData\Local\Arm\Packs\ARM\CMSIS\5.6.0\CMSIS\Core\Include
  C:\Users\Chen Silin\AppData\Local\Arm\Packs\ARM\CMSIS\5.6.0\CMSIS\RTOS2\Include
  C:\Users\Chen Silin\AppData\Local\Arm\Packs\ARM\CMSIS\5.6.0\CMSIS\RTOS2\RTX\Include
  C:\Users\Chen Silin\AppData\Local\Arm\Packs\Keil\Kinetis_KLxx_DFP\1.15.0\Device\Include

<h2>Collection of Component Files used:</h2>

   * Component: ::CMSIS:RTOS2:2.1.3 (API)
      Include file:  CMSIS\RTOS2\Include\cmsis_os2.h

   * Component: ARM::CMSIS:CORE:5.3.0

   * Component: ARM::CMSIS:RTOS2:Keil RTX5:Library:5.5.1
      Include file:  CMSIS\RTOS2\RTX\Config\RTX_Config.h
      Source file:   CMSIS\RTOS2\RTX\Template\Events.c
      Source file:   CMSIS\RTOS2\RTX\Template\Mutex.c
      Source file:   CMSIS\RTOS2\RTX\Template\Semaphore.c
      Source file:   CMSIS\RTOS2\RTX\Template\MsgQueue.c
      Source file:   CMSIS\RTOS2\RTX\Template\Thread.c
      Include file:  CMSIS\RTOS2\RTX\Include\rtx_os.h
      Source file:   CMSIS\RTOS2\RTX\Config\RTX_Config.c
      Source file:   CMSIS\RTOS2\RTX\Template\main.c
      Source file:   CMSIS\RTOS2\RTX\Template\MemPool.c
      Source file:   CMSIS\RTOS2\RTX\Template\Timer.c
      Library file:  CMSIS\RTOS2\RTX\Library\ARM\RTX_CM0.lib
      Source file:   CMSIS\RTOS2\RTX\Template\svc_user.c
      Source file:   CMSIS\RTOS2\RTX\Source\rtx_lib.c

   * Component: Keil::Device:Startup:2.5.0
      Source file:   Device\Source\system_MKL25Z4.c
      Include file:  Device\Source\system_MKL25Z4.h
      Source file:   Device\Source\ARM\startup_MKL25Z4.s
Build Time Elapsed:  00:00:01
</pre>
</body>
</html>
