Component: ARM Compiler 5.06 update 6 (build 750) Tool: armlink [4d35ed]

==============================================================================

Section Cross References

    gpio.o(i.initGPIO) refers to gpio.o(i.getGPIO) for getGPIO
    gpio.o(i.setPin) refers to gpio.o(i.getGPIO) for getGPIO
    ledmodule.o(i.flash_back) refers to ledmodule.o(i.offLED) for offLED
    ledmodule.o(i.flash_back) refers to rtx_delay.o(.text.osDelay) for osDelay
    ledmodule.o(i.flash_back) refers to gpio.o(i.setPin) for setPin
    ledmodule.o(i.flash_back) refers to main.o(.data) for pinC
    ledmodule.o(i.flash_front) refers to ledmodule.o(i.offLED) for offLED
    ledmodule.o(i.flash_front) refers to rtx_delay.o(.text.osDelay) for osDelay
    ledmodule.o(i.flash_front) refers to gpio.o(i.setPin) for setPin
    ledmodule.o(i.flash_front) refers to ledmodule.o(i.lightUpALL) for lightUpALL
    ledmodule.o(i.flash_front) refers to main.o(.data) for pinE
    ledmodule.o(i.initLED) refers to gpio.o(i.initGPIO) for initGPIO
    ledmodule.o(i.lightUpALL) refers to gpio.o(i.setPin) for setPin
    ledmodule.o(i.offLED) refers to gpio.o(i.setPin) for setPin
    ledmodule.o(i.onLED) refers to gpio.o(i.setPin) for setPin
    pwm.o(i.initChannel) refers to pwm.o(i.__ARM_common_switch8) for __ARM_common_switch8
    pwm.o(i.initPWM) refers to pwm.o(i.initPort) for initPort
    pwm.o(i.initPWM) refers to pwm.o(i.enableTPM) for enableTPM
    pwm.o(i.initPWM) refers to pwm.o(i.set_clock_source) for set_clock_source
    pwm.o(i.initPWM) refers to pwm.o(i.initTimer) for initTimer
    pwm.o(i.initPWM) refers to pwm.o(i.initChannel) for initChannel
    pwm.o(i.initPWM) refers to pwm.o(i.set_duty_cycle) for set_duty_cycle
    pwm.o(i.set_duty_cycle) refers to pwm.o(i.__ARM_common_switch8) for __ARM_common_switch8
    uart.o(i.initUART2) refers to aeabi_sdiv.o(.text) for __aeabi_uidivmod
    uart.o(i.initUART2) refers to uart.o(i.__NVIC_SetPriority) for __NVIC_SetPriority
    main.o(i.TPM2_IRQHandler) refers to main.o(i.__NVIC_ClearPendingIRQ) for __NVIC_ClearPendingIRQ
    main.o(i.TPM2_IRQHandler) refers to dflti.o(.text) for __aeabi_ui2d
    main.o(i.TPM2_IRQHandler) refers to dmul.o(.text) for __aeabi_dmul
    main.o(i.TPM2_IRQHandler) refers to dfixi.o(.text) for __aeabi_d2iz
    main.o(i.TPM2_IRQHandler) refers to rtx_semaphore.o(.text.osSemaphoreRelease) for osSemaphoreRelease
    main.o(i.TPM2_IRQHandler) refers to main.o(.data) for ultrasonicRising
    main.o(i.UART2_IRQHandler) refers to main.o(i.__NVIC_ClearPendingIRQ) for __NVIC_ClearPendingIRQ
    main.o(i.UART2_IRQHandler) refers to rtx_semaphore.o(.text.osSemaphoreRelease) for osSemaphoreRelease
    main.o(i.UART2_IRQHandler) refers to main.o(.data) for receive_data
    main.o(i.auto_drive_thread) refers to rtx_semaphore.o(.text.osSemaphoreAcquire) for osSemaphoreAcquire
    main.o(i.auto_drive_thread) refers to motor.o(i.moving_forward) for moving_forward
    main.o(i.auto_drive_thread) refers to motor.o(i.moving_backward) for moving_backward
    main.o(i.auto_drive_thread) refers to rtx_delay.o(.text.osDelay) for osDelay
    main.o(i.auto_drive_thread) refers to motor.o(i.stop) for stop
    main.o(i.auto_drive_thread) refers to motor.o(i.moving_left) for moving_left
    main.o(i.auto_drive_thread) refers to motor.o(i.moving_forward_auto) for moving_forward_auto
    main.o(i.auto_drive_thread) refers to motor.o(i.moving_right) for moving_right
    main.o(i.auto_drive_thread) refers to main.o(.data) for autoSem
    main.o(i.brain_thread) refers to rtx_semaphore.o(.text.osSemaphoreAcquire) for osSemaphoreAcquire
    main.o(i.brain_thread) refers to pwm.o(i.__ARM_common_switch8) for __ARM_common_switch8
    main.o(i.brain_thread) refers to rtx_msgqueue.o(.text.osMessageQueuePut) for osMessageQueuePut
    main.o(i.brain_thread) refers to main.o(.data) for brainSem
    main.o(i.main) refers to system_mkl25z4.o(i.SystemCoreClockUpdate) for SystemCoreClockUpdate
    main.o(i.main) refers to motor.o(i.initMotor) for initMotor
    main.o(i.main) refers to uart.o(i.initUART2) for initUART2
    main.o(i.main) refers to audio.o(i.iniAudio) for iniAudio
    main.o(i.main) refers to ultrasonic.o(i.initTPM2) for initTPM2
    main.o(i.main) refers to ledmodule.o(i.initLED) for initLED
    main.o(i.main) refers to ledmodule.o(i.offLED) for offLED
    main.o(i.main) refers to ledmodule.o(i.lightUpALL) for lightUpALL
    main.o(i.main) refers to motor.o(i.stop) for stop
    main.o(i.main) refers to rtx_kernel.o(.text.osKernelInitialize) for osKernelInitialize
    main.o(i.main) refers to rtx_semaphore.o(.text.osSemaphoreNew) for osSemaphoreNew
    main.o(i.main) refers to rtx_msgqueue.o(.text.osMessageQueueNew) for osMessageQueueNew
    main.o(i.main) refers to rtx_thread.o(.text.osThreadNew) for osThreadNew
    main.o(i.main) refers to rtx_kernel.o(.text.osKernelStart) for osKernelStart
    main.o(i.main) refers to main.o(.data) for pinE
[...]
    .ARM.Collect$$rtexit$$00000004           0x00000148   Section        6  rtexit2.o(.ARM.Collect$$rtexit$$00000004)
    .emb_text                                0x00000150   Section       56  rt_memcpy.o(.emb_text)
    .text                                    0x00000188   Section       64  startup_mkl25z4.o(.text)
    .text                                    0x000001c8   Section      164  irq_cm0.o(.text)
    .text                                    0x0000026c   Section        0  rt_memcpy.o(.text)
    .text                                    0x000002ee   Section        0  rt_memclr.o(.text)
    .text                                    0x0000032e   Section        0  heapauxi.o(.text)
    .text                                    0x00000334   Section        0  dfixi.o(.text)
    .text                                    0x000003a0   Section        0  dflti.o(.text)
    .text                                    0x000003f8   Section        8  libspace.o(.text)
    .ARM.__at_0x400                          0x00000400   Section       16  startup_mkl25z4.o(.ARM.__at_0x400)
    .text                                    0x00000410   Section      346  aeabi_sdiv.o(.text)
    .text                                    0x0000056c   Section        0  dmul.o(.text)
    .text                                    0x000007b4   Section       62  sys_stackheap_outer.o(.text)
    .text                                    0x000007f2   Section        0  exit.o(.text)
    .text                                    0x00000804   Section        0  sys_exit.o(.text)
    .text                                    0x00000810   Section        2  use_no_semi.o(.text)
    .text                                    0x00000812   Section        0  indicate_semi.o(.text)
    .text                                    0x00000812   Section        0  __dczerorl2.o(.text)
    [Anonymous Symbol]                       0x00000868   Section        0  rtx_msgqueue.o(.text.MessageQueueGet)
    MessageQueueGet                          0x00000869   Thumb Code    76  rtx_msgqueue.o(.text.MessageQueueGet)
    [Anonymous Symbol]                       0x000008b4   Section        0  rtx_msgqueue.o(.text.MessageQueuePut)
    MessageQueuePut                          0x000008b5   Thumb Code    98  rtx_msgqueue.o(.text.MessageQueuePut)
    [Anonymous Symbol]                       0x00000916   Section        0  rtx_msgqueue.o(.text.MessageQueueRemove)
    MessageQueueRemove                       0x00000917   Thumb Code    30  rtx_msgqueue.o(.text.MessageQueueRemove)
    [Anonymous Symbol]                       0x00000934   Section        0  os_systick.o(.text.OS_Tick_AcknowledgeIRQ)
    __arm_cp.3_0                             0x0000093c   Number         4  os_systick.o(.text.OS_Tick_AcknowledgeIRQ)
    [Anonymous Symbol]                       0x00000940   Section        0  os_systick.o(.text.OS_Tick_Enable)
    __arm_cp.1_0                             0x00000960   Number         4  os_systick.o(.text.OS_Tick_Enable)
    __arm_cp.1_1                             0x00000964   Number         4  os_systick.o(.text.OS_Tick_Enable)
    __arm_cp.1_2                             0x00000968   Number         4  os_systick.o(.text.OS_Tick_Enable)
    [Anonymous Symbol]                       0x0000096c   Section        0  os_systick.o(.text.OS_Tick_GetIRQn)
    [Anonymous Symbol]                       0x00000974   Section        0  os_systick.o(.text.OS_Tick_Setup)
    __arm_cp.0_0                             0x000009b0   Number         4  os_systick.o(.text.OS_Tick_Setup)
    __arm_cp.0_1                             0x000009b4   Number         4  os_systick.o(.text.OS_Tick_Setup)
    __arm_cp.0_2                             0x000009b8   Number         4  os_systick.o(.text.OS_Tick_Setup)
    __arm_cp.0_3                             0x000009bc   Number         4  os_systick.o(.text.OS_Tick_Setup)
    [Anonymous Symbol]                       0x000009c0   Section        0  rtx_semaphore.o(.text.SemaphoreTokenDecrement)
    SemaphoreTokenDecrement                  0x000009c1   Thumb Code    36  rtx_semaphore.o(.text.SemaphoreTokenDecrement)
    [Anonymous Symbol]                       0x000009e4   Section        0  rtx_semaphore.o(.text.SemaphoreTokenIncrement)
    SemaphoreTokenIncrement                  0x000009e5   Thumb Code    38  rtx_semaphore.o(.text.SemaphoreTokenIncrement)
    [Anonymous Symbol]                       0x00000a0a   Section        0  rtx_thread.o(.text.ThreadFlagsCheck)
    ThreadFlagsCheck                         0x00000a0b   Thumb Code    78  rtx_thread.o(.text.ThreadFlagsCheck)
    [Anonymous Symbol]                       0x00000a58   Section        0  rtx_timer.o(.text.TimerInsert)
    TimerInsert                              0x00000a59   Thumb Code    76  rtx_timer.o(.text.TimerInsert)
    __arm_cp.8_0                             0x00000aa0   Number         4  rtx_timer.o(.text.TimerInsert)
    [Anonymous Symbol]                       0x00000aa4   Section        0  rtx_delay.o(.text.osDelay)
    __arm_cp.0_0                             0x00000ac8   Number         4  rtx_delay.o(.text.osDelay)
    [Anonymous Symbol]                       0x00000acc   Section        0  rtx_kernel.o(.text.osKernelGetState)
    __arm_cp.4_0                             0x00000af4   Number         4  rtx_kernel.o(.text.osKernelGetState)
    __arm_cp.4_1                             0x00000af8   Number         4  rtx_kernel.o(.text.osKernelGetState)
    [Anonymous Symbol]                       0x00000afc   Section        0  rtx_kernel.o(.text.osKernelInitialize)
    __arm_cp.1_0                             0x00000b20   Number         4  rtx_kernel.o(.text.osKernelInitialize)
    [Anonymous Symbol]                       0x00000b24   Section        0  rtx_kernel.o(.text.osKernelStart)
    __arm_cp.6_0                             0x00000b44   Number         4  rtx_kernel.o(.text.osKernelStart)
    [Anonymous Symbol]                       0x00000b48   Section        0  rtx_msgqueue.o(.text.osMessageQueueGet)
    __arm_cp.3_0                             0x00000bb8   Number         4  rtx_msgqueue.o(.text.osMessageQueueGet)
    [Anonymous Symbol]                       0x00000bbc   Section        0  rtx_msgqueue.o(.text.osMessageQueueNew)
    __arm_cp.0_0                             0x00000bdc   Number         4  rtx_msgqueue.o(.text.osMessageQueueNew)
    [Anonymous Symbol]                       0x00000be0   Section        0  rtx_msgqueue.o(.text.osMessageQueuePut)
    __arm_cp.2_0                             0x00000c54   Number         4  rtx_msgqueue.o(.text.osMessageQueuePut)
    [Anonymous Symbol]                       0x00000c58   Section        0  rtx_mutex.o(.text.osMutexAcquire)
    __arm_cp.3_0                             0x00000c7c   Number         4  rtx_mutex.o(.text.osMutexAcquire)
    [Anonymous Symbol]                       0x00000c80   Section        0  rtx_mutex.o(.text.osMutexDelete)
    __arm_cp.6_0                             0x00000ca4   Number         4  rtx_mutex.o(.text.osMutexDelete)
    [Anonymous Symbol]                       0x00000ca8   Section        0  rtx_mutex.o(.text.osMutexNew)
    __arm_cp.1_0                             0x00000cc8   Number         4  rtx_mutex.o(.text.osMutexNew)
    [Anonymous Symbol]                       0x00000ccc   Section        0  rtx_mutex.o(.text.osMutexRelease)
    __arm_cp.4_0                             0x00000cf0   Number         4  rtx_mutex.o(.text.osMutexRelease)
    [Anonymous Symbol]                       0x00000cf4   Section        0  rtx_kernel.o(.text.osRtxKernelPreInit)
    [Anonymous Symbol]                       0x00000cf6   Section        0  rtx_memory.o(.text.osRtxMemoryAlloc)
    [Anonymous Symbol]                       0x00000d72   Section        0  rtx_memory.o(.text.osRtxMemoryFree)
    [Anonymous Symbol]                       0x00000dc0   Section        0  rtx_memory.o(.text.osRtxMemoryInit)
    [Anonymous Symbol]                       0x00000df2   Section        0  rtx_mempool.o(.text.osRtxMemoryPoolAlloc)
    [Anonymous Symbol]                       0x00000e20   Section        0  rtx_mempool.o(.text.osRtxMemoryPoolFree)
    [Anonymous Symbol]                       0x00000e5a   Section        0  rtx_mempool.o(.text.osRtxMemoryPoolInit)
    [Anonymous Symbol]                       0x00000e98   Section        0  rtx_msgqueue.o(.text.osRtxMessageQueuePostProcess)
    osRtxMessageQueuePostProcess             0x00000e99   Thumb Code   188  rtx_msgqueue.o(.text.osRtxMessageQueuePostProcess)
    [Anonymous Symbol]                       0x00000f54   Section        0  rtx_mutex.o(.text.osRtxMutexOwnerRelease)
    [Anonymous Symbol]                       0x00000f98   Section        0  rtx_system.o(.text.osRtxPendSV_Handler)
    __arm_cp.1_0                             0x00001014   Number         4  rtx_system.o(.text.osRtxPendSV_Handler)
    [Anonymous Symbol]                       0x00001018   Section        0  rtx_system.o(.text.osRtxPostProcess)
    __arm_cp.2_0                             0x0000107c   Number         4  rtx_system.o(.text.osRtxPostProcess)
    __arm_cp.2_1                             0x00001080   Number         4  rtx_system.o(.text.osRtxPostProcess)
    [Anonymous Symbol]                       0x00001084   Section        0  rtx_semaphore.o(.text.osRtxSemaphorePostProcess)
    osRtxSemaphorePostProcess                0x00001085   Thumb Code    36  rtx_semaphore.o(.text.osRtxSemaphorePostProcess)
    [Anonymous Symbol]                       0x000010a8   Section        0  rtx_thread.o(.text.osRtxThreadBlock)
    osRtxThreadBlock                         0x000010a9   Thumb Code    56  rtx_thread.o(.text.osRtxThreadBlock)
    __arm_cp.10_0                            0x000010dc   Number         4  rtx_thread.o(.text.osRtxThreadBlock)
    [Anonymous Symbol]                       0x000010e0   Section        0  rtx_thread.o(.text.osRtxThreadDelayInsert)
    osRtxThreadDelayInsert                   0x000010e1   Thumb Code   128  rtx_thread.o(.text.osRtxThreadDelayInsert)
    __arm_cp.14_0                            0x0000115c   Number         4  rtx_thread.o(.text.osRtxThreadDelayInsert)
    [Anonymous Symbol]                       0x00001160   Section        0  rtx_thread.o(.text.osRtxThreadDelayRemove)
    osRtxThreadDelayRemove                   0x00001161   Thumb Code    68  rtx_thread.o(.text.osRtxThreadDelayRemove)
    __arm_cp.12_0                            0x000011a0   Number         4  rtx_thread.o(.text.osRtxThreadDelayRemove)
    [Anonymous Symbol]                       0x000011a4   Section        0  rtx_thread.o(.text.osRtxThreadDelayTick)
    __arm_cp.5_0                             0x000011d8   Number         4  rtx_thread.o(.text.osRtxThreadDelayTick)
    [Anonymous Symbol]                       0x000011dc   Section        0  rtx_thread.o(.text.osRtxThreadDispatch)
    __arm_cp.9_0                             0x00001228   Number         4  rtx_thread.o(.text.osRtxThreadDispatch)
    [Anonymous Symbol]                       0x0000122c   Section        0  rtx_thread.o(.text.osRtxThreadFree)
    osRtxThreadFree                          0x0000122d   Thumb Code    84  rtx_thread.o(.text.osRtxThreadFree)
    __arm_cp.52_0                            0x0000127c   Number         4  rtx_thread.o(.text.osRtxThreadFree)
    [Anonymous Symbol]                       0x00001280   Section        0  rtx_thread.o(.text.osRtxThreadListGet)
    [Anonymous Symbol]                       0x00001294   Section        0  rtx_thread.o(.text.osRtxThreadListPut)
    [Anonymous Symbol]                       0x000012c0   Section        0  rtx_thread.o(.text.osRtxThreadListRemove)
    [Anonymous Symbol]                       0x000012d8   Section        0  rtx_thread.o(.text.osRtxThreadListSort)
    [Anonymous Symbol]                       0x000012fe   Section        0  rtx_thread.o(.text.osRtxThreadPostProcess)
    osRtxThreadPostProcess                   0x000012ff   Thumb Code    38  rtx_thread.o(.text.osRtxThreadPostProcess)
    [Anonymous Symbol]                       0x00001324   Section        0  rtx_thread.o(.text.osRtxThreadReadyPut)
    __arm_cp.4_0                             0x00001338   Number         4  rtx_thread.o(.text.osRtxThreadReadyPut)
    [Anonymous Symbol]                       0x0000133c   Section        0  rtx_thread.o(.text.osRtxThreadRegPtr)
    [Anonymous Symbol]                       0x00001344   Section        0  rtx_thread.o(.text.osRtxThreadStackCheck)
    __arm_cp.8_0                             0x00001368   Number         4  rtx_thread.o(.text.osRtxThreadStackCheck)
    __arm_cp.8_1                             0x0000136c   Number         4  rtx_thread.o(.text.osRtxThreadStackCheck)
    [Anonymous Symbol]                       0x00001370   Section        0  rtx_thread.o(.text.osRtxThreadStartup)
    __arm_cp.15_0                            0x000013a0   Number         4  rtx_thread.o(.text.osRtxThreadStartup)
    __arm_cp.15_1                            0x000013a4   Number         4  rtx_thread.o(.text.osRtxThreadStartup)
    __arm_cp.15_2                            0x000013a8   Number         4  rtx_thread.o(.text.osRtxThreadStartup)
    __arm_cp.15_3                            0x000013ac   Number         4  rtx_thread.o(.text.osRtxThreadStartup)
    [Anonymous Symbol]                       0x000013b0   Section        0  rtx_thread.o(.text.osRtxThreadSwitch)
    __arm_cp.7_0                             0x000013c0   Number         4  rtx_thread.o(.text.osRtxThreadSwitch)
    [Anonymous Symbol]                       0x000013c4   Section        0  rtx_thread.o(.text.osRtxThreadWaitEnter)
    __arm_cp.13_0                            0x000013fc   Number         4  rtx_thread.o(.text.osRtxThreadWaitEnter)
    [Anonymous Symbol]                       0x00001400   Section        0  rtx_thread.o(.text.osRtxThreadWaitExit)
    [Anonymous Symbol]                       0x00001424   Section        0  rtx_system.o(.text.osRtxTick_Handler)
    __arm_cp.0_0                             0x00001494   Number         4  rtx_system.o(.text.osRtxTick_Handler)
    [Anonymous Symbol]                       0x00001498   Section        0  rtx_timer.o(.text.osRtxTimerThread)
    __arm_cp.0_0                             0x000014c8   Number         4  rtx_timer.o(.text.osRtxTimerThread)
    __arm_cp.0_1                             0x000014cc   Number         4  rtx_timer.o(.text.osRtxTimerThread)
    __arm_cp.0_2                             0x000014d0   Number         4  rtx_timer.o(.text.osRtxTimerThread)
    [Anonymous Symbol]                       0x000014d4   Section        0  rtx_timer.o(.text.osRtxTimerTick)
    osRtxTimerTick                           0x000014d5   Thumb Code    96  rtx_timer.o(.text.osRtxTimerTick)
    __arm_cp.1_0                             0x00001530   Number         4  rtx_timer.o(.text.osRtxTimerTick)
    [Anonymous Symbol]                       0x00001534   Section        0  rtx_semaphore.o(.text.osSemaphoreAcquire)
    __arm_cp.2_0                             0x00001574   Number         4  rtx_semaphore.o(.text.osSemaphoreAcquire)
    [Anonymous Symbol]                       0x00001578   Section        0  rtx_semaphore.o(.text.osSemaphoreNew)
    __arm_cp.0_0                             0x00001598   Number         4  rtx_semaphore.o(.text.osSemaphoreNew)
    [Anonymous Symbol]                       0x0000159c   Section        0  rtx_semaphore.o(.text.osSemaphoreRelease)
    __arm_cp.3_0                             0x000015e4   Number         4  rtx_semaphore.o(.text.osSemaphoreRelease)
    [Anonymous Symbol]                       0x000015e8   Section        0  rtx_thread.o(.text.osThreadExit)
    __arm_cp.31_0                            0x000015f0   Number         4  rtx_thread.o(.text.osThreadExit)
    [Anonymous Symbol]                       0x000015f4   Section        0  rtx_thread.o(.text.osThreadNew)
    __arm_cp.17_0                            0x00001614   Number         4  rtx_thread.o(.text.osThreadNew)
    [Anonymous Symbol]                       0x00001618   Section        0  rtx_delay.o(.text.svcRtxDelay)
    svcRtxDelay                              0x00001619   Thumb Code    18  rtx_delay.o(.text.svcRtxDelay)
    [Anonymous Symbol]                       0x0000162c   Section        0  rtx_kernel.o(.text.svcRtxKernelGetState)
    svcRtxKernelGetState                     0x0000162d   Thumb Code    12  rtx_kernel.o(.text.svcRtxKernelGetState)
    __arm_cp.5_0                             0x00001634   Number         4  rtx_kernel.o(.text.svcRtxKernelGetState)
    [Anonymous Symbol]                       0x00001638   Section        0  rtx_kernel.o(.text.svcRtxKernelInitialize)
    svcRtxKernelInitialize                   0x00001639   Thumb Code   328  rtx_kernel.o(.text.svcRtxKernelInitialize)
    __arm_cp.20_0                            0x00001774   Number         4  rtx_kernel.o(.text.svcRtxKernelInitialize)
    __arm_cp.20_1                            0x00001778   Number         4  rtx_kernel.o(.text.svcRtxKernelInitialize)
    __arm_cp.20_2                            0x0000177c   Number         4  rtx_kernel.o(.text.svcRtxKernelInitialize)
    [Anonymous Symbol]                       0x00001780   Section        0  rtx_kernel.o(.text.svcRtxKernelStart)
    svcRtxKernelStart                        0x00001781   Thumb Code   132  rtx_kernel.o(.text.svcRtxKernelStart)
    __arm_cp.21_0                            0x000017f4   Number         4  rtx_kernel.o(.text.svcRtxKernelStart)
    __arm_cp.21_1                            0x000017f8   Number         4  rtx_kernel.o(.text.svcRtxKernelStart)
    __arm_cp.21_2                            0x000017fc   Number         4  rtx_kernel.o(.text.svcRtxKernelStart)
    __arm_cp.21_3                            0x00001800   Number         4  rtx_kernel.o(.text.svcRtxKernelStart)
    [Anonymous Symbol]                       0x00001804   Section        0  rtx_msgqueue.o(.text.svcRtxMessageQueueGet)
    svcRtxMessageQueueGet                    0x00001805   Thumb Code   232  rtx_msgqueue.o(.text.svcRtxMessageQueueGet)
    __arm_cp.21_0                            0x000018e8   Number         4  rtx_msgqueue.o(.text.svcRtxMessageQueueGet)
    [Anonymous Symbol]                       0x000018ec   Section        0  rtx_msgqueue.o(.text.svcRtxMessageQueueNew)
    svcRtxMessageQueueNew                    0x000018ed   Thumb Code   484  rtx_msgqueue.o(.text.svcRtxMessageQueueNew)
    __arm_cp.14_0                            0x00001ab8   Number         4  rtx_msgqueue.o(.text.svcRtxMessageQueueNew)
    __arm_cp.14_1                            0x00001abc   Number         4  rtx_msgqueue.o(.text.svcRtxMessageQueueNew)
    __arm_cp.14_2                            0x00001ac0   Number         4  rtx_msgqueue.o(.text.svcRtxMessageQueueNew)
    __arm_cp.14_3                            0x00001ac4   Number         4  rtx_msgqueue.o(.text.svcRtxMessageQueueNew)
    __arm_cp.14_4                            0x00001ac8   Number         4  rtx_msgqueue.o(.text.svcRtxMessageQueueNew)
    __arm_cp.14_5                            0x00001acc   Number         4  rtx_msgqueue.o(.text.svcRtxMessageQueueNew)
    [Anonymous Symbol]                       0x00001ad0   Section        0  rtx_msgqueue.o(.text.svcRtxMessageQueuePut)
    svcRtxMessageQueuePut                    0x00001ad1   Thumb Code   188  rtx_msgqueue.o(.text.svcRtxMessageQueuePut)
    __arm_cp.19_0                            0x00001b88   Number         4  rtx_msgqueue.o(.text.svcRtxMessageQueuePut)
    [Anonymous Symbol]                       0x00001b8c   Section        0  rtx_mutex.o(.text.svcRtxMutexAcquire)
    svcRtxMutexAcquire                       0x00001b8d   Thumb Code   152  rtx_mutex.o(.text.svcRtxMutexAcquire)
    __arm_cp.9_0                             0x00001c20   Number         4  rtx_mutex.o(.text.svcRtxMutexAcquire)
    [Anonymous Symbol]                       0x00001c24   Section        0  rtx_mutex.o(.text.svcRtxMutexDelete)
    svcRtxMutexDelete                        0x00001c25   Thumb Code   188  rtx_mutex.o(.text.svcRtxMutexDelete)
    __arm_cp.12_0                            0x00001cdc   Number         4  rtx_mutex.o(.text.svcRtxMutexDelete)
    [Anonymous Symbol]                       0x00001ce0   Section        0  rtx_mutex.o(.text.svcRtxMutexNew)
    svcRtxMutexNew                           0x00001ce1   Thumb Code   112  rtx_mutex.o(.text.svcRtxMutexNew)
    __arm_cp.7_0                             0x00001d4c   Number         4  rtx_mutex.o(.text.svcRtxMutexNew)
    [Anonymous Symbol]                       0x00001d50   Section        0  rtx_mutex.o(.text.svcRtxMutexRelease)
    svcRtxMutexRelease                       0x00001d51   Thumb Code   192  rtx_mutex.o(.text.svcRtxMutexRelease)
    __arm_cp.10_0                            0x00001e0c   Number         4  rtx_mutex.o(.text.svcRtxMutexRelease)
    [Anonymous Symbol]                       0x00001e10   Section        0  rtx_semaphore.o(.text.svcRtxSemaphoreAcquire)
    svcRtxSemaphoreAcquire                   0x00001e11   Thumb Code    76  rtx_semaphore.o(.text.svcRtxSemaphoreAcquire)
    __arm_cp.11_0                            0x00001e58   Number         4  rtx_semaphore.o(.text.svcRtxSemaphoreAcquire)
    [Anonymous Symbol]                       0x00001e5c   Section        0  rtx_semaphore.o(.text.svcRtxSemaphoreNew)
    svcRtxSemaphoreNew                       0x00001e5d   Thumb Code   136  rtx_semaphore.o(.text.svcRtxSemaphoreNew)
    __arm_cp.7_0                             0x00001ed8   Number         4  rtx_semaphore.o(.text.svcRtxSemaphoreNew)
    __arm_cp.7_1                             0x00001edc   Number         4  rtx_semaphore.o(.text.svcRtxSemaphoreNew)
    __arm_cp.7_2                             0x00001ee0   Number         4  rtx_semaphore.o(.text.svcRtxSemaphoreNew)
    [Anonymous Symbol]                       0x00001ee4   Section        0  rtx_semaphore.o(.text.svcRtxSemaphoreRelease)
    svcRtxSemaphoreRelease                   0x00001ee5   Thumb Code    56  rtx_semaphore.o(.text.svcRtxSemaphoreRelease)
    [Anonymous Symbol]                       0x00001f1c   Section        0  rtx_thread.o(.text.svcRtxThreadExit)
    svcRtxThreadExit                         0x00001f1d   Thumb Code   108  rtx_thread.o(.text.svcRtxThreadExit)
    __arm_cp.54_0                            0x00001f84   Number         4  rtx_thread.o(.text.svcRtxThreadExit)
    [Anonymous Symbol]                       0x00001f88   Section        0  rtx_thread.o(.text.svcRtxThreadNew)
    svcRtxThreadNew                          0x00001f89   Thumb Code   492  rtx_thread.o(.text.svcRtxThreadNew)
    __arm_cp.16_0                            0x0000215c   Number         4  rtx_thread.o(.text.svcRtxThreadNew)
    __arm_cp.16_1                            0x00002160   Number         4  rtx_thread.o(.text.svcRtxThreadNew)
    __arm_cp.16_2                            0x00002164   Number         4  rtx_thread.o(.text.svcRtxThreadNew)
    __arm_cp.16_3                            0x00002168   Number         4  rtx_thread.o(.text.svcRtxThreadNew)
    __arm_cp.16_4                            0x0000216c   Number         4  rtx_thread.o(.text.svcRtxThreadNew)
    __arm_cp.16_5                            0x00002170   Number         4  rtx_thread.o(.text.svcRtxThreadNew)
    i.SystemCoreClockUpdate                  0x00002174   Section        0  system_mkl25z4.o(i.SystemCoreClockUpdate)
    i.SystemInit                             0x00002304   Section        0  system_mkl25z4.o(i.SystemInit)
    i.TPM2_IRQHandler                        0x0000243c   Section        0  main.o(i.TPM2_IRQHandler)
    i.UART2_IRQHandler                       0x00002514   Section        0  main.o(i.UART2_IRQHandler)
    i.__ARM_common_switch8                   0x00002564   Section        0  pwm.o(i.__ARM_common_switch8)
    i.__NVIC_ClearPendingIRQ                 0x00002580   Section        0  main.o(i.__NVIC_ClearPendingIRQ)
    __NVIC_ClearPendingIRQ                   0x00002581   Thumb Code    18  main.o(i.__NVIC_ClearPendingIRQ)
    i.__NVIC_SetPriority                     0x00002598   Section        0  uart.o(i.__NVIC_SetPriority)
    __NVIC_SetPriority                       0x00002599   Thumb Code   110  uart.o(i.__NVIC_SetPriority)
    i.__NVIC_SetPriority                     0x00002610   Section        0  ultrasonic.o(i.__NVIC_SetPriority)
    __NVIC_SetPriority                       0x00002611   Thumb Code   110  ultrasonic.o(i.__NVIC_SetPriority)
    i._mutex_acquire                         0x00002688   Section        0  rtx_lib.o(i._mutex_acquire)
    __tagsym$$used                           0x00002689   Number         0  rtx_lib.o(i._mutex_acquire)
    i._mutex_free                            0x000026a0   Section        0  rtx_lib.o(i._mutex_free)
    __tagsym$$used                           0x000026a1   Number         0  rtx_lib.o(i._mutex_free)
    i._mutex_initialize                      0x000026ac   Section        0  rtx_lib.o(i._mutex_initialize)
    __tagsym$$used                           0x000026ad   Number         0  rtx_lib.o(i._mutex_initialize)
    i._mutex_release                         0x000026d0   Section        0  rtx_lib.o(i._mutex_release)
    __tagsym$$used                           0x000026d1   Number         0  rtx_lib.o(i._mutex_release)
    i._platform_post_stackheap_init          0x000026e4   Section        0  rtx_lib.o(i._platform_post_stackheap_init)
    i.audio_thread                           0x000026ec   Section        0  audio.o(i.audio_thread)
    i.auto_drive_thread                      0x000027a8   Section        0  main.o(i.auto_drive_thread)
    i.brain_thread                           0x000028bc   Section        0  main.o(i.brain_thread)
    i.enableTPM                              0x00002938   Section        0  pwm.o(i.enableTPM)
    i.flash_back                             0x00002980   Section        0  ledmodule.o(i.flash_back)
    i.flash_front                            0x00002a0c   Section        0  ledmodule.o(i.flash_front)
    i.getGPIO                                0x00002a7c   Section        0  gpio.o(i.getGPIO)
    i.iniAudio                               0x00002ac8   Section        0  audio.o(i.iniAudio)
    i.initChannel                            0x00002ae0   Section        0  pwm.o(i.initChannel)
    i.initGPIO                               0x00002c28   Section        0  gpio.o(i.initGPIO)
    i.initLED                                0x00002c62   Section        0  ledmodule.o(i.initLED)
    i.initMotor                              0x00002c84   Section        0  motor.o(i.initMotor)
    i.initPWM                                0x00002ce4   Section        0  pwm.o(i.initPWM)
    i.initPort                               0x00002d1c   Section        0  pwm.o(i.initPort)
    i.initTPM2                               0x00002d40   Section        0  ultrasonic.o(i.initTPM2)
    i.initTimer                              0x00002df8   Section        0  pwm.o(i.initTimer)
    i.initUART2                              0x00002e98   Section        0  uart.o(i.initUART2)
    i.lightUpALL                             0x00002f68   Section        0  ledmodule.o(i.lightUpALL)
    i.main                                   0x00002f88   Section        0  main.o(i.main)
    i.motor_thread                           0x00003100   Section        0  motor.o(i.motor_thread)
    i.moving_backward                        0x00003174   Section        0  motor.o(i.moving_backward)
    i.moving_forward                         0x000031b4   Section        0  motor.o(i.moving_forward)
    i.moving_forward_auto                    0x000031f4   Section        0  motor.o(i.moving_forward_auto)
    i.moving_left                            0x00003234   Section        0  motor.o(i.moving_left)
    i.moving_left_backward                   0x00003274   Section        0  motor.o(i.moving_left_backward)
    i.moving_left_forward                    0x000032b8   Section        0  motor.o(i.moving_left_forward)
    i.moving_right                           0x000032fc   Section        0  motor.o(i.moving_right)
    i.moving_right_backward                  0x0000333c   Section        0  motor.o(i.moving_right_backward)
    i.moving_right_forward                   0x00003374   Section        0  motor.o(i.moving_right_forward)
    i.offLED                                 0x000033b8   Section        0  ledmodule.o(i.offLED)
    i.osRtxErrorNotify                       0x000033d8   Section        0  rtx_config.o(i.osRtxErrorNotify)
    i.osRtxIdleThread                        0x000033f8   Section        0  rtx_config.o(i.osRtxIdleThread)
    i.os_kernel_is_active                    0x000033fc   Section        0  rtx_lib.o(i.os_kernel_is_active)
    os_kernel_is_active                      0x000033fd   Thumb Code    30  rtx_lib.o(i.os_kernel_is_active)
    i.setPin                                 0x00003420   Section        0  gpio.o(i.setPin)
    i.set_clock_source                       0x0000344c   Section        0  pwm.o(i.set_clock_source)
    i.set_duty_cycle                         0x00003470   Section        0  pwm.o(i.set_duty_cycle)
    i.stop                                   0x000034f0   Section        0  motor.o(i.stop)
    i.tUltrasonic                            0x00003528   Section        0  ultrasonic.o(i.tUltrasonic)
    .constdata                               0x000035e0   Section      100  rtx_lib.o(.constdata)
    x$fpl$usenofp                            0x000035e0   Section        0  usenofp.o(x$fpl$usenofp)
    os_idle_thread_attr                      0x000035e0   Data          36  rtx_lib.o(.constdata)
    os_timer_thread_attr                     0x00003604   Data          36  rtx_lib.o(.constdata)
    os_timer_mq_attr                         0x00003628   Data          24  rtx_lib.o(.constdata)
    .constdata                               0x00003644   Section        1  irq_cm0.o(.constdata)
    .rodata                                  0x00003648   Section      160  rtx_lib.o(.rodata)
    __tagsym$$used                           0x00003648   Number         0  rtx_lib.o(.rodata)
    __tagsym$$used                           0x000036b0   Number         0  rtx_lib.o(.rodata)
    [Anonymous Symbol]                       0x000036e8   Section        0  rtx_kernel.o(.rodata.str1.4)
    .L.str                                   0x000036e8   Data          11  rtx_kernel.o(.rodata.str1.4)
    .bss.os                                  0x1ffff000   Section     4160  rtx_lib.o(.bss.os)
    os_mem                                   0x1ffff000   Data        4096  rtx_lib.o(.bss.os)
    os_isr_queue                             0x20000000   Data          64  rtx_lib.o(.bss.os)
    .bss.os.msgqueue.cb                      0x20000040   Section       52  rtx_lib.o(.bss.os.msgqueue.cb)
    os_timer_mq_cb                           0x20000040   Data          52  rtx_lib.o(.bss.os.msgqueue.cb)
    .bss.os.msgqueue.mem                     0x20000074   Section       80  rtx_lib.o(.bss.os.msgqueue.mem)
    os_timer_mq_data                         0x20000074   Data          80  rtx_lib.o(.bss.os.msgqueue.mem)
    .bss.os.thread.cb                        0x200000c4   Section      136  rtx_lib.o(.bss.os.thread.cb)
    os_idle_thread_cb                        0x200000c4   Data          68  rtx_lib.o(.bss.os.thread.cb)
    os_timer_thread_cb                       0x20000108   Data          68  rtx_lib.o(.bss.os.thread.cb)
    .bss.os.thread.stack                     0x20000150   Section      512  rtx_lib.o(.bss.os.thread.stack)
    os_idle_thread_stack                     0x20000150   Data         256  rtx_lib.o(.bss.os.thread.stack)
    os_timer_thread_stack                    0x20000250   Data         256  rtx_lib.o(.bss.os.thread.stack)
    .data                                    0x20000350   Section      124  main.o(.data)
    .data                                    0x200003cc   Section       16  motor.o(.data)
    .data                                    0x200003dc   Section      268  audio.o(.data)
    .data                                    0x200004e8   Section        5  rtx_lib.o(.data)
    os_kernel_active                         0x200004ec   Data           1  rtx_lib.o(.data)
    .data                                    0x200004f0   Section        4  system_mkl25z4.o(.data)
    .bss                                     0x20000598   Section       96  libspace.o(.bss)
    [Anonymous Symbol]                       0x200005f8   Section        0  os_systick.o(.bss.PendST)
    PendST                                   0x200005f8   Data           1  os_systick.o(.bss.PendST)
    HEAP                                     0x20000600   Section        0  startup_mkl25z4.o(HEAP)
    STACK                                    0x20000600   Section      256  startup_mkl25z4.o(STACK)
    Heap_Mem                                 0x20000600   Data           0  startup_mkl25z4.o(HEAP)
    Stack_Mem                                0x20000600   Data         256  startup_mkl25z4.o(STACK)
    __initial_sp                             0x20000700   Data           0  startup_mkl25z4.o(STACK)

    Global Symbols

    Symbol Name                              Value     Ov Type        Size  Object(Section)

    BuildAttributes$$THM_ISAv3M$S$PE$A:L22$X:L11$S22$IEEE1$IW$~IW$USESV6$~STKCKD$USESV7$~SHL$OSPACE$ROPI$EBA8$UX$STANDARDLIB$REQ8$PRES8$EABIv2 0x00000000   Number         0  anon$$obj.o ABSOLUTE
    __ARM_use_no_argv                        0x00000000   Number         0  main.o ABSOLUTE
    __Vectors                                0x00000000   Data           4  startup_mkl25z4.o(RESET)
    .bss.os.evflags.cb$$Base                  - Undefined Weak Reference
    .bss.os.evflags.cb$$Limit                 - Undefined Weak Reference
    .bss.os.mempool.cb$$Base                  - Undefined Weak Reference
    .bss.os.mempool.cb$$Limit                 - Undefined Weak Reference
    .bss.os.mutex.cb$$Base                    - Undefined Weak Reference
    .bss.os.mutex.cb$$Limit                   - Undefined Weak Reference
    .bss.os.semaphore.cb$$Base                - Undefined Weak Reference
    .bss.os.semaphore.cb$$Limit               - Undefined Weak Reference
    .bss.os.timer.cb$$Base                    - Undefined Weak Reference
    .bss.os.timer.cb$$Limit                   - Undefined Weak Reference
    __ARM_exceptions_init                     - Undefined Weak Reference
    __alloca_initialize                       - Undefined Weak Reference
    __arm_preinit_                            - Undefined Weak Reference
    __cpp_initialize__aeabi_                  - Undefined Weak Reference
    __cxa_finalize                            - Undefined Weak Reference
    __rt_locale                               - Undefined Weak Reference
    __sigvec_lookup                           - Undefined Weak Reference
    _atexit_init                              - Undefined Weak Reference
    _call_atexit_fns                          - Undefined Weak Reference
    _clock_init                               - Undefined Weak Reference
    _fp_trap_init                             - Undefined Weak Reference
    _fp_trap_shutdown                         - Undefined Weak Reference
    _get_lc_collate                           - Undefined Weak Reference
    _get_lc_ctype                             - Undefined Weak Reference
    _get_lc_monetary                          - Undefined Weak Reference
    _get_lc_numeric                           - Undefined Weak Reference
    _get_lc_time                              - Undefined Weak Reference
    _getenv_init                              - Undefined Weak Reference
    _handle_redirection                       - Undefined Weak Reference
    _init_alloc                               - Undefined Weak Reference
    _init_user_alloc                          - Undefined Weak Reference
    _initio                                   - Undefined Weak Reference
    _rand_init                                - Undefined Weak Reference
    _signal_finish                            - Undefined Weak Reference
    _signal_init                              - Undefined Weak Reference
    _terminate_alloc                          - Undefined Weak Reference
    _terminate_user_alloc                     - Undefined Weak Reference
    _terminateio                              - Undefined Weak Reference
    __Vectors_End                            0x000000c0   Data           0  startup_mkl25z4.o(RESET)
    __Vectors_Size                           0x000000c0   Number         0  startup_mkl25z4.o ABSOLUTE
    __main                                   0x000000c1   Thumb Code     8  __main.o(!!!main)
    __scatterload                            0x000000c9   Thumb Code     0  __scatter.o(!!!scatter)
    __scatterload_rt2                        0x000000c9   Thumb Code    52  __scatter.o(!!!scatter)
    __scatterload_rt2_thumb_only             0x000000c9   Thumb Code     0  __scatter.o(!!!scatter)
    __scatterload_null                       0x000000d9   Thumb Code     0  __scatter.o(!!!scatter)
    __scatterload_zeroinit                   0x00000105   Thumb Code    28  __scatter_zi.o(!!handler_zi)
    __rt_lib_init                            0x00000121   Thumb Code     0  libinit.o(.ARM.Collect$$libinit$$00000000)
    __rt_lib_init_alloca_1                   0x00000123   Thumb Code     0  libinit2.o(.ARM.Collect$$libinit$$0000002E)
    __rt_lib_init_argv_1                     0x00000123   Thumb Code     0  libinit2.o(.ARM.Collect$$libinit$$0000002C)
    __rt_lib_init_atexit_1                   0x00000123   Thumb Code     0  libinit2.o(.ARM.Collect$$libinit$$0000001B)
    __rt_lib_init_clock_1                    0x00000123   Thumb Code     0  libinit2.o(.ARM.Collect$$libinit$$00000021)
    __rt_lib_init_cpp_1                      0x00000123   Thumb Code     0  libinit2.o(.ARM.Collect$$libinit$$00000032)
    __rt_lib_init_exceptions_1               0x00000123   Thumb Code     0  libinit2.o(.ARM.Collect$$libinit$$00000030)
    __rt_lib_init_fp_1                       0x00000123   Thumb Code     0  libinit2.o(.ARM.Collect$$libinit$$00000002)
    __rt_lib_init_fp_trap_1                  0x00000123   Thumb Code     0  libinit2.o(.ARM.Collect$$libinit$$0000001F)
    __rt_lib_init_getenv_1                   0x00000123   Thumb Code     0  libinit2.o(.ARM.Collect$$libinit$$00000023)
    __rt_lib_init_heap_1                     0x00000123   Thumb Code     0  libinit2.o(.ARM.Collect$$libinit$$0000000A)
    __rt_lib_init_lc_collate_1               0x00000123   Thumb Code     0  libinit2.o(.ARM.Collect$$libinit$$00000011)
    __rt_lib_init_lc_ctype_1                 0x00000123   Thumb Code     0  libinit2.o(.ARM.Collect$$libinit$$00000013)
    __rt_lib_init_lc_monetary_1              0x00000123   Thumb Code     0  libinit2.o(.ARM.Collect$$libinit$$00000015)
    __rt_lib_init_lc_numeric_1               0x00000123   Thumb Code     0  libinit2.o(.ARM.Collect$$libinit$$00000017)
    __rt_lib_init_lc_time_1                  0x00000123   Thumb Code     0  libinit2.o(.ARM.Collect$$libinit$$00000019)
    __rt_lib_init_preinit_1                  0x00000123   Thumb Code     0  libinit2.o(.ARM.Collect$$libinit$$00000004)
    __rt_lib_init_rand_1                     0x00000123   Thumb Code     0  libinit2.o(.ARM.Collect$$libinit$$0000000E)
    __rt_lib_init_return                     0x00000123   Thumb Code     0  libinit2.o(.ARM.Collect$$libinit$$00000033)
    __rt_lib_init_signal_1                   0x00000123   Thumb Code     0  libinit2.o(.ARM.Collect$$libinit$$0000001D)
    __rt_lib_init_stdio_1                    0x00000123   Thumb Code     0  libinit2.o(.ARM.Collect$$libinit$$00000025)
    __rt_lib_init_user_alloc_1               0x00000123   Thumb Code     0  libinit2.o(.ARM.Collect$$libinit$$0000000C)
    __rt_lib_shutdown                        0x00000125   Thumb Code     0  libshutdown.o(.ARM.Collect$$libshutdown$$00000000)
    __rt_lib_shutdown_cpp_1                  0x00000127   Thumb Code     0  libshutdown2.o(.ARM.Collect$$libshutdown$$00000002)
    __rt_lib_shutdown_fp_trap_1              0x00000127   Thumb Code     0  libshutdown2.o(.ARM.Collect$$libshutdown$$00000007)
    __rt_lib_shutdown_heap_1                 0x00000127   Thumb Code     0  libshutdown2.o(.ARM.Collect$$libshutdown$$0000000F)
    __rt_lib_shutdown_return                 0x00000127   Thumb Code     0  libshutdown2.o(.ARM.Collect$$libshutdown$$00000010)
    __rt_lib_shutdown_signal_1               0x00000127   Thumb Code     0  libshutdown2.o(.ARM.Collect$$libshutdown$$0000000A)
    __rt_lib_shutdown_stdio_1                0x00000127   Thumb Code     0  libshutdown2.o(.ARM.Collect$$libshutdown$$00000004)
    __rt_lib_shutdown_user_alloc_1           0x00000127   Thumb Code     0  libshutdown2.o(.ARM.Collect$$libshutdown$$0000000C)
    __rt_entry                               0x00000129   Thumb Code     0  __rtentry.o(.ARM.Collect$$rtentry$$00000000)
    __rt_entry_presh_1                       0x00000129   Thumb Code     0  __rtentry2.o(.ARM.Collect$$rtentry$$00000002)
    __rt_entry_sh                            0x00000129   Thumb Code     0  __rtentry4.o(.ARM.Collect$$rtentry$$00000004)
    __rt_entry_postsh_1                      0x0000012f   Thumb Code     0  __rtentry2.o(.ARM.Collect$$rtentry$$00000008)
    __rt_entry_li                            0x00000137   Thumb Code     0  __rtentry2.o(.ARM.Collect$$rtentry$$0000000A)
    __rt_entry_main                          0x0000013b   Thumb Code     0  __rtentry2.o(.ARM.Collect$$rtentry$$0000000D)
    __rt_entry_postli_1                      0x0000013b   Thumb Code     0  __rtentry2.o(.ARM.Collect$$rtentry$$0000000C)
    __rt_exit                                0x00000143   Thumb Code     0  rtexit.o(.ARM.Collect$$rtexit$$00000000)
    __rt_exit_ls                             0x00000145   Thumb Code     0  rtexit2.o(.ARM.Collect$$rtexit$$00000003)
    __rt_exit_prels_1                        0x00000145   Thumb Code     0  rtexit2.o(.ARM.Collect$$rtexit$$00000002)
    __rt_exit_exit                           0x00000149   Thumb Code     0  rtexit2.o(.ARM.Collect$$rtexit$$00000004)
    __aeabi_memcpy4                          0x00000151   Thumb Code    56  rt_memcpy.o(.emb_text)
    __aeabi_memcpy8                          0x00000151   Thumb Code     0  rt_memcpy.o(.emb_text)
    Reset_Handler                            0x00000189   Thumb Code    12  startup_mkl25z4.o(.text)
    NMI_Handler                              0x00000195   Thumb Code     2  startup_mkl25z4.o(.text)
    HardFault_Handler                        0x00000197   Thumb Code     2  startup_mkl25z4.o(.text)
    ADC0_IRQHandler                          0x0000019f   Thumb Code     0  startup_mkl25z4.o(.text)
    CMP0_IRQHandler                          0x0000019f   Thumb Code     0  startup_mkl25z4.o(.text)
    DAC0_IRQHandler                          0x0000019f   Thumb Code     0  startup_mkl25z4.o(.text)
    DMA0_IRQHandler                          0x0000019f   Thumb Code     0  startup_mkl25z4.o(.text)
    DMA1_IRQHandler                          0x0000019f   Thumb Code     0  startup_mkl25z4.o(.text)
    DMA2_IRQHandler                          0x0000019f   Thumb Code     0  startup_mkl25z4.o(.text)
    DMA3_IRQHandler                          0x0000019f   Thumb Code     0  startup_mkl25z4.o(.text)
    DefaultISR                               0x0000019f   Thumb Code     0  startup_mkl25z4.o(.text)
    FTFA_IRQHandler                          0x0000019f   Thumb Code     0  startup_mkl25z4.o(.text)
    I2C0_IRQHandler                          0x0000019f   Thumb Code     0  startup_mkl25z4.o(.text)
    I2C1_IRQHandler                          0x0000019f   Thumb Code     0  startup_mkl25z4.o(.text)
    LLWU_IRQHandler                          0x0000019f   Thumb Code     0  startup_mkl25z4.o(.text)
    LPTMR0_IRQHandler                        0x0000019f   Thumb Code     0  startup_mkl25z4.o(.text)
    LVD_LVW_IRQHandler                       0x0000019f   Thumb Code     0  startup_mkl25z4.o(.text)
    MCG_IRQHandler                           0x0000019f   Thumb Code     0  startup_mkl25z4.o(.text)
    PIT_IRQHandler                           0x0000019f   Thumb Code     0  startup_mkl25z4.o(.text)
    PORTA_IRQHandler                         0x0000019f   Thumb Code     0  startup_mkl25z4.o(.text)
    PORTD_IRQHandler                         0x0000019f   Thumb Code     0  startup_mkl25z4.o(.text)
    RTC_IRQHandler                           0x0000019f   Thumb Code     0  startup_mkl25z4.o(.text)
    RTC_Seconds_IRQHandler                   0x0000019f   Thumb Code     0  startup_mkl25z4.o(.text)
    Reserved20_IRQHandler                    0x0000019f   Thumb Code     0  startup_mkl25z4.o(.text)
    Reserved39_IRQHandler                    0x0000019f   Thumb Code     0  startup_mkl25z4.o(.text)
    Reserved45_IRQHandler                    0x0000019f   Thumb Code     0  startup_mkl25z4.o(.text)
    SPI0_IRQHandler                          0x0000019f   Thumb Code     0  startup_mkl25z4.o(.text)
    SPI1_IRQHandler                          0x0000019f   Thumb Code     0  startup_mkl25z4.o(.text)
    TPM0_IRQHandler                          0x0000019f   Thumb Code     0  startup_mkl25z4.o(.text)
    TPM1_IRQHandler                          0x0000019f   Thumb Code     0  startup_mkl25z4.o(.text)
    TSI0_IRQHandler                          0x0000019f   Thumb Code     0  startup_mkl25z4.o(.text)
    UART0_IRQHandler                         0x0000019f   Thumb Code     0  startup_mkl25z4.o(.text)
    UART1_IRQHandler                         0x0000019f   Thumb Code     0  startup_mkl25z4.o(.text)
    USB0_IRQHandler                          0x0000019f   Thumb Code     0  startup_mkl25z4.o(.text)
    __user_initial_stackheap                 0x000001a5   Thumb Code     0  startup_mkl25z4.o(.text)
    SVC_Handler                              0x000001c9   Thumb Code   132  irq_cm0.o(.text)
    PendSV_Handler                           0x0000024d   Thumb Code    12  irq_cm0.o(.text)
    SysTick_Handler                          0x00000259   Thumb Code    12  irq_cm0.o(.text)
    __aeabi_memcpy                           0x0000026d   Thumb Code   130  rt_memcpy.o(.text)
    __rt_memcpy                              0x0000026d   Thumb Code     0  rt_memcpy.o(.text)
    _memset_w                                0x000002ef   Thumb Code    26  rt_memclr.o(.text)
    _memset                                  0x00000309   Thumb Code    30  rt_memclr.o(.text)
    __aeabi_memclr                           0x00000327   Thumb Code     4  rt_memclr.o(.text)
    __rt_memclr                              0x00000327   Thumb Code     0  rt_memclr.o(.text)
    __aeabi_memclr4                          0x0000032b   Thumb Code     0  rt_memclr.o(.text)
    __aeabi_memclr8                          0x0000032b   Thumb Code     0  rt_memclr.o(.text)
    __rt_memclr_w                            0x0000032b   Thumb Code     4  rt_memclr.o(.text)
    __use_two_region_memory                  0x0000032f   Thumb Code     2  heapauxi.o(.text)
    __rt_heap_escrow$2region                 0x00000331   Thumb Code     2  heapauxi.o(.text)
    __rt_heap_expand$2region                 0x00000333   Thumb Code     2  heapauxi.o(.text)
    __aeabi_d2iz                             0x00000335   Thumb Code     0  dfixi.o(.text)
    _dfix                                    0x00000335   Thumb Code    98  dfixi.o(.text)
    __aeabi_i2d_normalise                    0x000003a1   Thumb Code    66  dflti.o(.text)
    __aeabi_i2d                              0x000003e3   Thumb Code    16  dflti.o(.text)
    _dflt                                    0x000003e3   Thumb Code     0  dflti.o(.text)
    __aeabi_ui2d                             0x000003f3   Thumb Code     6  dflti.o(.text)
    _dfltu                                   0x000003f3   Thumb Code     0  dflti.o(.text)
    __user_libspace                          0x000003f9   Thumb Code     8  libspace.o(.text)
    __user_perproc_libspace                  0x000003f9   Thumb Code     0  libspace.o(.text)
    __aeabi_uidiv                            0x00000411   Thumb Code     0  aeabi_sdiv.o(.text)
    __aeabi_uidivmod                         0x00000411   Thumb Code    20  aeabi_sdiv.o(.text)
    __aeabi_idiv                             0x00000425   Thumb Code     0  aeabi_sdiv.o(.text)
    __aeabi_idivmod                          0x00000425   Thumb Code   326  aeabi_sdiv.o(.text)
    __aeabi_dmul                             0x0000056d   Thumb Code     0  dmul.o(.text)
    _dmul                                    0x0000056d   Thumb Code   558  dmul.o(.text)
    __user_setup_stackheap                   0x000007b5   Thumb Code    62  sys_stackheap_outer.o(.text)
    exit                                     0x000007f3   Thumb Code    16  exit.o(.text)
    _sys_exit                                0x00000805   Thumb Code     8  sys_exit.o(.text)
    __I$use$semihosting                      0x00000811   Thumb Code     0  use_no_semi.o(.text)
    __use_no_semihosting_swi                 0x00000811   Thumb Code     2  use_no_semi.o(.text)
    __decompress                             0x00000813   Thumb Code     0  __dczerorl2.o(.text)
    __decompress1                            0x00000813   Thumb Code    86  __dczerorl2.o(.text)
    __semihosting_library_function           0x00000813   Thumb Code     0  indicate_semi.o(.text)
    OS_Tick_AcknowledgeIRQ                   0x00000935   Thumb Code    12  os_systick.o(.text.OS_Tick_AcknowledgeIRQ)
    OS_Tick_Enable                           0x00000941   Thumb Code    44  os_systick.o(.text.OS_Tick_Enable)
    OS_Tick_GetIRQn                          0x0000096d   Thumb Code     6  os_systick.o(.text.OS_Tick_GetIRQn)
    OS_Tick_Setup                            0x00000975   Thumb Code    76  os_systick.o(.text.OS_Tick_Setup)
    osDelay                                  0x00000aa5   Thumb Code    40  rtx_delay.o(.text.osDelay)
    osKernelGetState                         0x00000acd   Thumb Code    48  rtx_kernel.o(.text.osKernelGetState)
    osKernelInitialize                       0x00000afd   Thumb Code    40  rtx_kernel.o(.text.osKernelInitialize)
    osKernelStart                            0x00000b25   Thumb Code    36  rtx_kernel.o(.text.osKernelStart)
    osMessageQueueGet                        0x00000b49   Thumb Code   116  rtx_msgqueue.o(.text.osMessageQueueGet)
    osMessageQueueNew                        0x00000bbd   Thumb Code    36  rtx_msgqueue.o(.text.osMessageQueueNew)
    osMessageQueuePut                        0x00000be1   Thumb Code   120  rtx_msgqueue.o(.text.osMessageQueuePut)
    osMutexAcquire                           0x00000c59   Thumb Code    40  rtx_mutex.o(.text.osMutexAcquire)
    osMutexDelete                            0x00000c81   Thumb Code    40  rtx_mutex.o(.text.osMutexDelete)
    osMutexNew                               0x00000ca9   Thumb Code    36  rtx_mutex.o(.text.osMutexNew)
    osMutexRelease                           0x00000ccd   Thumb Code    40  rtx_mutex.o(.text.osMutexRelease)
    osRtxKernelPreInit                       0x00000cf5   Thumb Code     2  rtx_kernel.o(.text.osRtxKernelPreInit)
    osRtxMemoryAlloc                         0x00000cf7   Thumb Code   124  rtx_memory.o(.text.osRtxMemoryAlloc)
    osRtxMemoryFree                          0x00000d73   Thumb Code    78  rtx_memory.o(.text.osRtxMemoryFree)
    osRtxMemoryInit                          0x00000dc1   Thumb Code    50  rtx_memory.o(.text.osRtxMemoryInit)
    osRtxMemoryPoolAlloc                     0x00000df3   Thumb Code    46  rtx_mempool.o(.text.osRtxMemoryPoolAlloc)
    osRtxMemoryPoolFree                      0x00000e21   Thumb Code    58  rtx_mempool.o(.text.osRtxMemoryPoolFree)
    osRtxMemoryPoolInit                      0x00000e5b   Thumb Code    62  rtx_mempool.o(.text.osRtxMemoryPoolInit)
    osRtxMutexOwnerRelease                   0x00000f55   Thumb Code    68  rtx_mutex.o(.text.osRtxMutexOwnerRelease)
    osRtxPendSV_Handler                      0x00000f99   Thumb Code   128  rtx_system.o(.text.osRtxPendSV_Handler)
    osRtxPostProcess                         0x00001019   Thumb Code   108  rtx_system.o(.text.osRtxPostProcess)
    osRtxThreadDelayTick                     0x000011a5   Thumb Code    56  rtx_thread.o(.text.osRtxThreadDelayTick)
    osRtxThreadDispatch                      0x000011dd   Thumb Code    80  rtx_thread.o(.text.osRtxThreadDispatch)
    osRtxThreadListGet                       0x00001281   Thumb Code    20  rtx_thread.o(.text.osRtxThreadListGet)
    osRtxThreadListPut                       0x00001295   Thumb Code    44  rtx_thread.o(.text.osRtxThreadListPut)
    osRtxThreadListRemove                    0x000012c1   Thumb Code    24  rtx_thread.o(.text.osRtxThreadListRemove)
    osRtxThreadListSort                      0x000012d9   Thumb Code    38  rtx_thread.o(.text.osRtxThreadListSort)
    osRtxThreadReadyPut                      0x00001325   Thumb Code    24  rtx_thread.o(.text.osRtxThreadReadyPut)
    osRtxThreadRegPtr                        0x0000133d   Thumb Code     6  rtx_thread.o(.text.osRtxThreadRegPtr)
    osRtxThreadStackCheck                    0x00001345   Thumb Code    44  rtx_thread.o(.text.osRtxThreadStackCheck)
    osRtxThreadStartup                       0x00001371   Thumb Code    64  rtx_thread.o(.text.osRtxThreadStartup)
    osRtxThreadSwitch                        0x000013b1   Thumb Code    20  rtx_thread.o(.text.osRtxThreadSwitch)
    osRtxThreadWaitEnter                     0x000013c5   Thumb Code    60  rtx_thread.o(.text.osRtxThreadWaitEnter)
    osRtxThreadWaitExit                      0x00001401   Thumb Code    34  rtx_thread.o(.text.osRtxThreadWaitExit)
    osRtxTick_Handler                        0x00001425   Thumb Code   116  rtx_system.o(.text.osRtxTick_Handler)
    osRtxTimerThread                         0x00001499   Thumb Code    60  rtx_timer.o(.text.osRtxTimerThread)
    osSemaphoreAcquire                       0x00001535   Thumb Code    68  rtx_semaphore.o(.text.osSemaphoreAcquire)
    osSemaphoreNew                           0x00001579   Thumb Code    36  rtx_semaphore.o(.text.osSemaphoreNew)
    osSemaphoreRelease                       0x0000159d   Thumb Code    76  rtx_semaphore.o(.text.osSemaphoreRelease)
    osThreadExit                             0x000015e9   Thumb Code    12  rtx_thread.o(.text.osThreadExit)
    osThreadNew                              0x000015f5   Thumb Code    36  rtx_thread.o(.text.osThreadNew)
    SystemCoreClockUpdate                    0x00002175   Thumb Code   372  system_mkl25z4.o(i.SystemCoreClockUpdate)
    SystemInit                               0x00002305   Thumb Code   266  system_mkl25z4.o(i.SystemInit)
    TPM2_IRQHandler                          0x0000243d   Thumb Code   188  main.o(i.TPM2_IRQHandler)
    UART2_IRQHandler                         0x00002515   Thumb Code    64  main.o(i.UART2_IRQHandler)
    __ARM_common_switch8                     0x00002565   Thumb Code    28  pwm.o(i.__ARM_common_switch8)
    _mutex_acquire                           0x00002689   Thumb Code    24  rtx_lib.o(i._mutex_acquire)
    _mutex_free                              0x000026a1   Thumb Code    12  rtx_lib.o(i._mutex_free)
    _mutex_initialize                        0x000026ad   Thumb Code    36  rtx_lib.o(i._mutex_initialize)
    _mutex_release                           0x000026d1   Thumb Code    20  rtx_lib.o(i._mutex_release)
    _platform_post_stackheap_init            0x000026e5   Thumb Code     8  rtx_lib.o(i._platform_post_stackheap_init)
    audio_thread                             0x000026ed   Thumb Code   168  audio.o(i.audio_thread)
    auto_drive_thread                        0x000027a9   Thumb Code   264  main.o(i.auto_drive_thread)
    brain_thread                             0x000028bd   Thumb Code   106  main.o(i.brain_thread)
    enableTPM                                0x00002939   Thumb Code    66  pwm.o(i.enableTPM)
    flash_back                               0x00002981   Thumb Code   126  ledmodule.o(i.flash_back)
    flash_front                              0x00002a0d   Thumb Code    98  ledmodule.o(i.flash_front)
    getGPIO                                  0x00002a7d   Thumb Code    52  gpio.o(i.getGPIO)
    iniAudio                                 0x00002ac9   Thumb Code    20  audio.o(i.iniAudio)
    initChannel                              0x00002ae1   Thumb Code   316  pwm.o(i.initChannel)
    initGPIO                                 0x00002c29   Thumb Code    58  gpio.o(i.initGPIO)
    initLED                                  0x00002c63   Thumb Code    32  ledmodule.o(i.initLED)
    initMotor                                0x00002c85   Thumb Code    82  motor.o(i.initMotor)
    initPWM                                  0x00002ce5   Thumb Code    56  pwm.o(i.initPWM)
    initPort                                 0x00002d1d   Thumb Code    36  pwm.o(i.initPort)
    initTPM2                                 0x00002d41   Thumb Code   168  ultrasonic.o(i.initTPM2)
    initTimer                                0x00002df9   Thumb Code   144  pwm.o(i.initTimer)
    initUART2                                0x00002e99   Thumb Code   182  uart.o(i.initUART2)
    lightUpALL                               0x00002f69   Thumb Code    32  ledmodule.o(i.lightUpALL)
    main                                     0x00002f89   Thumb Code   306  main.o(i.main)
    motor_thread                             0x00003101   Thumb Code   104  motor.o(i.motor_thread)
    moving_backward                          0x00003175   Thumb Code    54  motor.o(i.moving_backward)
    moving_forward                           0x000031b5   Thumb Code    54  motor.o(i.moving_forward)
    moving_forward_auto                      0x000031f5   Thumb Code    54  motor.o(i.moving_forward_auto)
    moving_left                              0x00003235   Thumb Code    54  motor.o(i.moving_left)
    moving_left_backward                     0x00003275   Thumb Code    54  motor.o(i.moving_left_backward)
    moving_left_forward                      0x000032b9   Thumb Code    54  motor.o(i.moving_left_forward)
    moving_right                             0x000032fd   Thumb Code    54  motor.o(i.moving_right)
    moving_right_backward                    0x0000333d   Thumb Code    48  motor.o(i.moving_right_backward)
    moving_right_forward                     0x00003375   Thumb Code    54  motor.o(i.moving_right_forward)
    offLED                                   0x000033b9   Thumb Code    32  ledmodule.o(i.offLED)
    osRtxErrorNotify                         0x000033d9   Thumb Code    32  rtx_config.o(i.osRtxErrorNotify)
    osRtxIdleThread                          0x000033f9   Thumb Code     4  rtx_config.o(i.osRtxIdleThread)
    setPin                                   0x00003421   Thumb Code    44  gpio.o(i.setPin)
    set_clock_source                         0x0000344d   Thumb Code    30  pwm.o(i.set_clock_source)
    set_duty_cycle                           0x00003471   Thumb Code   116  pwm.o(i.set_duty_cycle)
    stop                                     0x000034f1   Thumb Code    50  motor.o(i.stop)
    tUltrasonic                              0x00003529   Thumb Code   158  ultrasonic.o(i.tUltrasonic)
    __I$use$fp                               0x000035e0   Number         0  usenofp.o(x$fpl$usenofp)
    osRtxUserSVC                             0x00003640   Data           4  rtx_lib.o(.constdata)
    irqRtxLib                                0x00003644   Data           1  irq_cm0.o(.constdata)
    osRtxConfig                              0x00003648   Data         104  rtx_lib.o(.rodata)
    os_cb_sections                           0x000036b0   Data          56  rtx_lib.o(.rodata)
    Region$$Table$$Base                      0x000036f4   Number         0  anon$$obj.o(Region$$Table)
    Region$$Table$$Limit                     0x00003714   Number         0  anon$$obj.o(Region$$Table)
    .bss.os.msgqueue.cb$$Base                0x20000040   Number         0  rtx_lib.o(.bss.os.msgqueue.cb)
    .bss.os.msgqueue.cb$$Limit               0x20000074   Number         0  rtx_lib.o(.bss.os.msgqueue.cb)
    .bss.os.thread.cb$$Base                  0x200000c4   Number         0  rtx_lib.o(.bss.os.thread.cb)
    .bss.os.thread.cb$$Limit                 0x2000014c   Number         0  rtx_lib.o(.bss.os.thread.cb)
    receive_data                             0x20000350   Data           4  main.o(.data)
    moving                                   0x20000354   Data           4  main.o(.data)
    end                                      0x20000358   Data           4  main.o(.data)
    autoDriving                              0x2000035c   Data           4  main.o(.data)
    brainSem                                 0x20000360   Data           4  main.o(.data)
    autoSem                                  0x20000364   Data           4  main.o(.data)
    autoStopSem                              0x20000368   Data           4  main.o(.data)
    ultrasonicRising                         0x2000036c   Data           4  main.o(.data)
    ultrasonicReading                        0x20000370   Data           4  main.o(.data)
    pinE                                     0x20000374   Data          32  main.o(.data)
    pinC                                     0x20000394   Data          32  main.o(.data)
    motorMsg                                 0x200003b4   Data           4  main.o(.data)
    audioMsg                                 0x200003b8   Data           4  main.o(.data)
    LEDMsg                                   0x200003bc   Data           4  main.o(.data)
    ultraMsg                                 0x200003c0   Data           4  main.o(.data)
    autoStop                                 0x200003c4   Data           4  main.o(.data)
    drivingMode                              0x200003c8   Data           4  main.o(.data)
    duty_cycle                               0x200003cc   Data           4  motor.o(.data)
    duty_cycle_auto                          0x200003d0   Data           4  motor.o(.data)
    duty_cycle_turning                       0x200003d4   Data           4  motor.o(.data)
    moving_while_turning                     0x200003d8   Data           4  motor.o(.data)
    musical_notes                            0x200003dc   Data         168  audio.o(.data)
    musical_end                              0x20000484   Data         100  audio.o(.data)
    irqRtxLibRef                             0x200004e8   Data           4  rtx_lib.o(.data)
    SystemCoreClock                          0x200004f0   Data           4  system_mkl25z4.o(.data)
    osRtxInfo                                0x200004f4   Data         164  rtx_kernel.o(.data.os)
    __libspace_start                         0x20000598   Data          96  libspace.o(.bss)
    __temporary_stack_top$libspace           0x200005f8   Data           0  libspace.o(.bss)



==============================================================================

Memory Map of the image

  Image Entry point : 0x00000189

  Load Region LR_1 (Base: 0x00000000, Size: 0x00004cac, Max: 0xffffffff, ABSOLUTE, COMPRESSED[0x000037b8])

    Execution Region ER_RO (Exec base: 0x00000000, Load base: 0x00000000, Size: 0x00003714, Max: 0xffffffff, ABSOLUTE)

    Exec Addr    Load Addr    Size         Type   Attr      Idx    E Section Name        Object

    0x00000000   0x00000000   0x000000c0   Data   RO          590    RESET               startup_mkl25z4.o
    0x000000c0   0x000000c0   0x00000008   Code   RO         1147  * !!!main             c_p.l(__main.o)
    0x000000c8   0x000000c8   0x0000003c   Code   RO         1323    !!!scatter          c_p.l(__scatter.o)
    0x00000104   0x00000104   0x0000001c   Code   RO         1325    !!handler_zi        c_p.l(__scatter_zi.o)
    0x00000120   0x00000120   0x00000002   Code   RO         1190    .ARM.Collect$$libinit$$00000000  c_p.l(libinit.o)
    0x00000122   0x00000122   0x00000000   Code   RO         1204    .ARM.Collect$$libinit$$00000002  c_p.l(libinit2.o)
    0x00000122   0x00000122   0x00000000   Code   RO         1206    .ARM.Collect$$libinit$$00000004  c_p.l(libinit2.o)
    0x00000122   0x00000122   0x00000000   Code   RO         1209    .ARM.Collect$$libinit$$0000000A  c_p.l(libinit2.o)
    0x00000122   0x00000122   0x00000000   Code   RO         1211    .ARM.Collect$$libinit$$0000000C  c_p.l(libinit2.o)
    0x00000122   0x00000122   0x00000000   Code   RO         1213    .ARM.Collect$$libinit$$0000000E  c_p.l(libinit2.o)
    0x00000122   0x00000122   0x00000000   Code   RO         1216    .ARM.Collect$$libinit$$00000011  c_p.l(libinit2.o)
    0x00000122   0x00000122   0x00000000   Code   RO         1218    .ARM.Collect$$libinit$$00000013  c_p.l(libinit2.o)
    0x00000122   0x00000122   0x00000000   Code   RO         1220    .ARM.Collect$$libinit$$00000015  c_p.l(libinit2.o)
    0x00000122   0x00000122   0x00000000   Code   RO         1222    .ARM.Collect$$libinit$$00000017  c_p.l(libinit2.o)
    0x00000122   0x00000122   0x00000000   Code   RO         1224    .ARM.Collect$$libinit$$00000019  c_p.l(libinit2.o)
    0x00000122   0x00000122   0x00000000   Code   RO         1226    .ARM.Collect$$libinit$$0000001B  c_p.l(libinit2.o)
    0x00000122   0x00000122   0x00000000   Code   RO         1228    .ARM.Collect$$libinit$$0000001D  c_p.l(libinit2.o)
    0x00000122   0x00000122   0x00000000   Code   RO         1230    .ARM.Collect$$libinit$$0000001F  c_p.l(libinit2.o)
    0x00000122   0x00000122   0x00000000   Code   RO         1232    .ARM.Collect$$libinit$$00000021  c_p.l(libinit2.o)
    0x00000122   0x00000122   0x00000000   Code   RO         1234    .ARM.Collect$$libinit$$00000023  c_p.l(libinit2.o)
    0x00000122   0x00000122   0x00000000   Code   RO         1236    .ARM.Collect$$libinit$$00000025  c_p.l(libinit2.o)
    0x00000122   0x00000122   0x00000000   Code   RO         1240    .ARM.Collect$$libinit$$0000002C  c_p.l(libinit2.o)
    0x00000122   0x00000122   0x00000000   Code   RO         1242    .ARM.Collect$$libinit$$0000002E  c_p.l(libinit2.o)
    0x00000122   0x00000122   0x00000000   Code   RO         1244    .ARM.Collect$$libinit$$00000030  c_p.l(libinit2.o)
    0x00000122   0x00000122   0x00000000   Code   RO         1246    .ARM.Collect$$libinit$$00000032  c_p.l(libinit2.o)
    0x00000122   0x00000122   0x00000002   Code   RO         1247    .ARM.Collect$$libinit$$00000033  c_p.l(libinit2.o)
    0x00000124   0x00000124   0x00000002   Code   RO         1278    .ARM.Collect$$libshutdown$$00000000  c_p.l(libshutdown.o)
    0x00000126   0x00000126   0x00000000   Code   RO         1304    .ARM.Collect$$libshutdown$$00000002  c_p.l(libshutdown2.o)
    0x00000126   0x00000126   0x00000000   Code   RO         1306    .ARM.Collect$$libshutdown$$00000004  c_p.l(libshutdown2.o)
    0x00000126   0x00000126   0x00000000   Code   RO         1309    .ARM.Collect$$libshutdown$$00000007  c_p.l(libshutdown2.o)
    0x00000126   0x00000126   0x00000000   Code   RO         1312    .ARM.Collect$$libshutdown$$0000000A  c_p.l(libshutdown2.o)
    0x00000126   0x00000126   0x00000000   Code   RO         1314    .ARM.Collect$$libshutdown$$0000000C  c_p.l(libshutdown2.o)
    0x00000126   0x00000126   0x00000000   Code   RO         1317    .ARM.Collect$$libshutdown$$0000000F  c_p.l(libshutdown2.o)
    0x00000126   0x00000126   0x00000002   Code   RO         1318    .ARM.Collect$$libshutdown$$00000010  c_p.l(libshutdown2.o)
    0x00000128   0x00000128   0x00000000   Code   RO         1155    .ARM.Collect$$rtentry$$00000000  c_p.l(__rtentry.o)
    0x00000128   0x00000128   0x00000000   Code   RO         1162    .ARM.Collect$$rtentry$$00000002  c_p.l(__rtentry2.o)
    0x00000128   0x00000128   0x00000006   Code   RO         1174    .ARM.Collect$$rtentry$$00000004  c_p.l(__rtentry4.o)
    0x0000012e   0x0000012e   0x00000008   Code   RO         1163    .ARM.Collect$$rtentry$$00000008  c_p.l(__rtentry2.o)
    0x00000136   0x00000136   0x00000004   Code   RO         1165    .ARM.Collect$$rtentry$$0000000A  c_p.l(__rtentry2.o)
    0x0000013a   0x0000013a   0x00000000   Code   RO         1167    .ARM.Collect$$rtentry$$0000000C  c_p.l(__rtentry2.o)
    0x0000013a   0x0000013a   0x00000008   Code   RO         1168    .ARM.Collect$$rtentry$$0000000D  c_p.l(__rtentry2.o)
    0x00000142   0x00000142   0x00000002   Code   RO         1195    .ARM.Collect$$rtexit$$00000000  c_p.l(rtexit.o)
    0x00000144   0x00000144   0x00000000   Code   RO         1251    .ARM.Collect$$rtexit$$00000002  c_p.l(rtexit2.o)
    0x00000144   0x00000144   0x00000004   Code   RO         1252    .ARM.Collect$$rtexit$$00000003  c_p.l(rtexit2.o)
    0x00000148   0x00000148   0x00000006   Code   RO         1253    .ARM.Collect$$rtexit$$00000004  c_p.l(rtexit2.o)
    0x0000014e   0x0000014e   0x00000002   PAD
    0x00000150   0x00000150   0x00000038   Code   RO         1135    .emb_text           c_p.l(rt_memcpy.o)
    0x00000188   0x00000188   0x00000040   Code   RO          592  * .text               startup_mkl25z4.o
    0x000001c8   0x000001c8   0x000000a4   Code   RO          977    .text               RTX_CM0.lib(irq_cm0.o)
    0x0000026c   0x0000026c   0x00000082   Code   RO         1136    .text               c_p.l(rt_memcpy.o)
    0x000002ee   0x000002ee   0x00000040   Code   RO         1139    .text               c_p.l(rt_memclr.o)
    0x0000032e   0x0000032e   0x00000006   Code   RO         1145    .text               c_p.l(heapauxi.o)
    0x00000334   0x00000334   0x0000006c   Code   RO         1149    .text               fz_ps.l(dfixi.o)
    0x000003a0   0x000003a0   0x00000058   Code   RO         1151    .text               fz_ps.l(dflti.o)
    0x000003f8   0x000003f8   0x00000008   Code   RO         1191    .text               c_p.l(libspace.o)
    0x00000400   0x00000400   0x00000010   Code   RO          591    .ARM.__at_0x400     startup_mkl25z4.o
    0x00000410   0x00000410   0x0000015a   Code   RO         1141    .text               c_p.l(aeabi_sdiv.o)
    0x0000056a   0x0000056a   0x00000002   PAD
    0x0000056c   0x0000056c   0x00000248   Code   RO         1153    .text               fz_ps.l(dmul.o)
    0x000007b4   0x000007b4   0x0000003e   Code   RO         1178    .text               c_p.l(sys_stackheap_outer.o)
    0x000007f2   0x000007f2   0x00000010   Code   RO         1181    .text               c_p.l(exit.o)
    0x00000802   0x00000802   0x00000002   PAD
    0x00000804   0x00000804   0x0000000c   Code   RO         1248    .text               c_p.l(sys_exit.o)
    0x00000810   0x00000810   0x00000002   Code   RO         1267    .text               c_p.l(use_no_semi.o)
    0x00000812   0x00000812   0x00000000   Code   RO         1269    .text               c_p.l(indicate_semi.o)
    0x00000812   0x00000812   0x00000056   Code   RO         1321    .text               c_p.l(__dczerorl2.o)
    0x00000868   0x00000868   0x0000004c   Code   RO          960    .text.MessageQueueGet  RTX_CM0.lib(rtx_msgqueue.o)
    0x000008b4   0x000008b4   0x00000062   Code   RO          954    .text.MessageQueuePut  RTX_CM0.lib(rtx_msgqueue.o)
    0x00000916   0x00000916   0x0000001e   Code   RO          952    .text.MessageQueueRemove  RTX_CM0.lib(rtx_msgqueue.o)
    0x00000934   0x00000934   0x0000000c   Code   RO         1112    .text.OS_Tick_AcknowledgeIRQ  RTX_CM0.lib(os_systick.o)
    0x00000940   0x00000940   0x0000002c   Code   RO         1108    .text.OS_Tick_Enable  RTX_CM0.lib(os_systick.o)
    0x0000096c   0x0000096c   0x00000006   Code   RO         1114    .text.OS_Tick_GetIRQn  RTX_CM0.lib(os_systick.o)
    0x00000972   0x00000972   0x00000002   PAD
    0x00000974   0x00000974   0x0000004c   Code   RO         1106    .text.OS_Tick_Setup  RTX_CM0.lib(os_systick.o)
    0x000009c0   0x000009c0   0x00000024   Code   RO          899    .text.SemaphoreTokenDecrement  RTX_CM0.lib(rtx_semaphore.o)
    0x000009e4   0x000009e4   0x00000026   Code   RO          905    .text.SemaphoreTokenIncrement  RTX_CM0.lib(rtx_semaphore.o)
    0x00000a0a   0x00000a0a   0x0000004e   Code   RO          776    .text.ThreadFlagsCheck  RTX_CM0.lib(rtx_thread.o)
    0x00000a58   0x00000a58   0x0000004c   Code   RO          998    .text.TimerInsert   RTX_CM0.lib(rtx_timer.o)
    0x00000aa4   0x00000aa4   0x00000028   Code   RO          829    .text.osDelay       RTX_CM0.lib(rtx_delay.o)
    0x00000acc   0x00000acc   0x00000030   Code   RO          639    .text.osKernelGetState  RTX_CM0.lib(rtx_kernel.o)
    0x00000afc   0x00000afc   0x00000028   Code   RO          633    .text.osKernelInitialize  RTX_CM0.lib(rtx_kernel.o)
    0x00000b24   0x00000b24   0x00000024   Code   RO          643    .text.osKernelStart  RTX_CM0.lib(rtx_kernel.o)
    0x00000b48   0x00000b48   0x00000074   Code   RO          926    .text.osMessageQueueGet  RTX_CM0.lib(rtx_msgqueue.o)
    0x00000bbc   0x00000bbc   0x00000024   Code   RO          920    .text.osMessageQueueNew  RTX_CM0.lib(rtx_msgqueue.o)
    0x00000be0   0x00000be0   0x00000078   Code   RO          924    .text.osMessageQueuePut  RTX_CM0.lib(rtx_msgqueue.o)
    0x00000c58   0x00000c58   0x00000028   Code   RO          852    .text.osMutexAcquire  RTX_CM0.lib(rtx_mutex.o)
    0x00000c80   0x00000c80   0x00000028   Code   RO          858    .text.osMutexDelete  RTX_CM0.lib(rtx_mutex.o)
    0x00000ca8   0x00000ca8   0x00000024   Code   RO          848    .text.osMutexNew    RTX_CM0.lib(rtx_mutex.o)
    0x00000ccc   0x00000ccc   0x00000028   Code   RO          854    .text.osMutexRelease  RTX_CM0.lib(rtx_mutex.o)
    0x00000cf4   0x00000cf4   0x00000002   Code   RO          631    .text.osRtxKernelPreInit  RTX_CM0.lib(rtx_kernel.o)
    0x00000cf6   0x00000cf6   0x0000007c   Code   RO         1025    .text.osRtxMemoryAlloc  RTX_CM0.lib(rtx_memory.o)
    0x00000d72   0x00000d72   0x0000004e   Code   RO         1027    .text.osRtxMemoryFree  RTX_CM0.lib(rtx_memory.o)
    0x00000dc0   0x00000dc0   0x00000032   Code   RO         1023    .text.osRtxMemoryInit  RTX_CM0.lib(rtx_memory.o)
    0x00000df2   0x00000df2   0x0000002e   Code   RO         1040    .text.osRtxMemoryPoolAlloc  RTX_CM0.lib(rtx_mempool.o)
    0x00000e20   0x00000e20   0x0000003a   Code   RO         1042    .text.osRtxMemoryPoolFree  RTX_CM0.lib(rtx_mempool.o)
    0x00000e5a   0x00000e5a   0x0000003e   Code   RO         1038    .text.osRtxMemoryPoolInit  RTX_CM0.lib(rtx_mempool.o)
    0x00000e98   0x00000e98   0x000000bc   Code   RO          950    .text.osRtxMessageQueuePostProcess  RTX_CM0.lib(rtx_msgqueue.o)
    0x00000f54   0x00000f54   0x00000044   Code   RO          846    .text.osRtxMutexOwnerRelease  RTX_CM0.lib(rtx_mutex.o)
    0x00000f98   0x00000f98   0x00000080   Code   RO         1093    .text.osRtxPendSV_Handler  RTX_CM0.lib(rtx_system.o)
    0x00001018   0x00001018   0x0000006c   Code   RO         1095    .text.osRtxPostProcess  RTX_CM0.lib(rtx_system.o)
    0x00001084   0x00001084   0x00000024   Code   RO          897    .text.osRtxSemaphorePostProcess  RTX_CM0.lib(rtx_semaphore.o)
    0x000010a8   0x000010a8   0x00000038   Code   RO          716    .text.osRtxThreadBlock  RTX_CM0.lib(rtx_thread.o)
    0x000010e0   0x000010e0   0x00000080   Code   RO          724    .text.osRtxThreadDelayInsert  RTX_CM0.lib(rtx_thread.o)
    0x00001160   0x00001160   0x00000044   Code   RO          720    .text.osRtxThreadDelayRemove  RTX_CM0.lib(rtx_thread.o)
    0x000011a4   0x000011a4   0x00000038   Code   RO          706    .text.osRtxThreadDelayTick  RTX_CM0.lib(rtx_thread.o)
    0x000011dc   0x000011dc   0x00000050   Code   RO          714    .text.osRtxThreadDispatch  RTX_CM0.lib(rtx_thread.o)
    0x0000122c   0x0000122c   0x00000054   Code   RO          800    .text.osRtxThreadFree  RTX_CM0.lib(rtx_thread.o)
    0x00001280   0x00001280   0x00000014   Code   RO          698    .text.osRtxThreadListGet  RTX_CM0.lib(rtx_thread.o)
    0x00001294   0x00001294   0x0000002c   Code   RO          696    .text.osRtxThreadListPut  RTX_CM0.lib(rtx_thread.o)
    0x000012c0   0x000012c0   0x00000018   Code   RO          702    .text.osRtxThreadListRemove  RTX_CM0.lib(rtx_thread.o)
    0x000012d8   0x000012d8   0x00000026   Code   RO          700    .text.osRtxThreadListSort  RTX_CM0.lib(rtx_thread.o)
    0x000012fe   0x000012fe   0x00000026   Code   RO          774    .text.osRtxThreadPostProcess  RTX_CM0.lib(rtx_thread.o)
    0x00001324   0x00001324   0x00000018   Code   RO          704    .text.osRtxThreadReadyPut  RTX_CM0.lib(rtx_thread.o)
    0x0000133c   0x0000133c   0x00000006   Code   RO          708    .text.osRtxThreadRegPtr  RTX_CM0.lib(rtx_thread.o)
    0x00001342   0x00001342   0x00000002   PAD
    0x00001344   0x00001344   0x0000002c   Code   RO          712    .text.osRtxThreadStackCheck  RTX_CM0.lib(rtx_thread.o)
    0x00001370   0x00001370   0x00000040   Code   RO          726    .text.osRtxThreadStartup  RTX_CM0.lib(rtx_thread.o)
    0x000013b0   0x000013b0   0x00000014   Code   RO          710    .text.osRtxThreadSwitch  RTX_CM0.lib(rtx_thread.o)
    0x000013c4   0x000013c4   0x0000003c   Code   RO          722    .text.osRtxThreadWaitEnter  RTX_CM0.lib(rtx_thread.o)
    0x00001400   0x00001400   0x00000022   Code   RO          718    .text.osRtxThreadWaitExit  RTX_CM0.lib(rtx_thread.o)
    0x00001422   0x00001422   0x00000002   PAD
    0x00001424   0x00001424   0x00000074   Code   RO         1091    .text.osRtxTick_Handler  RTX_CM0.lib(rtx_system.o)
    0x00001498   0x00001498   0x0000003c   Code   RO          982    .text.osRtxTimerThread  RTX_CM0.lib(rtx_timer.o)
    0x000014d4   0x000014d4   0x00000060   Code   RO          984    .text.osRtxTimerTick  RTX_CM0.lib(rtx_timer.o)
    0x00001534   0x00001534   0x00000044   Code   RO          885    .text.osSemaphoreAcquire  RTX_CM0.lib(rtx_semaphore.o)
    0x00001578   0x00001578   0x00000024   Code   RO          881    .text.osSemaphoreNew  RTX_CM0.lib(rtx_semaphore.o)
    0x0000159c   0x0000159c   0x0000004c   Code   RO          887    .text.osSemaphoreRelease  RTX_CM0.lib(rtx_semaphore.o)
    0x000015e8   0x000015e8   0x0000000c   Code   RO          758    .text.osThreadExit  RTX_CM0.lib(rtx_thread.o)
    0x000015f4   0x000015f4   0x00000024   Code   RO          730    .text.osThreadNew   RTX_CM0.lib(rtx_thread.o)
    0x00001618   0x00001618   0x00000012   Code   RO          833    .text.svcRtxDelay   RTX_CM0.lib(rtx_delay.o)
    0x0000162a   0x0000162a   0x00000002   PAD
    0x0000162c   0x0000162c   0x0000000c   Code   RO          641    .text.svcRtxKernelGetState  RTX_CM0.lib(rtx_kernel.o)
    0x00001638   0x00001638   0x00000148   Code   RO          671    .text.svcRtxKernelInitialize  RTX_CM0.lib(rtx_kernel.o)
    0x00001780   0x00001780   0x00000084   Code   RO          673    .text.svcRtxKernelStart  RTX_CM0.lib(rtx_kernel.o)
    0x00001804   0x00001804   0x000000e8   Code   RO          962    .text.svcRtxMessageQueueGet  RTX_CM0.lib(rtx_msgqueue.o)
    0x000018ec   0x000018ec   0x000001e4   Code   RO          948    .text.svcRtxMessageQueueNew  RTX_CM0.lib(rtx_msgqueue.o)
    0x00001ad0   0x00001ad0   0x000000bc   Code   RO          958    .text.svcRtxMessageQueuePut  RTX_CM0.lib(rtx_msgqueue.o)
    0x00001b8c   0x00001b8c   0x00000098   Code   RO          864    .text.svcRtxMutexAcquire  RTX_CM0.lib(rtx_mutex.o)
    0x00001c24   0x00001c24   0x000000bc   Code   RO          870    .text.svcRtxMutexDelete  RTX_CM0.lib(rtx_mutex.o)
    0x00001ce0   0x00001ce0   0x00000070   Code   RO          860    .text.svcRtxMutexNew  RTX_CM0.lib(rtx_mutex.o)
    0x00001d50   0x00001d50   0x000000c0   Code   RO          866    .text.svcRtxMutexRelease  RTX_CM0.lib(rtx_mutex.o)
    0x00001e10   0x00001e10   0x0000004c   Code   RO          903    .text.svcRtxSemaphoreAcquire  RTX_CM0.lib(rtx_semaphore.o)
    0x00001e5c   0x00001e5c   0x00000088   Code   RO          895    .text.svcRtxSemaphoreNew  RTX_CM0.lib(rtx_semaphore.o)
    0x00001ee4   0x00001ee4   0x00000038   Code   RO          907    .text.svcRtxSemaphoreRelease  RTX_CM0.lib(rtx_semaphore.o)
    0x00001f1c   0x00001f1c   0x0000006c   Code   RO          804    .text.svcRtxThreadExit  RTX_CM0.lib(rtx_thread.o)
    0x00001f88   0x00001f88   0x000001ec   Code   RO          728    .text.svcRtxThreadNew  RTX_CM0.lib(rtx_thread.o)
    0x00002174   0x00002174   0x00000190   Code   RO          600    i.SystemCoreClockUpdate  system_mkl25z4.o
    0x00002304   0x00002304   0x00000138   Code   RO          601    i.SystemInit        system_mkl25z4.o
    0x0000243c   0x0000243c   0x000000d8   Code   RO          235    i.TPM2_IRQHandler   main.o
    0x00002514   0x00002514   0x00000050   Code   RO          236    i.UART2_IRQHandler  main.o
    0x00002564   0x00002564   0x0000001c   Code   RO          200    i.__ARM_common_switch8  pwm.o
    0x00002580   0x00002580   0x00000018   Code   RO          237    i.__NVIC_ClearPendingIRQ  main.o
    0x00002598   0x00002598   0x00000078   Code   RO          207    i.__NVIC_SetPriority  uart.o
    0x00002610   0x00002610   0x00000078   Code   RO          418    i.__NVIC_SetPriority  ultrasonic.o
    0x00002688   0x00002688   0x00000018   Code   RO          485    i._mutex_acquire    rtx_lib.o
    0x000026a0   0x000026a0   0x0000000c   Code   RO          486    i._mutex_free       rtx_lib.o
    0x000026ac   0x000026ac   0x00000024   Code   RO          487    i._mutex_initialize  rtx_lib.o
    0x000026d0   0x000026d0   0x00000014   Code   RO          488    i._mutex_release    rtx_lib.o
    0x000026e4   0x000026e4   0x00000008   Code   RO          489    i._platform_post_stackheap_init  rtx_lib.o
    0x000026ec   0x000026ec   0x000000bc   Code   RO          449    i.audio_thread      audio.o
    0x000027a8   0x000027a8   0x00000114   Code   RO          238    i.auto_drive_thread  main.o
    0x000028bc   0x000028bc   0x0000007c   Code   RO          239    i.brain_thread      main.o
    0x00002938   0x00002938   0x00000048   Code   RO          149    i.enableTPM         pwm.o
    0x00002980   0x00002980   0x0000008c   Code   RO           83    i.flash_back        ledmodule.o
    0x00002a0c   0x00002a0c   0x00000070   Code   RO           84    i.flash_front       ledmodule.o
    0x00002a7c   0x00002a7c   0x0000004c   Code   RO           48    i.getGPIO           gpio.o
    0x00002ac8   0x00002ac8   0x00000018   Code   RO          450    i.iniAudio          audio.o
    0x00002ae0   0x00002ae0   0x00000148   Code   RO          150    i.initChannel       pwm.o
    0x00002c28   0x00002c28   0x0000003a   Code   RO           49    i.initGPIO          gpio.o
    0x00002c62   0x00002c62   0x00000020   Code   RO           85    i.initLED           ledmodule.o
    0x00002c82   0x00002c82   0x00000002   PAD
    0x00002c84   0x00002c84   0x00000060   Code   RO          313    i.initMotor         motor.o
    0x00002ce4   0x00002ce4   0x00000038   Code   RO          151    i.initPWM           pwm.o
    0x00002d1c   0x00002d1c   0x00000024   Code   RO          152    i.initPort          pwm.o
    0x00002d40   0x00002d40   0x000000b8   Code   RO          419    i.initTPM2          ultrasonic.o
    0x00002df8   0x00002df8   0x000000a0   Code   RO          153    i.initTimer         pwm.o
    0x00002e98   0x00002e98   0x000000d0   Code   RO          208    i.initUART2         uart.o
    0x00002f68   0x00002f68   0x00000020   Code   RO           86    i.lightUpALL        ledmodule.o
    0x00002f88   0x00002f88   0x00000178   Code   RO          240    i.main              main.o
    0x00003100   0x00003100   0x00000074   Code   RO          314    i.motor_thread      motor.o
    0x00003174   0x00003174   0x00000040   Code   RO          315    i.moving_backward   motor.o
    0x000031b4   0x000031b4   0x00000040   Code   RO          316    i.moving_forward    motor.o
    0x000031f4   0x000031f4   0x00000040   Code   RO          317    i.moving_forward_auto  motor.o
    0x00003234   0x00003234   0x00000040   Code   RO          318    i.moving_left       motor.o
    0x00003274   0x00003274   0x00000044   Code   RO          319    i.moving_left_backward  motor.o
    0x000032b8   0x000032b8   0x00000044   Code   RO          320    i.moving_left_forward  motor.o
    0x000032fc   0x000032fc   0x00000040   Code   RO          321    i.moving_right      motor.o
    0x0000333c   0x0000333c   0x00000038   Code   RO          322    i.moving_right_backward  motor.o
    0x00003374   0x00003374   0x00000044   Code   RO          323    i.moving_right_forward  motor.o
    0x000033b8   0x000033b8   0x00000020   Code   RO           87    i.offLED            ledmodule.o
    0x000033d8   0x000033d8   0x00000020   Code   RO          564    i.osRtxErrorNotify  rtx_config.o
    0x000033f8   0x000033f8   0x00000004   Code   RO          565    i.osRtxIdleThread   rtx_config.o
    0x000033fc   0x000033fc   0x00000024   Code   RO          490    i.os_kernel_is_active  rtx_lib.o
    0x00003420   0x00003420   0x0000002c   Code   RO           50    i.setPin            gpio.o
    0x0000344c   0x0000344c   0x00000024   Code   RO          154    i.set_clock_source  pwm.o
    0x00003470   0x00003470   0x00000080   Code   RO          155    i.set_duty_cycle    pwm.o
    0x000034f0   0x000034f0   0x00000038   Code   RO          324    i.stop              motor.o
    0x00003528   0x00003528   0x000000b8   Code   RO          420    i.tUltrasonic       ultrasonic.o
    0x000035e0   0x000035e0   0x00000000   Code   RO         1160    x$fpl$usenofp       fz_ps.l(usenofp.o)
    0x000035e0   0x000035e0   0x00000064   Data   RO          497    .constdata          rtx_lib.o
    0x00003644   0x00003644   0x00000001   Data   RO          976    .constdata          RTX_CM0.lib(irq_cm0.o)
    0x00003645   0x00003645   0x00000003   PAD
    0x00003648   0x00003648   0x000000a0   Data   RO          499    .rodata             rtx_lib.o
    0x000036e8   0x000036e8   0x0000000b   Data   RO          685    .rodata.str1.4      RTX_CM0.lib(rtx_kernel.o)
    0x000036f3   0x000036f3   0x00000001   PAD
    0x000036f4   0x000036f4   0x00000020   Data   RO         1319    Region$$Table       anon$$obj.o


    Execution Region ER_RW (Exec base: 0x1ffff000, Load base: 0x00003714, Size: 0x00001598, Max: 0xffffffff, ABSOLUTE, COMPRESSED[0x000000a4])

    Exec Addr    Load Addr    Size         Type   Attr      Idx    E Section Name        Object

    0x1ffff000   COMPRESSED   0x00001040   Data   RW          491    .bss.os             rtx_lib.o
    0x20000040   COMPRESSED   0x00000034   Data   RW          493    .bss.os.msgqueue.cb  rtx_lib.o
    0x20000074   COMPRESSED   0x00000050   Data   RW          494    .bss.os.msgqueue.mem  rtx_lib.o
    0x200000c4   COMPRESSED   0x00000088   Data   RW          495    .bss.os.thread.cb   rtx_lib.o
    0x2000014c   COMPRESSED   0x00000004   PAD
    0x20000150   COMPRESSED   0x00000200   Data   RW          496    .bss.os.thread.stack  rtx_lib.o
    0x20000350   COMPRESSED   0x0000007c   Data   RW          241    .data               main.o
    0x200003cc   COMPRESSED   0x00000010   Data   RW          325    .data               motor.o
    0x200003dc   COMPRESSED   0x0000010c   Data   RW          451    .data               audio.o
    0x200004e8   COMPRESSED   0x00000005   Data   RW          498    .data               rtx_lib.o
    0x200004ed   COMPRESSED   0x00000003   PAD
    0x200004f0   COMPRESSED   0x00000004   Data   RW          602    .data               system_mkl25z4.o
    0x200004f4   COMPRESSED   0x000000a4   Data   RW          686    .data.os            RTX_CM0.lib(rtx_kernel.o)


    Execution Region ER_ZI (Exec base: 0x20000598, Load base: 0x000037b8, Size: 0x00000168, Max: 0xffffffff, ABSOLUTE)

    Exec Addr    Load Addr    Size         Type   Attr      Idx    E Section Name        Object

    0x20000598        -       0x00000060   Zero   RW         1192    .bss                c_p.l(libspace.o)
    0x200005f8        -       0x00000001   Zero   RW         1124    .bss.PendST         RTX_CM0.lib(os_systick.o)
    0x200005f9   0x000037b8   0x00000007   PAD
    0x20000600        -       0x00000000   Zero   RW          589    HEAP                startup_mkl25z4.o
    0x20000600        -       0x00000100   Zero   RW          588    STACK               startup_mkl25z4.o


==============================================================================

Image component sizes


      Code (inc. data)   RO Data    RW Data    ZI Data      Debug   Object Name

       212         24          0        268          0       1926   audio.o
         0          0          0          0          0     216080   common.o
       178         24          0          0          0       2034   gpio.o
       348         28          0          0          0       3323   ledmodule.o
      1096        162          0        124          0      16446   main.o
       848        144          0         16          0       5577   motor.o
       844         68          0          0          0       4267   pwm.o
        36          8          0          0          0        973   rtx_config.o
       136          6        260       4945          0      12806   rtx_lib.o
        80         44        192          0        256        892   startup_mkl25z4.o
       712         84          0          4          0       1655   system_mkl25z4.o
       328         36          0          0          0       9236   uart.o
       488         52          0          0          0       1661   ultrasonic.o

    ----------------------------------------------------------------------
      5308        680        484       5364        256     276876   Object Totals
         0          0         32          0          0          0   (incl. Generated)
         2          0          0          7          0          0   (incl. Padding)

    ----------------------------------------------------------------------

      Code (inc. data)   RO Data    RW Data    ZI Data      Debug   Library Member Name

       164          8          1          0          0        496   irq_cm0.o
       138         32          0          0          1       2766   os_systick.o
        58          4          0          0          0       2753   rtx_delay.o
       598         48         11        164          0      16105   rtx_kernel.o
       252          0          0          0          0       2564   rtx_memory.o
       166          0          0          0          0      14282   rtx_mempool.o
      1568         44          0          0          0      17889   rtx_msgqueue.o
       868         32          0          0          0       9201   rtx_mutex.o
       558         28          0          0          0      10054   rtx_semaphore.o
       352         26          0          0          0       4635   rtx_system.o
      1614         96          0          0          0      30867   rtx_thread.o
       232         20          0          0          0      10018   rtx_timer.o
        86          0          0          0          0          0   __dczerorl2.o
         8          0          0          0          0         68   __main.o
         0          0          0          0          0          0   __rtentry.o
        20          0          0          0          0          0   __rtentry2.o
         6          0          0          0          0          0   __rtentry4.o
        60          8          0          0          0          0   __scatter.o
        28          0          0          0          0          0   __scatter_zi.o
       346          0          0          0          0         92   aeabi_sdiv.o
        16          0          0          0          0         68   exit.o
         6          0          0          0          0        136   heapauxi.o
         0          0          0          0          0          0   indicate_semi.o
         2          0          0          0          0          0   libinit.o
         2          0          0          0          0          0   libinit2.o
         2          0          0          0          0          0   libshutdown.o
         2          0          0          0          0          0   libshutdown2.o
         8          4          0          0         96         68   libspace.o
        64          0          0          0          0        108   rt_memclr.o
       186          0          0          0          0        144   rt_memcpy.o
         2          0          0          0          0          0   rtexit.o
        10          0          0          0          0          0   rtexit2.o
        12          4          0          0          0         60   sys_exit.o
        62          0          0          0          0         80   sys_stackheap_outer.o
         2          0          0          0          0         68   use_no_semi.o
       108         10          0          0          0         72   dfixi.o
        88          0          0          0          0         92   dflti.o
       584         26          0          0          0         84   dmul.o
         0          0          0          0          0          0   usenofp.o

    ----------------------------------------------------------------------
      8292        390         16        164        104     122770   Library Totals
        14          0          4          0          7          0   (incl. Padding)

    ----------------------------------------------------------------------

      Code (inc. data)   RO Data    RW Data    ZI Data      Debug   Library Name

      6568        338         12        164          1     121630   RTX_CM0.lib
       930         16          0          0         96        892   c_p.l
       780         36          0          0          0        248   fz_ps.l

    ----------------------------------------------------------------------
      8292        390         16        164        104     122770   Library Totals

    ----------------------------------------------------------------------

==============================================================================


      Code (inc. data)   RO Data    RW Data    ZI Data      Debug   

     13600       1070        500       5528        360     396866   Grand Totals
     13600       1070        500        164        360     396866   ELF Image Totals (compressed)
     13600       1070        500        164          0          0   ROM Totals

==============================================================================

    Total RO  Size (Code + RO Data)                14100 (  13.77kB)
    Total RW  Size (RW Data + ZI Data)              5888 (   5.75kB)
    Total ROM Size (Code + RO Data + RW Data)      14264 (  13.93kB)

==============================================================================

