Component: ARM Compiler 5.06 update 6 (build 750) Tool: armlink [4d35ed]

==============================================================================

Section Cross References

    gpio.o(i.initGPIO) refers to gpio.o(i.getGPIO) for getGPIO
    gpio.o(i.setPin) refers to gpio.o(i.getGPIO) for getGPIO
    pwm.o(i.initChannel) refers to pwm.o(i.__ARM_common_switch8) for __ARM_common_switch8
    pwm.o(i.initPWM) refers to pwm.o(i.initPort) for initPort
    pwm.o(i.initPWM) refers to pwm.o(i.enableTPM) for enableTPM
    pwm.o(i.initPWM) refers to pwm.o(i.set_clock_source) for set_clock_source
    pwm.o(i.initPWM) refers to pwm.o(i.initTimer) for initTimer
    pwm.o(i.initPWM) refers to pwm.o(i.initChannel) for initChannel
    pwm.o(i.initPWM) refers to pwm.o(i.set_duty_cycle) for set_duty_cycle
    pwm.o(i.set_duty_cycle) refers to pwm.o(i.__ARM_common_switch8) for __ARM_common_switch8
    uart.o(i.initUART2) refers to aeabi_sdiv.o(.text) for __aeabi_uidivmod
    uart.o(i.initUART2) refers to uart.o(i.__NVIC_SetPriority) for __NVIC_SetPriority
    main.o(i.TPM0_IRQHandler) refers to main.o(i.__NVIC_ClearPendingIRQ) for __NVIC_ClearPendingIRQ
    main.o(i.TPM0_IRQHandler) refers to dflti.o(.text) for __aeabi_ui2d
    main.o(i.TPM0_IRQHandler) refers to dmul.o(.text) for __aeabi_dmul
    main.o(i.TPM0_IRQHandler) refers to dfixui.o(.text) for __aeabi_d2uiz
    main.o(i.TPM0_IRQHandler) refers to rtx_evflags.o(.text.osEventFlagsSet) for osEventFlagsSet
    main.o(i.TPM0_IRQHandler) refers to main.o(.data) for ultrasonicRising
    main.o(i.UART2_IRQHandler) refers to main.o(i.__NVIC_ClearPendingIRQ) for __NVIC_ClearPendingIRQ
    main.o(i.UART2_IRQHandler) refers to rtx_semaphore.o(.text.osSemaphoreRelease) for osSemaphoreRelease
    main.o(i.UART2_IRQHandler) refers to main.o(.data) for receive_data
    main.o(i.audio_thread) refers to aeabi_sdiv.o(.text) for __aeabi_idivmod
    main.o(i.audio_thread) refers to rtx_delay.o(.text.osDelay) for osDelay
    main.o(i.audio_thread) refers to main.o(.data) for end
    main.o(i.auto_drive_thread) refers to rtx_evflags.o(.text.osEventFlagsWait) for osEventFlagsWait
    main.o(i.auto_drive_thread) refers to motor.o(i.moving_forward) for moving_forward
    main.o(i.auto_drive_thread) refers to motor.o(i.stop) for stop
    main.o(i.auto_drive_thread) refers to motor.o(i.moving_left) for moving_left
    main.o(i.auto_drive_thread) refers to rtx_delay.o(.text.osDelay) for osDelay
    main.o(i.auto_drive_thread) refers to motor.o(i.moving_right) for moving_right
    main.o(i.auto_drive_thread) refers to main.o(.data) for moving
    main.o(i.brain_thread) refers to rtx_semaphore.o(.text.osSemaphoreAcquire) for osSemaphoreAcquire
    main.o(i.brain_thread) refers to pwm.o(i.__ARM_common_switch8) for __ARM_common_switch8
    main.o(i.brain_thread) refers to rtx_evflags.o(.text.osEventFlagsSet) for osEventFlagsSet
    main.o(i.brain_thread) refers to rtx_msgqueue.o(.text.osMessageQueuePut) for osMessageQueuePut
    main.o(i.brain_thread) refers to main.o(.data) for brainSem
    main.o(i.flash_back) refers to main.o(i.offLED) for offLED
    main.o(i.flash_back) refers to rtx_delay.o(.text.osDelay) for osDelay
    main.o(i.flash_back) refers to gpio.o(i.setPin) for setPin
    main.o(i.flash_back) refers to main.o(.data) for pinC
    main.o(i.flash_front) refers to main.o(i.offLED) for offLED
    main.o(i.flash_front) refers to rtx_delay.o(.text.osDelay) for osDelay
    main.o(i.flash_front) refers to gpio.o(i.setPin) for setPin
    main.o(i.flash_front) refers to main.o(i.lightUpALL) for lightUpALL
    main.o(i.flash_front) refers to main.o(.data) for pinE
    main.o(i.initLED) refers to gpio.o(i.initGPIO) for initGPIO
    main.o(i.lightUpALL) refers to gpio.o(i.setPin) for setPin
    main.o(i.main) refers to system_mkl25z4.o(i.SystemCoreClockUpdate) for SystemCoreClockUpdate
    main.o(i.main) refers to motor.o(i.initMotor) for initMotor
    main.o(i.main) refers to uart.o(i.initUART2) for initUART2
    main.o(i.main) refers to audio.o(i.iniAudio) for iniAudio
    main.o(i.main) refers to main.o(i.initLED) for initLED
    main.o(i.main) refers to main.o(i.offLED) for offLED
    main.o(i.main) refers to main.o(i.lightUpALL) for lightUpALL
    main.o(i.main) refers to motor.o(i.stop) for stop
    main.o(i.main) refers to rtx_kernel.o(.text.osKernelInitialize) for osKernelInitialize
    main.o(i.main) refers to rtx_semaphore.o(.text.osSemaphoreNew) for osSemaphoreNew
    main.o(i.main) refers to rtx_msgqueue.o(.text.osMessageQueueNew) for osMessageQueueNew
    main.o(i.main) refers to rtx_thread.o(.text.osThreadNew) for osThreadNew
    main.o(i.main) refers to rtx_kernel.o(.text.osKernelStart) for osKernelStart
    main.o(i.main) refers to main.o(.data) for pinE
    main.o(i.main) refers to main.o(i.motor_thread) for motor_thread
    main.o(i.main) refers to main.o(i.flash_front) for flash_front
    main.o(i.main) refers to main.o(i.brain_thread) for brain_thread
[...]
    .emb_text                                0x00000150   Section       56  rt_memcpy.o(.emb_text)
    .text                                    0x00000188   Section       64  startup_mkl25z4.o(.text)
    .text                                    0x000001c8   Section      164  irq_cm0.o(.text)
    .text                                    0x0000026c   Section        0  rt_memcpy.o(.text)
    .text                                    0x000002ee   Section        0  rt_memclr.o(.text)
    .text                                    0x0000032e   Section        0  heapauxi.o(.text)
    .text                                    0x00000334   Section        0  dfixui.o(.text)
    .text                                    0x0000037c   Section        0  dflti.o(.text)
    .text                                    0x000003d4   Section        0  exit.o(.text)
    .text                                    0x000003e4   Section        8  libspace.o(.text)
    .text                                    0x000003ec   Section        0  sys_exit.o(.text)
    .text                                    0x000003f8   Section        2  use_no_semi.o(.text)
    [Anonymous Symbol]                       0x000003fa   Section        0  os_systick.o(.text.OS_Tick_GetIRQn)
    .text                                    0x000003fa   Section        0  indicate_semi.o(.text)
    .ARM.__at_0x400                          0x00000400   Section       16  startup_mkl25z4.o(.ARM.__at_0x400)
    .text                                    0x00000410   Section      346  aeabi_sdiv.o(.text)
    .text                                    0x0000056c   Section        0  dmul.o(.text)
    .text                                    0x000007b4   Section       62  sys_stackheap_outer.o(.text)
    .text                                    0x000007f2   Section        0  __dczerorl2.o(.text)
    [Anonymous Symbol]                       0x00000848   Section        0  rtx_evflags.o(.text.EventFlagsCheck)
    EventFlagsCheck                          0x00000849   Thumb Code    78  rtx_evflags.o(.text.EventFlagsCheck)
    [Anonymous Symbol]                       0x00000896   Section        0  rtx_msgqueue.o(.text.MessageQueueGet)
    MessageQueueGet                          0x00000897   Thumb Code    76  rtx_msgqueue.o(.text.MessageQueueGet)
    [Anonymous Symbol]                       0x000008e2   Section        0  rtx_msgqueue.o(.text.MessageQueuePut)
    MessageQueuePut                          0x000008e3   Thumb Code    98  rtx_msgqueue.o(.text.MessageQueuePut)
    [Anonymous Symbol]                       0x00000944   Section        0  rtx_msgqueue.o(.text.MessageQueueRemove)
    MessageQueueRemove                       0x00000945   Thumb Code    30  rtx_msgqueue.o(.text.MessageQueueRemove)
    [Anonymous Symbol]                       0x00000964   Section        0  os_systick.o(.text.OS_Tick_AcknowledgeIRQ)
    __arm_cp.3_0                             0x0000096c   Number         4  os_systick.o(.text.OS_Tick_AcknowledgeIRQ)
    [Anonymous Symbol]                       0x00000970   Section        0  os_systick.o(.text.OS_Tick_Enable)
    __arm_cp.1_0                             0x00000990   Number         4  os_systick.o(.text.OS_Tick_Enable)
    __arm_cp.1_1                             0x00000994   Number         4  os_systick.o(.text.OS_Tick_Enable)
    __arm_cp.1_2                             0x00000998   Number         4  os_systick.o(.text.OS_Tick_Enable)
    [Anonymous Symbol]                       0x0000099c   Section        0  os_systick.o(.text.OS_Tick_Setup)
    __arm_cp.0_0                             0x000009d8   Number         4  os_systick.o(.text.OS_Tick_Setup)
    __arm_cp.0_1                             0x000009dc   Number         4  os_systick.o(.text.OS_Tick_Setup)
    __arm_cp.0_2                             0x000009e0   Number         4  os_systick.o(.text.OS_Tick_Setup)
    __arm_cp.0_3                             0x000009e4   Number         4  os_systick.o(.text.OS_Tick_Setup)
    [Anonymous Symbol]                       0x000009e8   Section        0  rtx_semaphore.o(.text.SemaphoreTokenDecrement)
    SemaphoreTokenDecrement                  0x000009e9   Thumb Code    36  rtx_semaphore.o(.text.SemaphoreTokenDecrement)
    [Anonymous Symbol]                       0x00000a0c   Section        0  rtx_semaphore.o(.text.SemaphoreTokenIncrement)
    SemaphoreTokenIncrement                  0x00000a0d   Thumb Code    38  rtx_semaphore.o(.text.SemaphoreTokenIncrement)
    [Anonymous Symbol]                       0x00000a32   Section        0  rtx_thread.o(.text.ThreadFlagsCheck)
    ThreadFlagsCheck                         0x00000a33   Thumb Code    78  rtx_thread.o(.text.ThreadFlagsCheck)
    [Anonymous Symbol]                       0x00000a80   Section        0  rtx_timer.o(.text.TimerInsert)
    TimerInsert                              0x00000a81   Thumb Code    76  rtx_timer.o(.text.TimerInsert)
    __arm_cp.8_0                             0x00000ac8   Number         4  rtx_timer.o(.text.TimerInsert)
    [Anonymous Symbol]                       0x00000acc   Section        0  rtx_delay.o(.text.osDelay)
    __arm_cp.0_0                             0x00000af0   Number         4  rtx_delay.o(.text.osDelay)
    [Anonymous Symbol]                       0x00000af4   Section        0  rtx_evflags.o(.text.osEventFlagsSet)
    __arm_cp.2_0                             0x00000b40   Number         4  rtx_evflags.o(.text.osEventFlagsSet)
    [Anonymous Symbol]                       0x00000b44   Section        0  rtx_evflags.o(.text.osEventFlagsWait)
    __arm_cp.7_0                             0x00000b84   Number         4  rtx_evflags.o(.text.osEventFlagsWait)
    [Anonymous Symbol]                       0x00000b88   Section        0  rtx_kernel.o(.text.osKernelGetState)
    __arm_cp.4_0                             0x00000bb0   Number         4  rtx_kernel.o(.text.osKernelGetState)
    __arm_cp.4_1                             0x00000bb4   Number         4  rtx_kernel.o(.text.osKernelGetState)
    [Anonymous Symbol]                       0x00000bb8   Section        0  rtx_kernel.o(.text.osKernelInitialize)
    __arm_cp.1_0                             0x00000bdc   Number         4  rtx_kernel.o(.text.osKernelInitialize)
    [Anonymous Symbol]                       0x00000be0   Section        0  rtx_kernel.o(.text.osKernelStart)
    __arm_cp.6_0                             0x00000c00   Number         4  rtx_kernel.o(.text.osKernelStart)
    [Anonymous Symbol]                       0x00000c04   Section        0  rtx_msgqueue.o(.text.osMessageQueueGet)
    __arm_cp.3_0                             0x00000c74   Number         4  rtx_msgqueue.o(.text.osMessageQueueGet)
    [Anonymous Symbol]                       0x00000c78   Section        0  rtx_msgqueue.o(.text.osMessageQueueNew)
    __arm_cp.0_0                             0x00000c98   Number         4  rtx_msgqueue.o(.text.osMessageQueueNew)
    [Anonymous Symbol]                       0x00000c9c   Section        0  rtx_msgqueue.o(.text.osMessageQueuePut)
    __arm_cp.2_0                             0x00000d10   Number         4  rtx_msgqueue.o(.text.osMessageQueuePut)
    [Anonymous Symbol]                       0x00000d14   Section        0  rtx_mutex.o(.text.osMutexAcquire)
    __arm_cp.3_0                             0x00000d38   Number         4  rtx_mutex.o(.text.osMutexAcquire)
    [Anonymous Symbol]                       0x00000d3c   Section        0  rtx_mutex.o(.text.osMutexDelete)
    __arm_cp.6_0                             0x00000d60   Number         4  rtx_mutex.o(.text.osMutexDelete)
    [Anonymous Symbol]                       0x00000d64   Section        0  rtx_mutex.o(.text.osMutexNew)
    __arm_cp.1_0                             0x00000d84   Number         4  rtx_mutex.o(.text.osMutexNew)
    [Anonymous Symbol]                       0x00000d88   Section        0  rtx_mutex.o(.text.osMutexRelease)
    __arm_cp.4_0                             0x00000dac   Number         4  rtx_mutex.o(.text.osMutexRelease)
    [Anonymous Symbol]                       0x00000db0   Section        0  rtx_kernel.o(.text.osRtxKernelPreInit)
    [Anonymous Symbol]                       0x00000db2   Section        0  rtx_memory.o(.text.osRtxMemoryAlloc)
    [Anonymous Symbol]                       0x00000e2e   Section        0  rtx_memory.o(.text.osRtxMemoryFree)
    [Anonymous Symbol]                       0x00000e7c   Section        0  rtx_memory.o(.text.osRtxMemoryInit)
    [Anonymous Symbol]                       0x00000eae   Section        0  rtx_mempool.o(.text.osRtxMemoryPoolAlloc)
    [Anonymous Symbol]                       0x00000edc   Section        0  rtx_mempool.o(.text.osRtxMemoryPoolFree)
    [Anonymous Symbol]                       0x00000f16   Section        0  rtx_mempool.o(.text.osRtxMemoryPoolInit)
    [Anonymous Symbol]                       0x00000f54   Section        0  rtx_msgqueue.o(.text.osRtxMessageQueuePostProcess)
    osRtxMessageQueuePostProcess             0x00000f55   Thumb Code   188  rtx_msgqueue.o(.text.osRtxMessageQueuePostProcess)
    [Anonymous Symbol]                       0x00001010   Section        0  rtx_mutex.o(.text.osRtxMutexOwnerRelease)
    [Anonymous Symbol]                       0x00001054   Section        0  rtx_system.o(.text.osRtxPendSV_Handler)
    __arm_cp.1_0                             0x000010d0   Number         4  rtx_system.o(.text.osRtxPendSV_Handler)
    [Anonymous Symbol]                       0x000010d4   Section        0  rtx_system.o(.text.osRtxPostProcess)
    __arm_cp.2_0                             0x00001138   Number         4  rtx_system.o(.text.osRtxPostProcess)
    __arm_cp.2_1                             0x0000113c   Number         4  rtx_system.o(.text.osRtxPostProcess)
    [Anonymous Symbol]                       0x00001140   Section        0  rtx_semaphore.o(.text.osRtxSemaphorePostProcess)
    osRtxSemaphorePostProcess                0x00001141   Thumb Code    36  rtx_semaphore.o(.text.osRtxSemaphorePostProcess)
    [Anonymous Symbol]                       0x00001164   Section        0  rtx_thread.o(.text.osRtxThreadBlock)
    osRtxThreadBlock                         0x00001165   Thumb Code    56  rtx_thread.o(.text.osRtxThreadBlock)
    __arm_cp.10_0                            0x00001198   Number         4  rtx_thread.o(.text.osRtxThreadBlock)
    [Anonymous Symbol]                       0x0000119c   Section        0  rtx_thread.o(.text.osRtxThreadDelayInsert)
    osRtxThreadDelayInsert                   0x0000119d   Thumb Code   128  rtx_thread.o(.text.osRtxThreadDelayInsert)
    __arm_cp.14_0                            0x00001218   Number         4  rtx_thread.o(.text.osRtxThreadDelayInsert)
    [Anonymous Symbol]                       0x0000121c   Section        0  rtx_thread.o(.text.osRtxThreadDelayRemove)
    osRtxThreadDelayRemove                   0x0000121d   Thumb Code    68  rtx_thread.o(.text.osRtxThreadDelayRemove)
    __arm_cp.12_0                            0x0000125c   Number         4  rtx_thread.o(.text.osRtxThreadDelayRemove)
    [Anonymous Symbol]                       0x00001260   Section        0  rtx_thread.o(.text.osRtxThreadDelayTick)
    __arm_cp.5_0                             0x00001294   Number         4  rtx_thread.o(.text.osRtxThreadDelayTick)
    [Anonymous Symbol]                       0x00001298   Section        0  rtx_thread.o(.text.osRtxThreadDispatch)
    __arm_cp.9_0                             0x000012e4   Number         4  rtx_thread.o(.text.osRtxThreadDispatch)
    [Anonymous Symbol]                       0x000012e8   Section        0  rtx_thread.o(.text.osRtxThreadFree)
    osRtxThreadFree                          0x000012e9   Thumb Code    84  rtx_thread.o(.text.osRtxThreadFree)
    __arm_cp.52_0                            0x00001338   Number         4  rtx_thread.o(.text.osRtxThreadFree)
    [Anonymous Symbol]                       0x0000133c   Section        0  rtx_thread.o(.text.osRtxThreadListGet)
    [Anonymous Symbol]                       0x00001350   Section        0  rtx_thread.o(.text.osRtxThreadListPut)
    [Anonymous Symbol]                       0x0000137c   Section        0  rtx_thread.o(.text.osRtxThreadListRemove)
    [Anonymous Symbol]                       0x00001394   Section        0  rtx_thread.o(.text.osRtxThreadListSort)
    [Anonymous Symbol]                       0x000013ba   Section        0  rtx_thread.o(.text.osRtxThreadPostProcess)
    osRtxThreadPostProcess                   0x000013bb   Thumb Code    38  rtx_thread.o(.text.osRtxThreadPostProcess)
    [Anonymous Symbol]                       0x000013e0   Section        0  rtx_thread.o(.text.osRtxThreadReadyPut)
    __arm_cp.4_0                             0x000013f4   Number         4  rtx_thread.o(.text.osRtxThreadReadyPut)
    [Anonymous Symbol]                       0x000013f8   Section        0  rtx_thread.o(.text.osRtxThreadRegPtr)
    [Anonymous Symbol]                       0x00001400   Section        0  rtx_thread.o(.text.osRtxThreadStackCheck)
    __arm_cp.8_0                             0x00001424   Number         4  rtx_thread.o(.text.osRtxThreadStackCheck)
    __arm_cp.8_1                             0x00001428   Number         4  rtx_thread.o(.text.osRtxThreadStackCheck)
    [Anonymous Symbol]                       0x0000142c   Section        0  rtx_thread.o(.text.osRtxThreadStartup)
    __arm_cp.15_0                            0x0000145c   Number         4  rtx_thread.o(.text.osRtxThreadStartup)
    __arm_cp.15_1                            0x00001460   Number         4  rtx_thread.o(.text.osRtxThreadStartup)
    __arm_cp.15_2                            0x00001464   Number         4  rtx_thread.o(.text.osRtxThreadStartup)
    __arm_cp.15_3                            0x00001468   Number         4  rtx_thread.o(.text.osRtxThreadStartup)
    [Anonymous Symbol]                       0x0000146c   Section        0  rtx_thread.o(.text.osRtxThreadSwitch)
    __arm_cp.7_0                             0x0000147c   Number         4  rtx_thread.o(.text.osRtxThreadSwitch)
    [Anonymous Symbol]                       0x00001480   Section        0  rtx_thread.o(.text.osRtxThreadWaitEnter)
    __arm_cp.13_0                            0x000014b8   Number         4  rtx_thread.o(.text.osRtxThreadWaitEnter)
    [Anonymous Symbol]                       0x000014bc   Section        0  rtx_thread.o(.text.osRtxThreadWaitExit)
    [Anonymous Symbol]                       0x000014e0   Section        0  rtx_system.o(.text.osRtxTick_Handler)
    __arm_cp.0_0                             0x00001550   Number         4  rtx_system.o(.text.osRtxTick_Handler)
    [Anonymous Symbol]                       0x00001554   Section        0  rtx_timer.o(.text.osRtxTimerThread)
    __arm_cp.0_0                             0x00001584   Number         4  rtx_timer.o(.text.osRtxTimerThread)
    __arm_cp.0_1                             0x00001588   Number         4  rtx_timer.o(.text.osRtxTimerThread)
    __arm_cp.0_2                             0x0000158c   Number         4  rtx_timer.o(.text.osRtxTimerThread)
    [Anonymous Symbol]                       0x00001590   Section        0  rtx_timer.o(.text.osRtxTimerTick)
    osRtxTimerTick                           0x00001591   Thumb Code    96  rtx_timer.o(.text.osRtxTimerTick)
    __arm_cp.1_0                             0x000015ec   Number         4  rtx_timer.o(.text.osRtxTimerTick)
    [Anonymous Symbol]                       0x000015f0   Section        0  rtx_semaphore.o(.text.osSemaphoreAcquire)
    __arm_cp.2_0                             0x00001630   Number         4  rtx_semaphore.o(.text.osSemaphoreAcquire)
    [Anonymous Symbol]                       0x00001634   Section        0  rtx_semaphore.o(.text.osSemaphoreNew)
    __arm_cp.0_0                             0x00001654   Number         4  rtx_semaphore.o(.text.osSemaphoreNew)
    [Anonymous Symbol]                       0x00001658   Section        0  rtx_semaphore.o(.text.osSemaphoreRelease)
    __arm_cp.3_0                             0x000016a0   Number         4  rtx_semaphore.o(.text.osSemaphoreRelease)
    [Anonymous Symbol]                       0x000016a4   Section        0  rtx_thread.o(.text.osThreadExit)
    __arm_cp.31_0                            0x000016ac   Number         4  rtx_thread.o(.text.osThreadExit)
    [Anonymous Symbol]                       0x000016b0   Section        0  rtx_thread.o(.text.osThreadNew)
    __arm_cp.17_0                            0x000016d0   Number         4  rtx_thread.o(.text.osThreadNew)
    [Anonymous Symbol]                       0x000016d4   Section        0  rtx_delay.o(.text.svcRtxDelay)
    svcRtxDelay                              0x000016d5   Thumb Code    18  rtx_delay.o(.text.svcRtxDelay)
    [Anonymous Symbol]                       0x000016e6   Section        0  rtx_evflags.o(.text.svcRtxEventFlagsSet)
    svcRtxEventFlagsSet                      0x000016e7   Thumb Code   124  rtx_evflags.o(.text.svcRtxEventFlagsSet)
    [Anonymous Symbol]                       0x00001764   Section        0  rtx_evflags.o(.text.svcRtxEventFlagsWait)
    svcRtxEventFlagsWait                     0x00001765   Thumb Code   100  rtx_evflags.o(.text.svcRtxEventFlagsWait)
    __arm_cp.14_0                            0x000017c4   Number         4  rtx_evflags.o(.text.svcRtxEventFlagsWait)
    [Anonymous Symbol]                       0x000017c8   Section        0  rtx_kernel.o(.text.svcRtxKernelGetState)
    svcRtxKernelGetState                     0x000017c9   Thumb Code    12  rtx_kernel.o(.text.svcRtxKernelGetState)
    __arm_cp.5_0                             0x000017d0   Number         4  rtx_kernel.o(.text.svcRtxKernelGetState)
    [Anonymous Symbol]                       0x000017d4   Section        0  rtx_kernel.o(.text.svcRtxKernelInitialize)
    svcRtxKernelInitialize                   0x000017d5   Thumb Code   328  rtx_kernel.o(.text.svcRtxKernelInitialize)
    __arm_cp.20_0                            0x00001910   Number         4  rtx_kernel.o(.text.svcRtxKernelInitialize)
    __arm_cp.20_1                            0x00001914   Number         4  rtx_kernel.o(.text.svcRtxKernelInitialize)
    __arm_cp.20_2                            0x00001918   Number         4  rtx_kernel.o(.text.svcRtxKernelInitialize)
    [Anonymous Symbol]                       0x0000191c   Section        0  rtx_kernel.o(.text.svcRtxKernelStart)
    svcRtxKernelStart                        0x0000191d   Thumb Code   132  rtx_kernel.o(.text.svcRtxKernelStart)
    __arm_cp.21_0                            0x00001990   Number         4  rtx_kernel.o(.text.svcRtxKernelStart)
    __arm_cp.21_1                            0x00001994   Number         4  rtx_kernel.o(.text.svcRtxKernelStart)
    __arm_cp.21_2                            0x00001998   Number         4  rtx_kernel.o(.text.svcRtxKernelStart)
    __arm_cp.21_3                            0x0000199c   Number         4  rtx_kernel.o(.text.svcRtxKernelStart)
    [Anonymous Symbol]                       0x000019a0   Section        0  rtx_msgqueue.o(.text.svcRtxMessageQueueGet)
    svcRtxMessageQueueGet                    0x000019a1   Thumb Code   232  rtx_msgqueue.o(.text.svcRtxMessageQueueGet)
    __arm_cp.21_0                            0x00001a84   Number         4  rtx_msgqueue.o(.text.svcRtxMessageQueueGet)
    [Anonymous Symbol]                       0x00001a88   Section        0  rtx_msgqueue.o(.text.svcRtxMessageQueueNew)
    svcRtxMessageQueueNew                    0x00001a89   Thumb Code   484  rtx_msgqueue.o(.text.svcRtxMessageQueueNew)
    __arm_cp.14_0                            0x00001c54   Number         4  rtx_msgqueue.o(.text.svcRtxMessageQueueNew)
    __arm_cp.14_1                            0x00001c58   Number         4  rtx_msgqueue.o(.text.svcRtxMessageQueueNew)
    __arm_cp.14_2                            0x00001c5c   Number         4  rtx_msgqueue.o(.text.svcRtxMessageQueueNew)
    __arm_cp.14_3                            0x00001c60   Number         4  rtx_msgqueue.o(.text.svcRtxMessageQueueNew)
    __arm_cp.14_4                            0x00001c64   Number         4  rtx_msgqueue.o(.text.svcRtxMessageQueueNew)
    __arm_cp.14_5                            0x00001c68   Number         4  rtx_msgqueue.o(.text.svcRtxMessageQueueNew)
    [Anonymous Symbol]                       0x00001c6c   Section        0  rtx_msgqueue.o(.text.svcRtxMessageQueuePut)
    svcRtxMessageQueuePut                    0x00001c6d   Thumb Code   188  rtx_msgqueue.o(.text.svcRtxMessageQueuePut)
    __arm_cp.19_0                            0x00001d24   Number         4  rtx_msgqueue.o(.text.svcRtxMessageQueuePut)
    [Anonymous Symbol]                       0x00001d28   Section        0  rtx_mutex.o(.text.svcRtxMutexAcquire)
    svcRtxMutexAcquire                       0x00001d29   Thumb Code   152  rtx_mutex.o(.text.svcRtxMutexAcquire)
    __arm_cp.9_0                             0x00001dbc   Number         4  rtx_mutex.o(.text.svcRtxMutexAcquire)
    [Anonymous Symbol]                       0x00001dc0   Section        0  rtx_mutex.o(.text.svcRtxMutexDelete)
    svcRtxMutexDelete                        0x00001dc1   Thumb Code   188  rtx_mutex.o(.text.svcRtxMutexDelete)
    __arm_cp.12_0                            0x00001e78   Number         4  rtx_mutex.o(.text.svcRtxMutexDelete)
    [Anonymous Symbol]                       0x00001e7c   Section        0  rtx_mutex.o(.text.svcRtxMutexNew)
    svcRtxMutexNew                           0x00001e7d   Thumb Code   112  rtx_mutex.o(.text.svcRtxMutexNew)
    __arm_cp.7_0                             0x00001ee8   Number         4  rtx_mutex.o(.text.svcRtxMutexNew)
    [Anonymous Symbol]                       0x00001eec   Section        0  rtx_mutex.o(.text.svcRtxMutexRelease)
    svcRtxMutexRelease                       0x00001eed   Thumb Code   192  rtx_mutex.o(.text.svcRtxMutexRelease)
    __arm_cp.10_0                            0x00001fa8   Number         4  rtx_mutex.o(.text.svcRtxMutexRelease)
    [Anonymous Symbol]                       0x00001fac   Section        0  rtx_semaphore.o(.text.svcRtxSemaphoreAcquire)
    svcRtxSemaphoreAcquire                   0x00001fad   Thumb Code    76  rtx_semaphore.o(.text.svcRtxSemaphoreAcquire)
    __arm_cp.11_0                            0x00001ff4   Number         4  rtx_semaphore.o(.text.svcRtxSemaphoreAcquire)
    [Anonymous Symbol]                       0x00001ff8   Section        0  rtx_semaphore.o(.text.svcRtxSemaphoreNew)
    svcRtxSemaphoreNew                       0x00001ff9   Thumb Code   136  rtx_semaphore.o(.text.svcRtxSemaphoreNew)
    __arm_cp.7_0                             0x00002074   Number         4  rtx_semaphore.o(.text.svcRtxSemaphoreNew)
    __arm_cp.7_1                             0x00002078   Number         4  rtx_semaphore.o(.text.svcRtxSemaphoreNew)
    __arm_cp.7_2                             0x0000207c   Number         4  rtx_semaphore.o(.text.svcRtxSemaphoreNew)
    [Anonymous Symbol]                       0x00002080   Section        0  rtx_semaphore.o(.text.svcRtxSemaphoreRelease)
    svcRtxSemaphoreRelease                   0x00002081   Thumb Code    56  rtx_semaphore.o(.text.svcRtxSemaphoreRelease)
    [Anonymous Symbol]                       0x000020b8   Section        0  rtx_thread.o(.text.svcRtxThreadExit)
    svcRtxThreadExit                         0x000020b9   Thumb Code   108  rtx_thread.o(.text.svcRtxThreadExit)
    __arm_cp.54_0                            0x00002120   Number         4  rtx_thread.o(.text.svcRtxThreadExit)
    [Anonymous Symbol]                       0x00002124   Section        0  rtx_thread.o(.text.svcRtxThreadNew)
    svcRtxThreadNew                          0x00002125   Thumb Code   492  rtx_thread.o(.text.svcRtxThreadNew)
    __arm_cp.16_0                            0x000022f8   Number         4  rtx_thread.o(.text.svcRtxThreadNew)
    __arm_cp.16_1                            0x000022fc   Number         4  rtx_thread.o(.text.svcRtxThreadNew)
    __arm_cp.16_2                            0x00002300   Number         4  rtx_thread.o(.text.svcRtxThreadNew)
    __arm_cp.16_3                            0x00002304   Number         4  rtx_thread.o(.text.svcRtxThreadNew)
    __arm_cp.16_4                            0x00002308   Number         4  rtx_thread.o(.text.svcRtxThreadNew)
    __arm_cp.16_5                            0x0000230c   Number         4  rtx_thread.o(.text.svcRtxThreadNew)
    i.SystemCoreClockUpdate                  0x00002310   Section        0  system_mkl25z4.o(i.SystemCoreClockUpdate)
    i.SystemInit                             0x000024a0   Section        0  system_mkl25z4.o(i.SystemInit)
    i.TPM0_IRQHandler                        0x000024ac   Section        0  main.o(i.TPM0_IRQHandler)
    i.UART2_IRQHandler                       0x00002580   Section        0  main.o(i.UART2_IRQHandler)
    i.__ARM_common_switch8                   0x000025b4   Section        0  pwm.o(i.__ARM_common_switch8)
    i.__NVIC_ClearPendingIRQ                 0x000025d0   Section        0  main.o(i.__NVIC_ClearPendingIRQ)
    __NVIC_ClearPendingIRQ                   0x000025d1   Thumb Code    18  main.o(i.__NVIC_ClearPendingIRQ)
    i.__NVIC_SetPriority                     0x000025e8   Section        0  uart.o(i.__NVIC_SetPriority)
    __NVIC_SetPriority                       0x000025e9   Thumb Code   110  uart.o(i.__NVIC_SetPriority)
    i._mutex_acquire                         0x00002660   Section        0  rtx_lib.o(i._mutex_acquire)
    __tagsym$$used                           0x00002661   Number         0  rtx_lib.o(i._mutex_acquire)
    i._mutex_free                            0x00002678   Section        0  rtx_lib.o(i._mutex_free)
    __tagsym$$used                           0x00002679   Number         0  rtx_lib.o(i._mutex_free)
    i._mutex_initialize                      0x00002684   Section        0  rtx_lib.o(i._mutex_initialize)
    __tagsym$$used                           0x00002685   Number         0  rtx_lib.o(i._mutex_initialize)
    i._mutex_release                         0x000026a8   Section        0  rtx_lib.o(i._mutex_release)
    __tagsym$$used                           0x000026a9   Number         0  rtx_lib.o(i._mutex_release)
    i._platform_post_stackheap_init          0x000026bc   Section        0  rtx_lib.o(i._platform_post_stackheap_init)
    i.audio_thread                           0x000026c4   Section        0  main.o(i.audio_thread)
    i.auto_drive_thread                      0x00002780   Section        0  main.o(i.auto_drive_thread)
    i.brain_thread                           0x0000281c   Section        0  main.o(i.brain_thread)
    i.enableTPM                              0x000028b8   Section        0  pwm.o(i.enableTPM)
    i.flash_back                             0x00002900   Section        0  main.o(i.flash_back)
    i.flash_front                            0x00002980   Section        0  main.o(i.flash_front)
    i.getGPIO                                0x000029e8   Section        0  gpio.o(i.getGPIO)
    i.iniAudio                               0x00002a34   Section        0  audio.o(i.iniAudio)
    i.initChannel                            0x00002ad8   Section        0  pwm.o(i.initChannel)
    i.initGPIO                               0x00002c20   Section        0  gpio.o(i.initGPIO)
    i.initLED                                0x00002c5a   Section        0  main.o(i.initLED)
    i.initMotor                              0x00002c7c   Section        0  motor.o(i.initMotor)
    i.initPWM                                0x00002cd8   Section        0  pwm.o(i.initPWM)
    i.initPort                               0x00002d10   Section        0  pwm.o(i.initPort)
    i.initTimer                              0x00002d34   Section        0  pwm.o(i.initTimer)
    i.initUART2                              0x00002dd4   Section        0  uart.o(i.initUART2)
    i.lightUpALL                             0x00002ea0   Section        0  main.o(i.lightUpALL)
    i.main                                   0x00002ec0   Section        0  main.o(i.main)
    i.motor_thread                           0x00003010   Section        0  main.o(i.motor_thread)
    i.moving_backward                        0x00003084   Section        0  motor.o(i.moving_backward)
    i.moving_forward                         0x000030b8   Section        0  motor.o(i.moving_forward)
    i.moving_left                            0x000030ec   Section        0  motor.o(i.moving_left)
    i.moving_left_backward                   0x00003120   Section        0  motor.o(i.moving_left_backward)
    i.moving_left_forward                    0x00003158   Section        0  motor.o(i.moving_left_forward)
    i.moving_right                           0x00003190   Section        0  motor.o(i.moving_right)
    i.moving_right_backward                  0x000031c4   Section        0  motor.o(i.moving_right_backward)
    i.moving_right_forward                   0x000031fc   Section        0  motor.o(i.moving_right_forward)
    i.offLED                                 0x00003234   Section        0  main.o(i.offLED)
    i.osRtxErrorNotify                       0x00003254   Section        0  rtx_config.o(i.osRtxErrorNotify)
    i.osRtxIdleThread                        0x00003274   Section        0  rtx_config.o(i.osRtxIdleThread)
    i.os_kernel_is_active                    0x00003278   Section        0  rtx_lib.o(i.os_kernel_is_active)
    os_kernel_is_active                      0x00003279   Thumb Code    30  rtx_lib.o(i.os_kernel_is_active)
    i.setPin                                 0x0000329c   Section        0  gpio.o(i.setPin)
    i.set_clock_source                       0x000032c8   Section        0  pwm.o(i.set_clock_source)
    i.set_duty_cycle                         0x000032ec   Section        0  pwm.o(i.set_duty_cycle)
    i.stop                                   0x0000336c   Section        0  motor.o(i.stop)
    .constdata                               0x00003398   Section      100  rtx_lib.o(.constdata)
    x$fpl$usenofp                            0x00003398   Section        0  usenofp.o(x$fpl$usenofp)
    os_idle_thread_attr                      0x00003398   Data          36  rtx_lib.o(.constdata)
    os_timer_thread_attr                     0x000033bc   Data          36  rtx_lib.o(.constdata)
    os_timer_mq_attr                         0x000033e0   Data          24  rtx_lib.o(.constdata)
    .constdata                               0x000033fc   Section        1  irq_cm0.o(.constdata)
    .rodata                                  0x00003400   Section      160  rtx_lib.o(.rodata)
    __tagsym$$used                           0x00003400   Number         0  rtx_lib.o(.rodata)
    __tagsym$$used                           0x00003468   Number         0  rtx_lib.o(.rodata)
    [Anonymous Symbol]                       0x000034a0   Section        0  rtx_kernel.o(.rodata.str1.4)
    .L.str                                   0x000034a0   Data          11  rtx_kernel.o(.rodata.str1.4)
    .bss.os                                  0x1ffff000   Section     4160  rtx_lib.o(.bss.os)
    os_mem                                   0x1ffff000   Data        4096  rtx_lib.o(.bss.os)
    os_isr_queue                             0x20000000   Data          64  rtx_lib.o(.bss.os)
    .bss.os.msgqueue.cb                      0x20000040   Section       52  rtx_lib.o(.bss.os.msgqueue.cb)
    os_timer_mq_cb                           0x20000040   Data          52  rtx_lib.o(.bss.os.msgqueue.cb)
    .bss.os.msgqueue.mem                     0x20000074   Section       80  rtx_lib.o(.bss.os.msgqueue.mem)
    os_timer_mq_data                         0x20000074   Data          80  rtx_lib.o(.bss.os.msgqueue.mem)
    .bss.os.thread.cb                        0x200000c4   Section      136  rtx_lib.o(.bss.os.thread.cb)
    os_idle_thread_cb                        0x200000c4   Data          68  rtx_lib.o(.bss.os.thread.cb)
    os_timer_thread_cb                       0x20000108   Data          68  rtx_lib.o(.bss.os.thread.cb)
    .bss.os.thread.stack                     0x20000150   Section      512  rtx_lib.o(.bss.os.thread.stack)
    os_idle_thread_stack                     0x20000150   Data         256  rtx_lib.o(.bss.os.thread.stack)
    os_timer_thread_stack                    0x20000250   Data         256  rtx_lib.o(.bss.os.thread.stack)
    .data                                    0x20000350   Section      336  main.o(.data)
    .data                                    0x200004a0   Section       12  motor.o(.data)
    .data                                    0x200004ac   Section        5  rtx_lib.o(.data)
    os_kernel_active                         0x200004b0   Data           1  rtx_lib.o(.data)
    .data                                    0x200004b4   Section        4  system_mkl25z4.o(.data)
    .bss                                     0x2000055c   Section       96  libspace.o(.bss)
    [Anonymous Symbol]                       0x200005bc   Section        0  os_systick.o(.bss.PendST)
    PendST                                   0x200005bc   Data           1  os_systick.o(.bss.PendST)
    HEAP                                     0x200005c0   Section        0  startup_mkl25z4.o(HEAP)
    STACK                                    0x200005c0   Section      256  startup_mkl25z4.o(STACK)
    Heap_Mem                                 0x200005c0   Data           0  startup_mkl25z4.o(HEAP)
    Stack_Mem                                0x200005c0   Data         256  startup_mkl25z4.o(STACK)
    __initial_sp                             0x200006c0   Data           0  startup_mkl25z4.o(STACK)

    Global Symbols

    Symbol Name                              Value     Ov Type        Size  Object(Section)

    BuildAttributes$$THM_ISAv3M$S$PE$A:L22$X:L11$S22$IEEE1$IW$~IW$USESV6$~STKCKD$USESV7$~SHL$OSPACE$ROPI$EBA8$UX$STANDARDLIB$REQ8$PRES8$EABIv2 0x00000000   Number         0  anon$$obj.o ABSOLUTE
    __ARM_use_no_argv                        0x00000000   Number         0  main.o ABSOLUTE
    __Vectors                                0x00000000   Data           4  startup_mkl25z4.o(RESET)
    .bss.os.evflags.cb$$Base                  - Undefined Weak Reference
    .bss.os.evflags.cb$$Limit                 - Undefined Weak Reference
    .bss.os.mempool.cb$$Base                  - Undefined Weak Reference
    .bss.os.mempool.cb$$Limit                 - Undefined Weak Reference
    .bss.os.mutex.cb$$Base                    - Undefined Weak Reference
    .bss.os.mutex.cb$$Limit                   - Undefined Weak Reference
    .bss.os.semaphore.cb$$Base                - Undefined Weak Reference
    .bss.os.semaphore.cb$$Limit               - Undefined Weak Reference
    .bss.os.timer.cb$$Base                    - Undefined Weak Reference
    .bss.os.timer.cb$$Limit                   - Undefined Weak Reference
    __ARM_exceptions_init                     - Undefined Weak Reference
    __alloca_initialize                       - Undefined Weak Reference
    __arm_preinit_                            - Undefined Weak Reference
    __cpp_initialize__aeabi_                  - Undefined Weak Reference
    __cxa_finalize                            - Undefined Weak Reference
    __rt_locale                               - Undefined Weak Reference
    __sigvec_lookup                           - Undefined Weak Reference
    _atexit_init                              - Undefined Weak Reference
    _call_atexit_fns                          - Undefined Weak Reference
    _clock_init                               - Undefined Weak Reference
    _fp_trap_init                             - Undefined Weak Reference
    _fp_trap_shutdown                         - Undefined Weak Reference
    _get_lc_collate                           - Undefined Weak Reference
    _get_lc_ctype                             - Undefined Weak Reference
    _get_lc_monetary                          - Undefined Weak Reference
    _get_lc_numeric                           - Undefined Weak Reference
    _get_lc_time                              - Undefined Weak Reference
    _getenv_init                              - Undefined Weak Reference
    _handle_redirection                       - Undefined Weak Reference
    _init_alloc                               - Undefined Weak Reference
    _init_user_alloc                          - Undefined Weak Reference
    _initio                                   - Undefined Weak Reference
    _rand_init                                - Undefined Weak Reference
    _signal_finish                            - Undefined Weak Reference
    _signal_init                              - Undefined Weak Reference
    _terminate_alloc                          - Undefined Weak Reference
    _terminate_user_alloc                     - Undefined Weak Reference
    _terminateio                              - Undefined Weak Reference
    __Vectors_End                            0x000000c0   Data           0  startup_mkl25z4.o(RESET)
    __Vectors_Size                           0x000000c0   Number         0  startup_mkl25z4.o ABSOLUTE
    __main                                   0x000000c1   Thumb Code     8  __main.o(!!!main)
    __scatterload                            0x000000c9   Thumb Code     0  __scatter.o(!!!scatter)
    __scatterload_rt2                        0x000000c9   Thumb Code    52  __scatter.o(!!!scatter)
    __scatterload_rt2_thumb_only             0x000000c9   Thumb Code     0  __scatter.o(!!!scatter)
    __scatterload_null                       0x000000d9   Thumb Code     0  __scatter.o(!!!scatter)
    __scatterload_zeroinit                   0x00000105   Thumb Code    28  __scatter_zi.o(!!handler_zi)
    __rt_lib_init                            0x00000121   Thumb Code     0  libinit.o(.ARM.Collect$$libinit$$00000000)
    __rt_lib_init_alloca_1                   0x00000123   Thumb Code     0  libinit2.o(.ARM.Collect$$libinit$$0000002E)
    __rt_lib_init_argv_1                     0x00000123   Thumb Code     0  libinit2.o(.ARM.Collect$$libinit$$0000002C)
    __rt_lib_init_atexit_1                   0x00000123   Thumb Code     0  libinit2.o(.ARM.Collect$$libinit$$0000001B)
    __rt_lib_init_clock_1                    0x00000123   Thumb Code     0  libinit2.o(.ARM.Collect$$libinit$$00000021)
    __rt_lib_init_cpp_1                      0x00000123   Thumb Code     0  libinit2.o(.ARM.Collect$$libinit$$00000032)
    __rt_lib_init_exceptions_1               0x00000123   Thumb Code     0  libinit2.o(.ARM.Collect$$libinit$$00000030)
    __rt_lib_init_fp_1                       0x00000123   Thumb Code     0  libinit2.o(.ARM.Collect$$libinit$$00000002)
    __rt_lib_init_fp_trap_1                  0x00000123   Thumb Code     0  libinit2.o(.ARM.Collect$$libinit$$0000001F)
    __rt_lib_init_getenv_1                   0x00000123   Thumb Code     0  libinit2.o(.ARM.Collect$$libinit$$00000023)
    __rt_lib_init_heap_1                     0x00000123   Thumb Code     0  libinit2.o(.ARM.Collect$$libinit$$0000000A)
    __rt_lib_init_lc_collate_1               0x00000123   Thumb Code     0  libinit2.o(.ARM.Collect$$libinit$$00000011)
    __rt_lib_init_lc_ctype_1                 0x00000123   Thumb Code     0  libinit2.o(.ARM.Collect$$libinit$$00000013)
    __rt_lib_init_lc_monetary_1              0x00000123   Thumb Code     0  libinit2.o(.ARM.Collect$$libinit$$00000015)
    __rt_lib_init_lc_numeric_1               0x00000123   Thumb Code     0  libinit2.o(.ARM.Collect$$libinit$$00000017)
    __rt_lib_init_lc_time_1                  0x00000123   Thumb Code     0  libinit2.o(.ARM.Collect$$libinit$$00000019)
    __rt_lib_init_preinit_1                  0x00000123   Thumb Code     0  libinit2.o(.ARM.Collect$$libinit$$00000004)
    __rt_lib_init_rand_1                     0x00000123   Thumb Code     0  libinit2.o(.ARM.Collect$$libinit$$0000000E)
    __rt_lib_init_return                     0x00000123   Thumb Code     0  libinit2.o(.ARM.Collect$$libinit$$00000033)
    __rt_lib_init_signal_1                   0x00000123   Thumb Code     0  libinit2.o(.ARM.Collect$$libinit$$0000001D)
    __rt_lib_init_stdio_1                    0x00000123   Thumb Code     0  libinit2.o(.ARM.Collect$$libinit$$00000025)
    __rt_lib_init_user_alloc_1               0x00000123   Thumb Code     0  libinit2.o(.ARM.Collect$$libinit$$0000000C)
    __rt_lib_shutdown                        0x00000125   Thumb Code     0  libshutdown.o(.ARM.Collect$$libshutdown$$00000000)
    __rt_lib_shutdown_cpp_1                  0x00000127   Thumb Code     0  libshutdown2.o(.ARM.Collect$$libshutdown$$00000002)
    __rt_lib_shutdown_fp_trap_1              0x00000127   Thumb Code     0  libshutdown2.o(.ARM.Collect$$libshutdown$$00000007)
    __rt_lib_shutdown_heap_1                 0x00000127   Thumb Code     0  libshutdown2.o(.ARM.Collect$$libshutdown$$0000000F)
    __rt_lib_shutdown_return                 0x00000127   Thumb Code     0  libshutdown2.o(.ARM.Collect$$libshutdown$$00000010)
    __rt_lib_shutdown_signal_1               0x00000127   Thumb Code     0  libshutdown2.o(.ARM.Collect$$libshutdown$$0000000A)
    __rt_lib_shutdown_stdio_1                0x00000127   Thumb Code     0  libshutdown2.o(.ARM.Collect$$libshutdown$$00000004)
    __rt_lib_shutdown_user_alloc_1           0x00000127   Thumb Code     0  libshutdown2.o(.ARM.Collect$$libshutdown$$0000000C)
    __rt_entry                               0x00000129   Thumb Code     0  __rtentry.o(.ARM.Collect$$rtentry$$00000000)
    __rt_entry_presh_1                       0x00000129   Thumb Code     0  __rtentry2.o(.ARM.Collect$$rtentry$$00000002)
    __rt_entry_sh                            0x00000129   Thumb Code     0  __rtentry4.o(.ARM.Collect$$rtentry$$00000004)
    __rt_entry_postsh_1                      0x0000012f   Thumb Code     0  __rtentry2.o(.ARM.Collect$$rtentry$$00000008)
    __rt_entry_li                            0x00000137   Thumb Code     0  __rtentry2.o(.ARM.Collect$$rtentry$$0000000A)
    __rt_entry_main                          0x0000013b   Thumb Code     0  __rtentry2.o(.ARM.Collect$$rtentry$$0000000D)
    __rt_entry_postli_1                      0x0000013b   Thumb Code     0  __rtentry2.o(.ARM.Collect$$rtentry$$0000000C)
    __rt_exit                                0x00000143   Thumb Code     0  rtexit.o(.ARM.Collect$$rtexit$$00000000)
    __rt_exit_ls                             0x00000145   Thumb Code     0  rtexit2.o(.ARM.Collect$$rtexit$$00000003)
    __rt_exit_prels_1                        0x00000145   Thumb Code     0  rtexit2.o(.ARM.Collect$$rtexit$$00000002)
    __rt_exit_exit                           0x00000149   Thumb Code     0  rtexit2.o(.ARM.Collect$$rtexit$$00000004)
    __aeabi_memcpy4                          0x00000151   Thumb Code    56  rt_memcpy.o(.emb_text)
    __aeabi_memcpy8                          0x00000151   Thumb Code     0  rt_memcpy.o(.emb_text)
    Reset_Handler                            0x00000189   Thumb Code    12  startup_mkl25z4.o(.text)
    NMI_Handler                              0x00000195   Thumb Code     2  startup_mkl25z4.o(.text)
    HardFault_Handler                        0x00000197   Thumb Code     2  startup_mkl25z4.o(.text)
    ADC0_IRQHandler                          0x0000019f   Thumb Code     0  startup_mkl25z4.o(.text)
    CMP0_IRQHandler                          0x0000019f   Thumb Code     0  startup_mkl25z4.o(.text)
    DAC0_IRQHandler                          0x0000019f   Thumb Code     0  startup_mkl25z4.o(.text)
    DMA0_IRQHandler                          0x0000019f   Thumb Code     0  startup_mkl25z4.o(.text)
    DMA1_IRQHandler                          0x0000019f   Thumb Code     0  startup_mkl25z4.o(.text)
    DMA2_IRQHandler                          0x0000019f   Thumb Code     0  startup_mkl25z4.o(.text)
    DMA3_IRQHandler                          0x0000019f   Thumb Code     0  startup_mkl25z4.o(.text)
    DefaultISR                               0x0000019f   Thumb Code     0  startup_mkl25z4.o(.text)
    FTFA_IRQHandler                          0x0000019f   Thumb Code     0  startup_mkl25z4.o(.text)
    I2C0_IRQHandler                          0x0000019f   Thumb Code     0  startup_mkl25z4.o(.text)
    I2C1_IRQHandler                          0x0000019f   Thumb Code     0  startup_mkl25z4.o(.text)
    LLWU_IRQHandler                          0x0000019f   Thumb Code     0  startup_mkl25z4.o(.text)
    LPTMR0_IRQHandler                        0x0000019f   Thumb Code     0  startup_mkl25z4.o(.text)
    LVD_LVW_IRQHandler                       0x0000019f   Thumb Code     0  startup_mkl25z4.o(.text)
    MCG_IRQHandler                           0x0000019f   Thumb Code     0  startup_mkl25z4.o(.text)
    PIT_IRQHandler                           0x0000019f   Thumb Code     0  startup_mkl25z4.o(.text)
    PORTA_IRQHandler                         0x0000019f   Thumb Code     0  startup_mkl25z4.o(.text)
    PORTD_IRQHandler                         0x0000019f   Thumb Code     0  startup_mkl25z4.o(.text)
    RTC_IRQHandler                           0x0000019f   Thumb Code     0  startup_mkl25z4.o(.text)
    RTC_Seconds_IRQHandler                   0x0000019f   Thumb Code     0  startup_mkl25z4.o(.text)
    Reserved20_IRQHandler                    0x0000019f   Thumb Code     0  startup_mkl25z4.o(.text)
    Reserved39_IRQHandler                    0x0000019f   Thumb Code     0  startup_mkl25z4.o(.text)
    Reserved45_IRQHandler                    0x0000019f   Thumb Code     0  startup_mkl25z4.o(.text)
    SPI0_IRQHandler                          0x0000019f   Thumb Code     0  startup_mkl25z4.o(.text)
    SPI1_IRQHandler                          0x0000019f   Thumb Code     0  startup_mkl25z4.o(.text)
    TPM1_IRQHandler                          0x0000019f   Thumb Code     0  startup_mkl25z4.o(.text)
    TPM2_IRQHandler                          0x0000019f   Thumb Code     0  startup_mkl25z4.o(.text)
    TSI0_IRQHandler                          0x0000019f   Thumb Code     0  startup_mkl25z4.o(.text)
    UART0_IRQHandler                         0x0000019f   Thumb Code     0  startup_mkl25z4.o(.text)
    UART1_IRQHandler                         0x0000019f   Thumb Code     0  startup_mkl25z4.o(.text)
    USB0_IRQHandler                          0x0000019f   Thumb Code     0  startup_mkl25z4.o(.text)
    __user_initial_stackheap                 0x000001a5   Thumb Code     0  startup_mkl25z4.o(.text)
    SVC_Handler                              0x000001c9   Thumb Code   132  irq_cm0.o(.text)
    PendSV_Handler                           0x0000024d   Thumb Code    12  irq_cm0.o(.text)
    SysTick_Handler                          0x00000259   Thumb Code    12  irq_cm0.o(.text)
    __aeabi_memcpy                           0x0000026d   Thumb Code   130  rt_memcpy.o(.text)
    __rt_memcpy                              0x0000026d   Thumb Code     0  rt_memcpy.o(.text)
    _memset_w                                0x000002ef   Thumb Code    26  rt_memclr.o(.text)
    _memset                                  0x00000309   Thumb Code    30  rt_memclr.o(.text)
    __aeabi_memclr                           0x00000327   Thumb Code     4  rt_memclr.o(.text)
    __rt_memclr                              0x00000327   Thumb Code     0  rt_memclr.o(.text)
    __aeabi_memclr4                          0x0000032b   Thumb Code     0  rt_memclr.o(.text)
    __aeabi_memclr8                          0x0000032b   Thumb Code     0  rt_memclr.o(.text)
    __rt_memclr_w                            0x0000032b   Thumb Code     4  rt_memclr.o(.text)
    __use_two_region_memory                  0x0000032f   Thumb Code     2  heapauxi.o(.text)
    __rt_heap_escrow$2region                 0x00000331   Thumb Code     2  heapauxi.o(.text)
    __rt_heap_expand$2region                 0x00000333   Thumb Code     2  heapauxi.o(.text)
    __aeabi_d2uiz                            0x00000335   Thumb Code     0  dfixui.o(.text)
    _dfixu                                   0x00000335   Thumb Code    68  dfixui.o(.text)
    __aeabi_i2d_normalise                    0x0000037d   Thumb Code    66  dflti.o(.text)
    __aeabi_i2d                              0x000003bf   Thumb Code    16  dflti.o(.text)
    _dflt                                    0x000003bf   Thumb Code     0  dflti.o(.text)
    __aeabi_ui2d                             0x000003cf   Thumb Code     6  dflti.o(.text)
    _dfltu                                   0x000003cf   Thumb Code     0  dflti.o(.text)
    exit                                     0x000003d5   Thumb Code    16  exit.o(.text)
    __user_libspace                          0x000003e5   Thumb Code     8  libspace.o(.text)
    __user_perproc_libspace                  0x000003e5   Thumb Code     0  libspace.o(.text)
    _sys_exit                                0x000003ed   Thumb Code     8  sys_exit.o(.text)
    __I$use$semihosting                      0x000003f9   Thumb Code     0  use_no_semi.o(.text)
    __use_no_semihosting_swi                 0x000003f9   Thumb Code     2  use_no_semi.o(.text)
    OS_Tick_GetIRQn                          0x000003fb   Thumb Code     6  os_systick.o(.text.OS_Tick_GetIRQn)
    __semihosting_library_function           0x000003fb   Thumb Code     0  indicate_semi.o(.text)
    __aeabi_uidiv                            0x00000411   Thumb Code     0  aeabi_sdiv.o(.text)
    __aeabi_uidivmod                         0x00000411   Thumb Code    20  aeabi_sdiv.o(.text)
    __aeabi_idiv                             0x00000425   Thumb Code     0  aeabi_sdiv.o(.text)
    __aeabi_idivmod                          0x00000425   Thumb Code   326  aeabi_sdiv.o(.text)
    __aeabi_dmul                             0x0000056d   Thumb Code     0  dmul.o(.text)
    _dmul                                    0x0000056d   Thumb Code   558  dmul.o(.text)
    __user_setup_stackheap                   0x000007b5   Thumb Code    62  sys_stackheap_outer.o(.text)
    __decompress                             0x000007f3   Thumb Code     0  __dczerorl2.o(.text)
    __decompress1                            0x000007f3   Thumb Code    86  __dczerorl2.o(.text)
    OS_Tick_AcknowledgeIRQ                   0x00000965   Thumb Code    12  os_systick.o(.text.OS_Tick_AcknowledgeIRQ)
    OS_Tick_Enable                           0x00000971   Thumb Code    44  os_systick.o(.text.OS_Tick_Enable)
    OS_Tick_Setup                            0x0000099d   Thumb Code    76  os_systick.o(.text.OS_Tick_Setup)
    osDelay                                  0x00000acd   Thumb Code    40  rtx_delay.o(.text.osDelay)
    osEventFlagsSet                          0x00000af5   Thumb Code    80  rtx_evflags.o(.text.osEventFlagsSet)
    osEventFlagsWait                         0x00000b45   Thumb Code    68  rtx_evflags.o(.text.osEventFlagsWait)
    osKernelGetState                         0x00000b89   Thumb Code    48  rtx_kernel.o(.text.osKernelGetState)
    osKernelInitialize                       0x00000bb9   Thumb Code    40  rtx_kernel.o(.text.osKernelInitialize)
    osKernelStart                            0x00000be1   Thumb Code    36  rtx_kernel.o(.text.osKernelStart)
    osMessageQueueGet                        0x00000c05   Thumb Code   116  rtx_msgqueue.o(.text.osMessageQueueGet)
    osMessageQueueNew                        0x00000c79   Thumb Code    36  rtx_msgqueue.o(.text.osMessageQueueNew)
    osMessageQueuePut                        0x00000c9d   Thumb Code   120  rtx_msgqueue.o(.text.osMessageQueuePut)
    osMutexAcquire                           0x00000d15   Thumb Code    40  rtx_mutex.o(.text.osMutexAcquire)
    osMutexDelete                            0x00000d3d   Thumb Code    40  rtx_mutex.o(.text.osMutexDelete)
    osMutexNew                               0x00000d65   Thumb Code    36  rtx_mutex.o(.text.osMutexNew)
    osMutexRelease                           0x00000d89   Thumb Code    40  rtx_mutex.o(.text.osMutexRelease)
    osRtxKernelPreInit                       0x00000db1   Thumb Code     2  rtx_kernel.o(.text.osRtxKernelPreInit)
    osRtxMemoryAlloc                         0x00000db3   Thumb Code   124  rtx_memory.o(.text.osRtxMemoryAlloc)
    osRtxMemoryFree                          0x00000e2f   Thumb Code    78  rtx_memory.o(.text.osRtxMemoryFree)
    osRtxMemoryInit                          0x00000e7d   Thumb Code    50  rtx_memory.o(.text.osRtxMemoryInit)
    osRtxMemoryPoolAlloc                     0x00000eaf   Thumb Code    46  rtx_mempool.o(.text.osRtxMemoryPoolAlloc)
    osRtxMemoryPoolFree                      0x00000edd   Thumb Code    58  rtx_mempool.o(.text.osRtxMemoryPoolFree)
    osRtxMemoryPoolInit                      0x00000f17   Thumb Code    62  rtx_mempool.o(.text.osRtxMemoryPoolInit)
    osRtxMutexOwnerRelease                   0x00001011   Thumb Code    68  rtx_mutex.o(.text.osRtxMutexOwnerRelease)
    osRtxPendSV_Handler                      0x00001055   Thumb Code   128  rtx_system.o(.text.osRtxPendSV_Handler)
    osRtxPostProcess                         0x000010d5   Thumb Code   108  rtx_system.o(.text.osRtxPostProcess)
    osRtxThreadDelayTick                     0x00001261   Thumb Code    56  rtx_thread.o(.text.osRtxThreadDelayTick)
    osRtxThreadDispatch                      0x00001299   Thumb Code    80  rtx_thread.o(.text.osRtxThreadDispatch)
    osRtxThreadListGet                       0x0000133d   Thumb Code    20  rtx_thread.o(.text.osRtxThreadListGet)
    osRtxThreadListPut                       0x00001351   Thumb Code    44  rtx_thread.o(.text.osRtxThreadListPut)
    osRtxThreadListRemove                    0x0000137d   Thumb Code    24  rtx_thread.o(.text.osRtxThreadListRemove)
    osRtxThreadListSort                      0x00001395   Thumb Code    38  rtx_thread.o(.text.osRtxThreadListSort)
    osRtxThreadReadyPut                      0x000013e1   Thumb Code    24  rtx_thread.o(.text.osRtxThreadReadyPut)
    osRtxThreadRegPtr                        0x000013f9   Thumb Code     6  rtx_thread.o(.text.osRtxThreadRegPtr)
    osRtxThreadStackCheck                    0x00001401   Thumb Code    44  rtx_thread.o(.text.osRtxThreadStackCheck)
    osRtxThreadStartup                       0x0000142d   Thumb Code    64  rtx_thread.o(.text.osRtxThreadStartup)
    osRtxThreadSwitch                        0x0000146d   Thumb Code    20  rtx_thread.o(.text.osRtxThreadSwitch)
    osRtxThreadWaitEnter                     0x00001481   Thumb Code    60  rtx_thread.o(.text.osRtxThreadWaitEnter)
    osRtxThreadWaitExit                      0x000014bd   Thumb Code    34  rtx_thread.o(.text.osRtxThreadWaitExit)
    osRtxTick_Handler                        0x000014e1   Thumb Code   116  rtx_system.o(.text.osRtxTick_Handler)
    osRtxTimerThread                         0x00001555   Thumb Code    60  rtx_timer.o(.text.osRtxTimerThread)
    osSemaphoreAcquire                       0x000015f1   Thumb Code    68  rtx_semaphore.o(.text.osSemaphoreAcquire)
    osSemaphoreNew                           0x00001635   Thumb Code    36  rtx_semaphore.o(.text.osSemaphoreNew)
    osSemaphoreRelease                       0x00001659   Thumb Code    76  rtx_semaphore.o(.text.osSemaphoreRelease)
    osThreadExit                             0x000016a5   Thumb Code    12  rtx_thread.o(.text.osThreadExit)
    osThreadNew                              0x000016b1   Thumb Code    36  rtx_thread.o(.text.osThreadNew)
    SystemCoreClockUpdate                    0x00002311   Thumb Code   372  system_mkl25z4.o(i.SystemCoreClockUpdate)
    SystemInit                               0x000024a1   Thumb Code     8  system_mkl25z4.o(i.SystemInit)
    TPM0_IRQHandler                          0x000024ad   Thumb Code   182  main.o(i.TPM0_IRQHandler)
    UART2_IRQHandler                         0x00002581   Thumb Code    38  main.o(i.UART2_IRQHandler)
    __ARM_common_switch8                     0x000025b5   Thumb Code    28  pwm.o(i.__ARM_common_switch8)
    _mutex_acquire                           0x00002661   Thumb Code    24  rtx_lib.o(i._mutex_acquire)
    _mutex_free                              0x00002679   Thumb Code    12  rtx_lib.o(i._mutex_free)
    _mutex_initialize                        0x00002685   Thumb Code    36  rtx_lib.o(i._mutex_initialize)
    _mutex_release                           0x000026a9   Thumb Code    20  rtx_lib.o(i._mutex_release)
    _platform_post_stackheap_init            0x000026bd   Thumb Code     8  rtx_lib.o(i._platform_post_stackheap_init)
    audio_thread                             0x000026c5   Thumb Code   168  main.o(i.audio_thread)
    auto_drive_thread                        0x00002781   Thumb Code   144  main.o(i.auto_drive_thread)
    brain_thread                             0x0000281d   Thumb Code   136  main.o(i.brain_thread)
    enableTPM                                0x000028b9   Thumb Code    66  pwm.o(i.enableTPM)
    flash_back                               0x00002901   Thumb Code   116  main.o(i.flash_back)
    flash_front                              0x00002981   Thumb Code    90  main.o(i.flash_front)
    getGPIO                                  0x000029e9   Thumb Code    52  gpio.o(i.getGPIO)
    iniAudio                                 0x00002a35   Thumb Code   148  audio.o(i.iniAudio)
    initChannel                              0x00002ad9   Thumb Code   316  pwm.o(i.initChannel)
    initGPIO                                 0x00002c21   Thumb Code    58  gpio.o(i.initGPIO)
    initLED                                  0x00002c5b   Thumb Code    32  main.o(i.initLED)
    initMotor                                0x00002c7d   Thumb Code    82  motor.o(i.initMotor)
    initPWM                                  0x00002cd9   Thumb Code    56  pwm.o(i.initPWM)
    initPort                                 0x00002d11   Thumb Code    36  pwm.o(i.initPort)
    initTimer                                0x00002d35   Thumb Code   144  pwm.o(i.initTimer)
    initUART2                                0x00002dd5   Thumb Code   184  uart.o(i.initUART2)
    lightUpALL                               0x00002ea1   Thumb Code    32  main.o(i.lightUpALL)
    main                                     0x00002ec1   Thumb Code   274  main.o(i.main)
    motor_thread                             0x00003011   Thumb Code   104  main.o(i.motor_thread)
    moving_backward                          0x00003085   Thumb Code    48  motor.o(i.moving_backward)
    moving_forward                           0x000030b9   Thumb Code    48  motor.o(i.moving_forward)
    moving_left                              0x000030ed   Thumb Code    48  motor.o(i.moving_left)
    moving_left_backward                     0x00003121   Thumb Code    48  motor.o(i.moving_left_backward)
    moving_left_forward                      0x00003159   Thumb Code    48  motor.o(i.moving_left_forward)
    moving_right                             0x00003191   Thumb Code    48  motor.o(i.moving_right)
    moving_right_backward                    0x000031c5   Thumb Code    48  motor.o(i.moving_right_backward)
    moving_right_forward                     0x000031fd   Thumb Code    48  motor.o(i.moving_right_forward)
    offLED                                   0x00003235   Thumb Code    32  main.o(i.offLED)
    osRtxErrorNotify                         0x00003255   Thumb Code    32  rtx_config.o(i.osRtxErrorNotify)
    osRtxIdleThread                          0x00003275   Thumb Code     4  rtx_config.o(i.osRtxIdleThread)
    setPin                                   0x0000329d   Thumb Code    44  gpio.o(i.setPin)
    set_clock_source                         0x000032c9   Thumb Code    30  pwm.o(i.set_clock_source)
    set_duty_cycle                           0x000032ed   Thumb Code   116  pwm.o(i.set_duty_cycle)
    stop                                     0x0000336d   Thumb Code    44  motor.o(i.stop)
    __I$use$fp                               0x00003398   Number         0  usenofp.o(x$fpl$usenofp)
    osRtxUserSVC                             0x000033f8   Data           4  rtx_lib.o(.constdata)
    irqRtxLib                                0x000033fc   Data           1  irq_cm0.o(.constdata)
    osRtxConfig                              0x00003400   Data         104  rtx_lib.o(.rodata)
    os_cb_sections                           0x00003468   Data          56  rtx_lib.o(.rodata)
    Region$$Table$$Base                      0x000034ac   Number         0  anon$$obj.o(Region$$Table)
    Region$$Table$$Limit                     0x000034cc   Number         0  anon$$obj.o(Region$$Table)
    .bss.os.msgqueue.cb$$Base                0x20000040   Number         0  rtx_lib.o(.bss.os.msgqueue.cb)
    .bss.os.msgqueue.cb$$Limit               0x20000074   Number         0  rtx_lib.o(.bss.os.msgqueue.cb)
    .bss.os.thread.cb$$Base                  0x200000c4   Number         0  rtx_lib.o(.bss.os.thread.cb)
    .bss.os.thread.cb$$Limit                 0x2000014c   Number         0  rtx_lib.o(.bss.os.thread.cb)
    musical_notes                            0x20000350   Data         168  main.o(.data)
    musical_end                              0x200003f8   Data          56  main.o(.data)
    receive_data                             0x20000430   Data           4  main.o(.data)
    moving                                   0x20000434   Data           4  main.o(.data)
    autoDriving                              0x20000438   Data           4  main.o(.data)
    end                                      0x2000043c   Data           4  main.o(.data)
    brainSem                                 0x20000440   Data           4  main.o(.data)
    ultrasonicRising                         0x20000444   Data           4  main.o(.data)
    ultrasonicReading                        0x20000448   Data           4  main.o(.data)
    pinE                                     0x2000044c   Data          32  main.o(.data)
    pinC                                     0x2000046c   Data          32  main.o(.data)
    motorMsg                                 0x2000048c   Data           4  main.o(.data)
    audioMsg                                 0x20000490   Data           4  main.o(.data)
    LEDMsg                                   0x20000494   Data           4  main.o(.data)
    autoStop                                 0x20000498   Data           4  main.o(.data)
    drivingMode                              0x2000049c   Data           4  main.o(.data)
    duty_cycle                               0x200004a0   Data           4  motor.o(.data)
    duty_cycle_turning                       0x200004a4   Data           4  motor.o(.data)
    moving_while_turning                     0x200004a8   Data           4  motor.o(.data)
    irqRtxLibRef                             0x200004ac   Data           4  rtx_lib.o(.data)
    SystemCoreClock                          0x200004b4   Data           4  system_mkl25z4.o(.data)
    osRtxInfo                                0x200004b8   Data         164  rtx_kernel.o(.data.os)
    __libspace_start                         0x2000055c   Data          96  libspace.o(.bss)
    __temporary_stack_top$libspace           0x200005bc   Data           0  libspace.o(.bss)



==============================================================================

Memory Map of the image

  Image Entry point : 0x00000189

  Load Region LR_1 (Base: 0x00000000, Size: 0x00004a28, Max: 0xffffffff, ABSOLUTE, COMPRESSED[0x0000355c])

    Execution Region ER_RO (Exec base: 0x00000000, Load base: 0x00000000, Size: 0x000034cc, Max: 0xffffffff, ABSOLUTE)

    Exec Addr    Load Addr    Size         Type   Attr      Idx    E Section Name        Object

    0x00000000   0x00000000   0x000000c0   Data   RO          551    RESET               startup_mkl25z4.o
    0x000000c0   0x000000c0   0x00000008   Code   RO         1149  * !!!main             c_p.l(__main.o)
    0x000000c8   0x000000c8   0x0000003c   Code   RO         1325    !!!scatter          c_p.l(__scatter.o)
    0x00000104   0x00000104   0x0000001c   Code   RO         1327    !!handler_zi        c_p.l(__scatter_zi.o)
    0x00000120   0x00000120   0x00000002   Code   RO         1192    .ARM.Collect$$libinit$$00000000  c_p.l(libinit.o)
    0x00000122   0x00000122   0x00000000   Code   RO         1206    .ARM.Collect$$libinit$$00000002  c_p.l(libinit2.o)
    0x00000122   0x00000122   0x00000000   Code   RO         1208    .ARM.Collect$$libinit$$00000004  c_p.l(libinit2.o)
    0x00000122   0x00000122   0x00000000   Code   RO         1211    .ARM.Collect$$libinit$$0000000A  c_p.l(libinit2.o)
    0x00000122   0x00000122   0x00000000   Code   RO         1213    .ARM.Collect$$libinit$$0000000C  c_p.l(libinit2.o)
    0x00000122   0x00000122   0x00000000   Code   RO         1215    .ARM.Collect$$libinit$$0000000E  c_p.l(libinit2.o)
    0x00000122   0x00000122   0x00000000   Code   RO         1218    .ARM.Collect$$libinit$$00000011  c_p.l(libinit2.o)
    0x00000122   0x00000122   0x00000000   Code   RO         1220    .ARM.Collect$$libinit$$00000013  c_p.l(libinit2.o)
    0x00000122   0x00000122   0x00000000   Code   RO         1222    .ARM.Collect$$libinit$$00000015  c_p.l(libinit2.o)
    0x00000122   0x00000122   0x00000000   Code   RO         1224    .ARM.Collect$$libinit$$00000017  c_p.l(libinit2.o)
    0x00000122   0x00000122   0x00000000   Code   RO         1226    .ARM.Collect$$libinit$$00000019  c_p.l(libinit2.o)
    0x00000122   0x00000122   0x00000000   Code   RO         1228    .ARM.Collect$$libinit$$0000001B  c_p.l(libinit2.o)
    0x00000122   0x00000122   0x00000000   Code   RO         1230    .ARM.Collect$$libinit$$0000001D  c_p.l(libinit2.o)
    0x00000122   0x00000122   0x00000000   Code   RO         1232    .ARM.Collect$$libinit$$0000001F  c_p.l(libinit2.o)
    0x00000122   0x00000122   0x00000000   Code   RO         1234    .ARM.Collect$$libinit$$00000021  c_p.l(libinit2.o)
    0x00000122   0x00000122   0x00000000   Code   RO         1236    .ARM.Collect$$libinit$$00000023  c_p.l(libinit2.o)
    0x00000122   0x00000122   0x00000000   Code   RO         1238    .ARM.Collect$$libinit$$00000025  c_p.l(libinit2.o)
    0x00000122   0x00000122   0x00000000   Code   RO         1242    .ARM.Collect$$libinit$$0000002C  c_p.l(libinit2.o)
    0x00000122   0x00000122   0x00000000   Code   RO         1244    .ARM.Collect$$libinit$$0000002E  c_p.l(libinit2.o)
    0x00000122   0x00000122   0x00000000   Code   RO         1246    .ARM.Collect$$libinit$$00000030  c_p.l(libinit2.o)
    0x00000122   0x00000122   0x00000000   Code   RO         1248    .ARM.Collect$$libinit$$00000032  c_p.l(libinit2.o)
    0x00000122   0x00000122   0x00000002   Code   RO         1249    .ARM.Collect$$libinit$$00000033  c_p.l(libinit2.o)
    0x00000124   0x00000124   0x00000002   Code   RO         1280    .ARM.Collect$$libshutdown$$00000000  c_p.l(libshutdown.o)
    0x00000126   0x00000126   0x00000000   Code   RO         1306    .ARM.Collect$$libshutdown$$00000002  c_p.l(libshutdown2.o)
    0x00000126   0x00000126   0x00000000   Code   RO         1308    .ARM.Collect$$libshutdown$$00000004  c_p.l(libshutdown2.o)
    0x00000126   0x00000126   0x00000000   Code   RO         1311    .ARM.Collect$$libshutdown$$00000007  c_p.l(libshutdown2.o)
    0x00000126   0x00000126   0x00000000   Code   RO         1314    .ARM.Collect$$libshutdown$$0000000A  c_p.l(libshutdown2.o)
    0x00000126   0x00000126   0x00000000   Code   RO         1316    .ARM.Collect$$libshutdown$$0000000C  c_p.l(libshutdown2.o)
    0x00000126   0x00000126   0x00000000   Code   RO         1319    .ARM.Collect$$libshutdown$$0000000F  c_p.l(libshutdown2.o)
    0x00000126   0x00000126   0x00000002   Code   RO         1320    .ARM.Collect$$libshutdown$$00000010  c_p.l(libshutdown2.o)
    0x00000128   0x00000128   0x00000000   Code   RO         1157    .ARM.Collect$$rtentry$$00000000  c_p.l(__rtentry.o)
    0x00000128   0x00000128   0x00000000   Code   RO         1164    .ARM.Collect$$rtentry$$00000002  c_p.l(__rtentry2.o)
    0x00000128   0x00000128   0x00000006   Code   RO         1176    .ARM.Collect$$rtentry$$00000004  c_p.l(__rtentry4.o)
    0x0000012e   0x0000012e   0x00000008   Code   RO         1165    .ARM.Collect$$rtentry$$00000008  c_p.l(__rtentry2.o)
    0x00000136   0x00000136   0x00000004   Code   RO         1167    .ARM.Collect$$rtentry$$0000000A  c_p.l(__rtentry2.o)
    0x0000013a   0x0000013a   0x00000000   Code   RO         1169    .ARM.Collect$$rtentry$$0000000C  c_p.l(__rtentry2.o)
    0x0000013a   0x0000013a   0x00000008   Code   RO         1170    .ARM.Collect$$rtentry$$0000000D  c_p.l(__rtentry2.o)
    0x00000142   0x00000142   0x00000002   Code   RO         1197    .ARM.Collect$$rtexit$$00000000  c_p.l(rtexit.o)
    0x00000144   0x00000144   0x00000000   Code   RO         1253    .ARM.Collect$$rtexit$$00000002  c_p.l(rtexit2.o)
    0x00000144   0x00000144   0x00000004   Code   RO         1254    .ARM.Collect$$rtexit$$00000003  c_p.l(rtexit2.o)
    0x00000148   0x00000148   0x00000006   Code   RO         1255    .ARM.Collect$$rtexit$$00000004  c_p.l(rtexit2.o)
    0x0000014e   0x0000014e   0x00000002   PAD
    0x00000150   0x00000150   0x00000038   Code   RO         1137    .emb_text           c_p.l(rt_memcpy.o)
    0x00000188   0x00000188   0x00000040   Code   RO          553  * .text               startup_mkl25z4.o
    0x000001c8   0x000001c8   0x000000a4   Code   RO          979    .text               RTX_CM0.lib(irq_cm0.o)
    0x0000026c   0x0000026c   0x00000082   Code   RO         1138    .text               c_p.l(rt_memcpy.o)
    0x000002ee   0x000002ee   0x00000040   Code   RO         1141    .text               c_p.l(rt_memclr.o)
    0x0000032e   0x0000032e   0x00000006   Code   RO         1147    .text               c_p.l(heapauxi.o)
    0x00000334   0x00000334   0x00000048   Code   RO         1151    .text               fz_ps.l(dfixui.o)
    0x0000037c   0x0000037c   0x00000058   Code   RO         1153    .text               fz_ps.l(dflti.o)
    0x000003d4   0x000003d4   0x00000010   Code   RO         1183    .text               c_p.l(exit.o)
    0x000003e4   0x000003e4   0x00000008   Code   RO         1193    .text               c_p.l(libspace.o)
    0x000003ec   0x000003ec   0x0000000c   Code   RO         1250    .text               c_p.l(sys_exit.o)
    0x000003f8   0x000003f8   0x00000002   Code   RO         1269    .text               c_p.l(use_no_semi.o)
    0x000003fa   0x000003fa   0x00000000   Code   RO         1271    .text               c_p.l(indicate_semi.o)
    0x000003fa   0x000003fa   0x00000006   Code   RO         1116    .text.OS_Tick_GetIRQn  RTX_CM0.lib(os_systick.o)
    0x00000400   0x00000400   0x00000010   Code   RO          552    .ARM.__at_0x400     startup_mkl25z4.o
    0x00000410   0x00000410   0x0000015a   Code   RO         1143    .text               c_p.l(aeabi_sdiv.o)
    0x0000056a   0x0000056a   0x00000002   PAD
    0x0000056c   0x0000056c   0x00000248   Code   RO         1155    .text               fz_ps.l(dmul.o)
    0x000007b4   0x000007b4   0x0000003e   Code   RO         1180    .text               c_p.l(sys_stackheap_outer.o)
    0x000007f2   0x000007f2   0x00000056   Code   RO         1323    .text               c_p.l(__dczerorl2.o)
    0x00000848   0x00000848   0x0000004e   Code   RO          829    .text.EventFlagsCheck  RTX_CM0.lib(rtx_evflags.o)
    0x00000896   0x00000896   0x0000004c   Code   RO          962    .text.MessageQueueGet  RTX_CM0.lib(rtx_msgqueue.o)
    0x000008e2   0x000008e2   0x00000062   Code   RO          956    .text.MessageQueuePut  RTX_CM0.lib(rtx_msgqueue.o)
    0x00000944   0x00000944   0x0000001e   Code   RO          954    .text.MessageQueueRemove  RTX_CM0.lib(rtx_msgqueue.o)
    0x00000962   0x00000962   0x00000002   PAD
    0x00000964   0x00000964   0x0000000c   Code   RO         1114    .text.OS_Tick_AcknowledgeIRQ  RTX_CM0.lib(os_systick.o)
    0x00000970   0x00000970   0x0000002c   Code   RO         1110    .text.OS_Tick_Enable  RTX_CM0.lib(os_systick.o)
    0x0000099c   0x0000099c   0x0000004c   Code   RO         1108    .text.OS_Tick_Setup  RTX_CM0.lib(os_systick.o)
    0x000009e8   0x000009e8   0x00000024   Code   RO          901    .text.SemaphoreTokenDecrement  RTX_CM0.lib(rtx_semaphore.o)
    0x00000a0c   0x00000a0c   0x00000026   Code   RO          907    .text.SemaphoreTokenIncrement  RTX_CM0.lib(rtx_semaphore.o)
    0x00000a32   0x00000a32   0x0000004e   Code   RO          737    .text.ThreadFlagsCheck  RTX_CM0.lib(rtx_thread.o)
    0x00000a80   0x00000a80   0x0000004c   Code   RO         1000    .text.TimerInsert   RTX_CM0.lib(rtx_timer.o)
    0x00000acc   0x00000acc   0x00000028   Code   RO          790    .text.osDelay       RTX_CM0.lib(rtx_delay.o)
    0x00000af4   0x00000af4   0x00000050   Code   RO          811    .text.osEventFlagsSet  RTX_CM0.lib(rtx_evflags.o)
    0x00000b44   0x00000b44   0x00000044   Code   RO          821    .text.osEventFlagsWait  RTX_CM0.lib(rtx_evflags.o)
    0x00000b88   0x00000b88   0x00000030   Code   RO          600    .text.osKernelGetState  RTX_CM0.lib(rtx_kernel.o)
    0x00000bb8   0x00000bb8   0x00000028   Code   RO          594    .text.osKernelInitialize  RTX_CM0.lib(rtx_kernel.o)
    0x00000be0   0x00000be0   0x00000024   Code   RO          604    .text.osKernelStart  RTX_CM0.lib(rtx_kernel.o)
    0x00000c04   0x00000c04   0x00000074   Code   RO          928    .text.osMessageQueueGet  RTX_CM0.lib(rtx_msgqueue.o)
    0x00000c78   0x00000c78   0x00000024   Code   RO          922    .text.osMessageQueueNew  RTX_CM0.lib(rtx_msgqueue.o)
    0x00000c9c   0x00000c9c   0x00000078   Code   RO          926    .text.osMessageQueuePut  RTX_CM0.lib(rtx_msgqueue.o)
    0x00000d14   0x00000d14   0x00000028   Code   RO          854    .text.osMutexAcquire  RTX_CM0.lib(rtx_mutex.o)
    0x00000d3c   0x00000d3c   0x00000028   Code   RO          860    .text.osMutexDelete  RTX_CM0.lib(rtx_mutex.o)
    0x00000d64   0x00000d64   0x00000024   Code   RO          850    .text.osMutexNew    RTX_CM0.lib(rtx_mutex.o)
    0x00000d88   0x00000d88   0x00000028   Code   RO          856    .text.osMutexRelease  RTX_CM0.lib(rtx_mutex.o)
    0x00000db0   0x00000db0   0x00000002   Code   RO          592    .text.osRtxKernelPreInit  RTX_CM0.lib(rtx_kernel.o)
    0x00000db2   0x00000db2   0x0000007c   Code   RO         1027    .text.osRtxMemoryAlloc  RTX_CM0.lib(rtx_memory.o)
    0x00000e2e   0x00000e2e   0x0000004e   Code   RO         1029    .text.osRtxMemoryFree  RTX_CM0.lib(rtx_memory.o)
    0x00000e7c   0x00000e7c   0x00000032   Code   RO         1025    .text.osRtxMemoryInit  RTX_CM0.lib(rtx_memory.o)
    0x00000eae   0x00000eae   0x0000002e   Code   RO         1042    .text.osRtxMemoryPoolAlloc  RTX_CM0.lib(rtx_mempool.o)
    0x00000edc   0x00000edc   0x0000003a   Code   RO         1044    .text.osRtxMemoryPoolFree  RTX_CM0.lib(rtx_mempool.o)
    0x00000f16   0x00000f16   0x0000003e   Code   RO         1040    .text.osRtxMemoryPoolInit  RTX_CM0.lib(rtx_mempool.o)
    0x00000f54   0x00000f54   0x000000bc   Code   RO          952    .text.osRtxMessageQueuePostProcess  RTX_CM0.lib(rtx_msgqueue.o)
    0x00001010   0x00001010   0x00000044   Code   RO          848    .text.osRtxMutexOwnerRelease  RTX_CM0.lib(rtx_mutex.o)
    0x00001054   0x00001054   0x00000080   Code   RO         1095    .text.osRtxPendSV_Handler  RTX_CM0.lib(rtx_system.o)
    0x000010d4   0x000010d4   0x0000006c   Code   RO         1097    .text.osRtxPostProcess  RTX_CM0.lib(rtx_system.o)
    0x00001140   0x00001140   0x00000024   Code   RO          899    .text.osRtxSemaphorePostProcess  RTX_CM0.lib(rtx_semaphore.o)
    0x00001164   0x00001164   0x00000038   Code   RO          677    .text.osRtxThreadBlock  RTX_CM0.lib(rtx_thread.o)
    0x0000119c   0x0000119c   0x00000080   Code   RO          685    .text.osRtxThreadDelayInsert  RTX_CM0.lib(rtx_thread.o)
    0x0000121c   0x0000121c   0x00000044   Code   RO          681    .text.osRtxThreadDelayRemove  RTX_CM0.lib(rtx_thread.o)
    0x00001260   0x00001260   0x00000038   Code   RO          667    .text.osRtxThreadDelayTick  RTX_CM0.lib(rtx_thread.o)
    0x00001298   0x00001298   0x00000050   Code   RO          675    .text.osRtxThreadDispatch  RTX_CM0.lib(rtx_thread.o)
    0x000012e8   0x000012e8   0x00000054   Code   RO          761    .text.osRtxThreadFree  RTX_CM0.lib(rtx_thread.o)
    0x0000133c   0x0000133c   0x00000014   Code   RO          659    .text.osRtxThreadListGet  RTX_CM0.lib(rtx_thread.o)
    0x00001350   0x00001350   0x0000002c   Code   RO          657    .text.osRtxThreadListPut  RTX_CM0.lib(rtx_thread.o)
    0x0000137c   0x0000137c   0x00000018   Code   RO          663    .text.osRtxThreadListRemove  RTX_CM0.lib(rtx_thread.o)
    0x00001394   0x00001394   0x00000026   Code   RO          661    .text.osRtxThreadListSort  RTX_CM0.lib(rtx_thread.o)
    0x000013ba   0x000013ba   0x00000026   Code   RO          735    .text.osRtxThreadPostProcess  RTX_CM0.lib(rtx_thread.o)
    0x000013e0   0x000013e0   0x00000018   Code   RO          665    .text.osRtxThreadReadyPut  RTX_CM0.lib(rtx_thread.o)
    0x000013f8   0x000013f8   0x00000006   Code   RO          669    .text.osRtxThreadRegPtr  RTX_CM0.lib(rtx_thread.o)
    0x000013fe   0x000013fe   0x00000002   PAD
    0x00001400   0x00001400   0x0000002c   Code   RO          673    .text.osRtxThreadStackCheck  RTX_CM0.lib(rtx_thread.o)
    0x0000142c   0x0000142c   0x00000040   Code   RO          687    .text.osRtxThreadStartup  RTX_CM0.lib(rtx_thread.o)
    0x0000146c   0x0000146c   0x00000014   Code   RO          671    .text.osRtxThreadSwitch  RTX_CM0.lib(rtx_thread.o)
    0x00001480   0x00001480   0x0000003c   Code   RO          683    .text.osRtxThreadWaitEnter  RTX_CM0.lib(rtx_thread.o)
    0x000014bc   0x000014bc   0x00000022   Code   RO          679    .text.osRtxThreadWaitExit  RTX_CM0.lib(rtx_thread.o)
    0x000014de   0x000014de   0x00000002   PAD
    0x000014e0   0x000014e0   0x00000074   Code   RO         1093    .text.osRtxTick_Handler  RTX_CM0.lib(rtx_system.o)
    0x00001554   0x00001554   0x0000003c   Code   RO          984    .text.osRtxTimerThread  RTX_CM0.lib(rtx_timer.o)
    0x00001590   0x00001590   0x00000060   Code   RO          986    .text.osRtxTimerTick  RTX_CM0.lib(rtx_timer.o)
    0x000015f0   0x000015f0   0x00000044   Code   RO          887    .text.osSemaphoreAcquire  RTX_CM0.lib(rtx_semaphore.o)
    0x00001634   0x00001634   0x00000024   Code   RO          883    .text.osSemaphoreNew  RTX_CM0.lib(rtx_semaphore.o)
    0x00001658   0x00001658   0x0000004c   Code   RO          889    .text.osSemaphoreRelease  RTX_CM0.lib(rtx_semaphore.o)
    0x000016a4   0x000016a4   0x0000000c   Code   RO          719    .text.osThreadExit  RTX_CM0.lib(rtx_thread.o)
    0x000016b0   0x000016b0   0x00000024   Code   RO          691    .text.osThreadNew   RTX_CM0.lib(rtx_thread.o)
    0x000016d4   0x000016d4   0x00000012   Code   RO          794    .text.svcRtxDelay   RTX_CM0.lib(rtx_delay.o)
    0x000016e6   0x000016e6   0x0000007c   Code   RO          833    .text.svcRtxEventFlagsSet  RTX_CM0.lib(rtx_evflags.o)
    0x00001762   0x00001762   0x00000002   PAD
    0x00001764   0x00001764   0x00000064   Code   RO          835    .text.svcRtxEventFlagsWait  RTX_CM0.lib(rtx_evflags.o)
    0x000017c8   0x000017c8   0x0000000c   Code   RO          602    .text.svcRtxKernelGetState  RTX_CM0.lib(rtx_kernel.o)
    0x000017d4   0x000017d4   0x00000148   Code   RO          632    .text.svcRtxKernelInitialize  RTX_CM0.lib(rtx_kernel.o)
    0x0000191c   0x0000191c   0x00000084   Code   RO          634    .text.svcRtxKernelStart  RTX_CM0.lib(rtx_kernel.o)
    0x000019a0   0x000019a0   0x000000e8   Code   RO          964    .text.svcRtxMessageQueueGet  RTX_CM0.lib(rtx_msgqueue.o)
    0x00001a88   0x00001a88   0x000001e4   Code   RO          950    .text.svcRtxMessageQueueNew  RTX_CM0.lib(rtx_msgqueue.o)
    0x00001c6c   0x00001c6c   0x000000bc   Code   RO          960    .text.svcRtxMessageQueuePut  RTX_CM0.lib(rtx_msgqueue.o)
    0x00001d28   0x00001d28   0x00000098   Code   RO          866    .text.svcRtxMutexAcquire  RTX_CM0.lib(rtx_mutex.o)
    0x00001dc0   0x00001dc0   0x000000bc   Code   RO          872    .text.svcRtxMutexDelete  RTX_CM0.lib(rtx_mutex.o)
    0x00001e7c   0x00001e7c   0x00000070   Code   RO          862    .text.svcRtxMutexNew  RTX_CM0.lib(rtx_mutex.o)
    0x00001eec   0x00001eec   0x000000c0   Code   RO          868    .text.svcRtxMutexRelease  RTX_CM0.lib(rtx_mutex.o)
    0x00001fac   0x00001fac   0x0000004c   Code   RO          905    .text.svcRtxSemaphoreAcquire  RTX_CM0.lib(rtx_semaphore.o)
    0x00001ff8   0x00001ff8   0x00000088   Code   RO          897    .text.svcRtxSemaphoreNew  RTX_CM0.lib(rtx_semaphore.o)
    0x00002080   0x00002080   0x00000038   Code   RO          909    .text.svcRtxSemaphoreRelease  RTX_CM0.lib(rtx_semaphore.o)
    0x000020b8   0x000020b8   0x0000006c   Code   RO          765    .text.svcRtxThreadExit  RTX_CM0.lib(rtx_thread.o)
    0x00002124   0x00002124   0x000001ec   Code   RO          689    .text.svcRtxThreadNew  RTX_CM0.lib(rtx_thread.o)
    0x00002310   0x00002310   0x00000190   Code   RO          561    i.SystemCoreClockUpdate  system_mkl25z4.o
    0x000024a0   0x000024a0   0x0000000c   Code   RO          562    i.SystemInit        system_mkl25z4.o
    0x000024ac   0x000024ac   0x000000d4   Code   RO          174    i.TPM0_IRQHandler   main.o
    0x00002580   0x00002580   0x00000034   Code   RO          175    i.UART2_IRQHandler  main.o
    0x000025b4   0x000025b4   0x0000001c   Code   RO          139    i.__ARM_common_switch8  pwm.o
    0x000025d0   0x000025d0   0x00000018   Code   RO          176    i.__NVIC_ClearPendingIRQ  main.o
    0x000025e8   0x000025e8   0x00000078   Code   RO          146    i.__NVIC_SetPriority  uart.o
    0x00002660   0x00002660   0x00000018   Code   RO          446    i._mutex_acquire    rtx_lib.o
    0x00002678   0x00002678   0x0000000c   Code   RO          447    i._mutex_free       rtx_lib.o
    0x00002684   0x00002684   0x00000024   Code   RO          448    i._mutex_initialize  rtx_lib.o
    0x000026a8   0x000026a8   0x00000014   Code   RO          449    i._mutex_release    rtx_lib.o
    0x000026bc   0x000026bc   0x00000008   Code   RO          450    i._platform_post_stackheap_init  rtx_lib.o
    0x000026c4   0x000026c4   0x000000bc   Code   RO          177    i.audio_thread      main.o
    0x00002780   0x00002780   0x0000009c   Code   RO          178    i.auto_drive_thread  main.o
    0x0000281c   0x0000281c   0x0000009c   Code   RO          179    i.brain_thread      main.o
    0x000028b8   0x000028b8   0x00000048   Code   RO           88    i.enableTPM         pwm.o
    0x00002900   0x00002900   0x00000080   Code   RO          180    i.flash_back        main.o
    0x00002980   0x00002980   0x00000068   Code   RO          181    i.flash_front       main.o
    0x000029e8   0x000029e8   0x0000004c   Code   RO           48    i.getGPIO           gpio.o
    0x00002a34   0x00002a34   0x000000a4   Code   RO          419    i.iniAudio          audio.o
    0x00002ad8   0x00002ad8   0x00000148   Code   RO           89    i.initChannel       pwm.o
    0x00002c20   0x00002c20   0x0000003a   Code   RO           49    i.initGPIO          gpio.o
    0x00002c5a   0x00002c5a   0x00000020   Code   RO          182    i.initLED           main.o
    0x00002c7a   0x00002c7a   0x00000002   PAD
    0x00002c7c   0x00002c7c   0x0000005c   Code   RO          299    i.initMotor         motor.o
    0x00002cd8   0x00002cd8   0x00000038   Code   RO           90    i.initPWM           pwm.o
    0x00002d10   0x00002d10   0x00000024   Code   RO           91    i.initPort          pwm.o
    0x00002d34   0x00002d34   0x000000a0   Code   RO           92    i.initTimer         pwm.o
    0x00002dd4   0x00002dd4   0x000000cc   Code   RO          147    i.initUART2         uart.o
    0x00002ea0   0x00002ea0   0x00000020   Code   RO          183    i.lightUpALL        main.o
    0x00002ec0   0x00002ec0   0x00000150   Code   RO          184    i.main              main.o
    0x00003010   0x00003010   0x00000074   Code   RO          185    i.motor_thread      main.o
    0x00003084   0x00003084   0x00000034   Code   RO          300    i.moving_backward   motor.o
    0x000030b8   0x000030b8   0x00000034   Code   RO          301    i.moving_forward    motor.o
    0x000030ec   0x000030ec   0x00000034   Code   RO          302    i.moving_left       motor.o
    0x00003120   0x00003120   0x00000038   Code   RO          303    i.moving_left_backward  motor.o
    0x00003158   0x00003158   0x00000038   Code   RO          304    i.moving_left_forward  motor.o
    0x00003190   0x00003190   0x00000034   Code   RO          305    i.moving_right      motor.o
    0x000031c4   0x000031c4   0x00000038   Code   RO          306    i.moving_right_backward  motor.o
    0x000031fc   0x000031fc   0x00000038   Code   RO          307    i.moving_right_forward  motor.o
    0x00003234   0x00003234   0x00000020   Code   RO          186    i.offLED            main.o
    0x00003254   0x00003254   0x00000020   Code   RO          525    i.osRtxErrorNotify  rtx_config.o
    0x00003274   0x00003274   0x00000004   Code   RO          526    i.osRtxIdleThread   rtx_config.o
    0x00003278   0x00003278   0x00000024   Code   RO          451    i.os_kernel_is_active  rtx_lib.o
    0x0000329c   0x0000329c   0x0000002c   Code   RO           50    i.setPin            gpio.o
    0x000032c8   0x000032c8   0x00000024   Code   RO           93    i.set_clock_source  pwm.o
    0x000032ec   0x000032ec   0x00000080   Code   RO           94    i.set_duty_cycle    pwm.o
    0x0000336c   0x0000336c   0x0000002c   Code   RO          308    i.stop              motor.o
    0x00003398   0x00003398   0x00000000   Code   RO         1162    x$fpl$usenofp       fz_ps.l(usenofp.o)
    0x00003398   0x00003398   0x00000064   Data   RO          458    .constdata          rtx_lib.o
    0x000033fc   0x000033fc   0x00000001   Data   RO          978    .constdata          RTX_CM0.lib(irq_cm0.o)
    0x000033fd   0x000033fd   0x00000003   PAD
    0x00003400   0x00003400   0x000000a0   Data   RO          460    .rodata             rtx_lib.o
    0x000034a0   0x000034a0   0x0000000b   Data   RO          646    .rodata.str1.4      RTX_CM0.lib(rtx_kernel.o)
    0x000034ab   0x000034ab   0x00000001   PAD
    0x000034ac   0x000034ac   0x00000020   Data   RO         1321    Region$$Table       anon$$obj.o


    Execution Region ER_RW (Exec base: 0x1ffff000, Load base: 0x000034cc, Size: 0x0000155c, Max: 0xffffffff, ABSOLUTE, COMPRESSED[0x00000090])

    Exec Addr    Load Addr    Size         Type   Attr      Idx    E Section Name        Object

    0x1ffff000   COMPRESSED   0x00001040   Data   RW          452    .bss.os             rtx_lib.o
    0x20000040   COMPRESSED   0x00000034   Data   RW          454    .bss.os.msgqueue.cb  rtx_lib.o
    0x20000074   COMPRESSED   0x00000050   Data   RW          455    .bss.os.msgqueue.mem  rtx_lib.o
    0x200000c4   COMPRESSED   0x00000088   Data   RW          456    .bss.os.thread.cb   rtx_lib.o
    0x2000014c   COMPRESSED   0x00000004   PAD
    0x20000150   COMPRESSED   0x00000200   Data   RW          457    .bss.os.thread.stack  rtx_lib.o
    0x20000350   COMPRESSED   0x00000150   Data   RW          188    .data               main.o
    0x200004a0   COMPRESSED   0x0000000c   Data   RW          309    .data               motor.o
    0x200004ac   COMPRESSED   0x00000005   Data   RW          459    .data               rtx_lib.o
    0x200004b1   COMPRESSED   0x00000003   PAD
    0x200004b4   COMPRESSED   0x00000004   Data   RW          563    .data               system_mkl25z4.o
    0x200004b8   COMPRESSED   0x000000a4   Data   RW          647    .data.os            RTX_CM0.lib(rtx_kernel.o)


    Execution Region ER_ZI (Exec base: 0x2000055c, Load base: 0x0000355c, Size: 0x00000164, Max: 0xffffffff, ABSOLUTE)

    Exec Addr    Load Addr    Size         Type   Attr      Idx    E Section Name        Object

    0x2000055c        -       0x00000060   Zero   RW         1194    .bss                c_p.l(libspace.o)
    0x200005bc        -       0x00000001   Zero   RW         1126    .bss.PendST         RTX_CM0.lib(os_systick.o)
    0x200005bd   0x0000355c   0x00000003   PAD
    0x200005c0        -       0x00000000   Zero   RW          550    HEAP                startup_mkl25z4.o
    0x200005c0        -       0x00000100   Zero   RW          549    STACK               startup_mkl25z4.o


==============================================================================

Image component sizes


      Code (inc. data)   RO Data    RW Data    ZI Data      Debug   Object Name

       164         16          0          0          0        411   audio.o
         0          0          0          0          0     216080   common.o
       178         24          0          0          0       2034   gpio.o
      1568        222          0        336          0      20236   main.o
       568         58          0         12          0       4508   motor.o
       844         68          0          0          0       4267   pwm.o
        36          8          0          0          0        973   rtx_config.o
       136          6        260       4945          0      12806   rtx_lib.o
        80         44        192          0        256        892   startup_mkl25z4.o
       412         42          0          4          0       1519   system_mkl25z4.o
       324         30          0          0          0       9240   uart.o

    ----------------------------------------------------------------------
      4312        518        484       5304        256     272966   Object Totals
         0          0         32          0          0          0   (incl. Generated)
         2          0          0          7          0          0   (incl. Padding)

    ----------------------------------------------------------------------

      Code (inc. data)   RO Data    RW Data    ZI Data      Debug   Library Member Name

       164          8          1          0          0        496   irq_cm0.o
       138         32          0          0          1       2766   os_systick.o
        58          4          0          0          0       2753   rtx_delay.o
       450         12          0          0          0      12348   rtx_evflags.o
       598         48         11        164          0      16105   rtx_kernel.o
       252          0          0          0          0       2564   rtx_memory.o
       166          0          0          0          0      14282   rtx_mempool.o
      1568         44          0          0          0      17889   rtx_msgqueue.o
       868         32          0          0          0       9201   rtx_mutex.o
       558         28          0          0          0      10054   rtx_semaphore.o
       352         26          0          0          0       4635   rtx_system.o
      1614         96          0          0          0      30867   rtx_thread.o
       232         20          0          0          0      10018   rtx_timer.o
        86          0          0          0          0          0   __dczerorl2.o
         8          0          0          0          0         68   __main.o
         0          0          0          0          0          0   __rtentry.o
        20          0          0          0          0          0   __rtentry2.o
         6          0          0          0          0          0   __rtentry4.o
        60          8          0          0          0          0   __scatter.o
        28          0          0          0          0          0   __scatter_zi.o
       346          0          0          0          0         92   aeabi_sdiv.o
        16          0          0          0          0         68   exit.o
         6          0          0          0          0        136   heapauxi.o
         0          0          0          0          0          0   indicate_semi.o
         2          0          0          0          0          0   libinit.o
         2          0          0          0          0          0   libinit2.o
         2          0          0          0          0          0   libshutdown.o
         2          0          0          0          0          0   libshutdown2.o
         8          4          0          0         96         68   libspace.o
        64          0          0          0          0        108   rt_memclr.o
       186          0          0          0          0        144   rt_memcpy.o
         2          0          0          0          0          0   rtexit.o
        10          0          0          0          0          0   rtexit2.o
        12          4          0          0          0         60   sys_exit.o
        62          0          0          0          0         80   sys_stackheap_outer.o
         2          0          0          0          0         68   use_no_semi.o
        72          4          0          0          0         68   dfixui.o
        88          0          0          0          0         92   dflti.o
       584         26          0          0          0         84   dmul.o
         0          0          0          0          0          0   usenofp.o

    ----------------------------------------------------------------------
      8704        396         16        164        100     135114   Library Totals
        12          0          4          0          3          0   (incl. Padding)

    ----------------------------------------------------------------------

      Code (inc. data)   RO Data    RW Data    ZI Data      Debug   Library Name

      7018        350         12        164          1     133978   RTX_CM0.lib
       930         16          0          0         96        892   c_p.l
       744         30          0          0          0        244   fz_ps.l

    ----------------------------------------------------------------------
      8704        396         16        164        100     135114   Library Totals

    ----------------------------------------------------------------------

==============================================================================


      Code (inc. data)   RO Data    RW Data    ZI Data      Debug   

     13016        914        500       5468        356     405460   Grand Totals
     13016        914        500        144        356     405460   ELF Image Totals (compressed)
     13016        914        500        144          0          0   ROM Totals

==============================================================================

    Total RO  Size (Code + RO Data)                13516 (  13.20kB)
    Total RW  Size (RW Data + ZI Data)              5824 (   5.69kB)
    Total ROM Size (Code + RO Data + RW Data)      13660 (  13.34kB)

==============================================================================

